Microchip MPLAB XC8 Compiler V2.32

Linker command line:

-W-3 --edf=C:\Program Files\Microchip\xc8\v2.32\pic\dat\en_msgs.txt -cn \
  -h+dist/default/production\ALA.X.production.sym \
  --cmf=dist/default/production\ALA.X.production.cmf -z -Q16F18875 \
  -oC:\Users\str\AppData\Local\Temp\xcAs9s4.4 --defsym=__MPLAB_BUILD=1 \
  -Mdist/default/production/ALA.X.production.map -E1 -ver=XC8 Compiler \
  --acfsm=1493 -ASTACK=0212Eh-023EFh -pstack=STACK -ACODE=00h-07FFhx4 \
  -ASTRCODE=00h-01FFFh -ASTRING=00h-0FFhx32 -ACONST=00h-0FFhx32 \
  -AENTRY=00h-0FFhx32 -ACOMMON=070h-07Fh -ABANK0=020h-06Fh \
  -ABANK1=0A0h-0EFh -ABANK2=0120h-016Fh -ABANK3=01A0h-01EFh \
  -ABANK4=0220h-026Fh -ABANK5=02A0h-02EFh -ABANK6=0320h-036Fh \
  -ABANK7=03A0h-03EFh -ABANK8=0420h-046Fh -ABANK9=04A0h-04EFh \
  -ABANK10=0520h-056Fh -ABANK11=05A0h-05EFh -ABANK12=0620h-064Fh \
  -ABIGRAM=02000h-023EFh \
  -ARAM=020h-06Fh,0A0h-0EFh,0120h-016Fh,01A0h-01EFh,0220h-026Fh,02A0h-02EFh,0320h-036Fh,03A0h-03EFh,0420h-046Fh,04A0h-04EFh,0520h-056Fh,05A0h-05EFh,0620h-064Fh \
  -AABS1=020h-07Fh,0A0h-0EFh,0120h-016Fh,01A0h-01EFh,0220h-026Fh,02A0h-02EFh,0320h-036Fh,03A0h-03EFh,0420h-046Fh,04A0h-04EFh,0520h-056Fh,05A0h-05EFh,0620h-064Fh \
  -ASFR0=00h-01Fh -ASFR1=080h-09Fh -ASFR2=0100h-011Fh -ASFR3=0180h-019Fh \
  -ASFR4=0200h-021Fh -ASFR5=0280h-029Fh -ASFR6=0300h-031Fh \
  -ASFR7=0380h-039Fh -ASFR8=0400h-041Fh -ASFR9=0480h-049Fh \
  -ASFR10=0500h-051Fh -ASFR11=0580h-059Fh -ASFR12=0600h-061Fh \
  -ASFR13=0680h-06EFh -ASFR14=0700h-076Fh -ASFR15=0780h-07EFh \
  -ASFR16=0800h-086Fh -ASFR17=0880h-08EFh -ASFR18=0900h-096Fh \
  -ASFR19=0980h-09EFh -ASFR20=0A00h-0A6Fh -ASFR21=0A80h-0AEFh \
  -ASFR22=0B00h-0B6Fh -ASFR23=0B80h-0BEFh -ASFR24=0C00h-0C6Fh \
  -ASFR25=0C80h-0CEFh -ASFR26=0D00h-0D6Fh -ASFR27=0D80h-0DEFh \
  -ASFR28=0E00h-0E6Fh -ASFR29=0E80h-0EEFh -ASFR30=0F00h-0F6Fh \
  -ASFR31=0F80h-0FEFh -ACONFIG=08007h-0800Bh -DCONFIG=2 \
  -AIDLOC=08000h-08003h -DIDLOC=2 -AEEDATA=00h-0FFh/0F000h \
  -peeprom_data=EEDATA -DEEDATA=2 -DCODE=2 -DSTRCODE=2 -DSTRING=2 -DCONST=2 \
  -DENTRY=2 -preset_vec=00h,intentry=04h,init,end_init -ppowerup=CODE \
  -pcinit=CODE -pfunctab=ENTRY -k C:\Users\str\AppData\Local\Temp\xcAs9s4.o \
  dist/default/production\ALA.X.production.o 

Object code version is 3.11

Machine type is 16F18875



                Name                               Link     Load   Length Selector   Space Scale
C:\Users\str\AppData\Local\Temp\xcAs9s4.o
                end_init                             18       18        2        8       0
                reset_vec                             0        0        2        0       0
                config                             8007     8007        5        0       4
dist/default/production\ALA.X.production.o
                cinit                                1A       1A       1A        8       0
                intentry                              4        4       14        8       0
                config                             8007     8007        5        0       4
                text73                             1152     1152       12     22A4       0
                text72                             1178     1178       16     22F0       0
                text71                             1120     1120       10     2240       0
                text70                             104E     104E        3     209C       0
                text69                             1057     1057        4     20AE       0
                text68                             11D6     11D6       1A     23AC       0
                text67                             11F0     11F0       1A     23E0       0
                text66                             13E7     13E7       4B     27CE       0
                text65                              D4C      D4C      148     1A98       0
                text64                             1130     1130       11     2260       0
                text63                              90E      90E       B6     121C       0
                text62                             106B     106B        7     20D6       0
                text61                             108E     108E        8     211C       0
                text60                             1164     1164       14     22C8       0
                text59                             125C     125C       1F     24B8       0
                text58                             11A5     11A5       18     234A       0
                text57                             127B     127B       21     24F6       0
                text56                              85F      85F       AF     10BE       0
                text55                                2        2        1        0       0
                text54                             1432     1432       4F     2864       0
                text53                             15DC     15DC       71     2BB8       0
                text52                              C4B      C4B      101     1896       0
                text51                              B61      B61       EA     16C2       0
                text50                             120A     120A       1A     2414       0
                text49                             12E6     12E6       29     25CC       0
                text48                             1224     1224       1A     2448       0
                text47                             1523     1523       56     2A46       0
                text46                              E94      E94      16C     1D28       0
                text45                              500      500      1D2        8       0
                text44                             133A     133A       31     2674       0
                text43                             12C0     12C0       26     2580       0
                text42                             175E     175E       A2     2EBC       0
                text41                              6D2      6D2      10D        8       0
                text40                             123E     123E       1E     247C       0
                text39                             1579     1579       63     2AF2       0
                text38                             10F3     10F3        F     21E6       0
                text37                             1051     1051        3     20A2       0
                text36                             105B     105B        4     20B6       0
                text35                             1072     1072        7     20E4       0
                text34                             1079     1079        7     20F2       0
                text33                              316      316      1EA        8       0
                text32                                3        3        1        6       0
                text31                             10B0     10B0        D     2160       0
                text30                             1141     1141       11     2282       0
                text29                             10D7     10D7        E     21AE       0
                text27                              805      805       5A     100A       0
                text26                             14D0     14D0       53     29A0       0
                text25                              A8A      A8A       D7     1514       0
                text24                             164D     164D       83     2C9A       0
                text23                             10BD     10BD        D     217A       0
                text22                             118E     118E       17     231C       0
                text21                             109E     109E        9     213C       0
                text20                             10A7     10A7        9     214E       0
                text19                             13A2     13A2       45     2744       0
                text18                             1096     1096        8     212C       0
                text17                             10CA     10CA        D     2194       0
                text16                             105F     105F        6     20BE       0
                text15                              7DF      7DF       21        8       0
                text14                             10E5     10E5        E     21CA       0
                text13                             11BD     11BD       19     237A       0
                text12                             1102     1102        F     2204       0
                text11                             1054     1054        3     20A8       0
                text10                              801      801        4     1002       0
                text9                              1080     1080        7     2100       0
                text8                              1087     1087        7     210E       0
                text7                              129C     129C       24     2538       0
                text6                              16D0     16D0       8E     2DA0       0
                text5                              130F     130F       2B     261E       0
                text4                              1111     1111        F     2222       0
                text3                               9C4      9C4       C6     1388       0
                text2                              136B     136B       37     26D6       0
                text1                              1481     1481       4F     2902       0
                maintext                             34       34      2E2        8       0
                cstackBANK0                          20       20       4E       20       1
                cstackCOMMON                         70       70        E       70       1
                cstackBANK1                          A0       A0       4E       A0       1
                cstackBANK2                         13D      13D       1C      120       1
                clrtext                            1065     1065        6     20CA       0
                bssBANK3                            1A0      1A0       3D      1A0       1
                bssBANK2                            120      120       1D      120       1
                bssBANK1                             EE       EE        2       A0       1
                bssBANK0                             6E       6E        2       20       1
                stringtext3                        183C     183C       16     3000       0
                stringtext2                        1820     1820       1C     3000       0
                nvBANK3                             1DD      1DD        1      1A0       1
                nvBANK2                             159      159       17      120       1
                stringtext1                        1800     1800       20     3000       0

TOTAL           Name                               Link     Load   Length     Space
        CLASS   STACK          

        CLASS   CODE           
                end_init                             18       18        2         0
                cinit                                1A       1A       1A         0
                intentry                              4        4       14         0
                reset_vec                             0        0        2         0
                text73                             1152     1152       12         0
                text72                             1178     1178       16         0
                text71                             1120     1120       10         0
                text70                             104E     104E        3         0
                text69                             1057     1057        4         0
                text68                             11D6     11D6       1A         0
                text67                             11F0     11F0       1A         0
                text66                             13E7     13E7       4B         0
                text65                              D4C      D4C      148         0
                text64                             1130     1130       11         0
                text63                              90E      90E       B6         0
                text62                             106B     106B        7         0
                text61                             108E     108E        8         0
                text60                             1164     1164       14         0
                text59                             125C     125C       1F         0
                text58                             11A5     11A5       18         0
                text57                             127B     127B       21         0
                text56                              85F      85F       AF         0
                text55                                2        2        1         0
                text54                             1432     1432       4F         0
                text53                             15DC     15DC       71         0
                text52                              C4B      C4B      101         0
                text51                              B61      B61       EA         0
                text50                             120A     120A       1A         0
                text49                             12E6     12E6       29         0
                text48                             1224     1224       1A         0
                text47                             1523     1523       56         0
                text46                              E94      E94      16C         0
                text45                              500      500      1D2         0
                text44                             133A     133A       31         0
                text43                             12C0     12C0       26         0
                text42                             175E     175E       A2         0
                text41                              6D2      6D2      10D         0
                text40                             123E     123E       1E         0
                text39                             1579     1579       63         0
                text38                             10F3     10F3        F         0
                text37                             1051     1051        3         0
                text36                             105B     105B        4         0
                text35                             1072     1072        7         0
                text34                             1079     1079        7         0
                text33                              316      316      1EA         0
                text32                                3        3        1         0
                text31                             10B0     10B0        D         0
                text30                             1141     1141       11         0
                text29                             10D7     10D7        E         0
                text27                              805      805       5A         0
                text26                             14D0     14D0       53         0
                text25                              A8A      A8A       D7         0
                text24                             164D     164D       83         0
                text23                             10BD     10BD        D         0
                text22                             118E     118E       17         0
                text21                             109E     109E        9         0
                text20                             10A7     10A7        9         0
                text19                             13A2     13A2       45         0
                text18                             1096     1096        8         0
                text17                             10CA     10CA        D         0
                text16                             105F     105F        6         0
                text15                              7DF      7DF       21         0
                text14                             10E5     10E5        E         0
                text13                             11BD     11BD       19         0
                text12                             1102     1102        F         0
                text11                             1054     1054        3         0
                text10                              801      801        4         0
                text9                              1080     1080        7         0
                text8                              1087     1087        7         0
                text7                              129C     129C       24         0
                text6                              16D0     16D0       8E         0
                text5                              130F     130F       2B         0
                text4                              1111     1111        F         0
                text3                               9C4      9C4       C6         0
                text2                              136B     136B       37         0
                text1                              1481     1481       4F         0
                maintext                             34       34      2E2         0
                clrtext                            1065     1065        6         0

        CLASS   STRCODE        
                stringtext3                        183C     183C       16         0
                stringtext2                        1820     1820       1C         0
                stringtext1                        1800     1800       20         0

        CLASS   STRING         

        CLASS   CONST          

        CLASS   ENTRY          

        CLASS   COMMON         
                cstackCOMMON                         70       70        E         1

        CLASS   BANK0          
                cstackBANK0                          20       20       4E         1
                bssBANK0                             6E       6E        2         1

        CLASS   BANK1          
                cstackBANK1                          A0       A0       4E         1
                bssBANK1                             EE       EE        2         1

        CLASS   BANK2          
                cstackBANK2                         13D      13D       1C         1
                bssBANK2                            120      120       1D         1
                nvBANK2                             159      159       17         1

        CLASS   BANK3          
                bssBANK3                            1A0      1A0       3D         1
                nvBANK3                             1DD      1DD        1         1

        CLASS   BANK4          

        CLASS   BANK5          

        CLASS   BANK6          

        CLASS   BANK7          

        CLASS   BANK8          

        CLASS   BANK9          

        CLASS   BANK10         

        CLASS   BANK11         

        CLASS   BANK12         

        CLASS   BIGRAM         

        CLASS   RAM            

        CLASS   ABS1           
                abs_s1                               7E       7E        2         1

        CLASS   SFR0           

        CLASS   SFR1           

        CLASS   SFR2           

        CLASS   SFR3           

        CLASS   SFR4           

        CLASS   SFR5           

        CLASS   SFR6           

        CLASS   SFR7           

        CLASS   SFR8           

        CLASS   SFR9           

        CLASS   SFR10          

        CLASS   SFR11          

        CLASS   SFR12          

        CLASS   SFR13          

        CLASS   SFR14          

        CLASS   SFR15          

        CLASS   SFR16          

        CLASS   SFR17          

        CLASS   SFR18          

        CLASS   SFR19          

        CLASS   SFR20          

        CLASS   SFR21          

        CLASS   SFR22          

        CLASS   SFR23          

        CLASS   SFR24          

        CLASS   SFR25          

        CLASS   SFR26          

        CLASS   SFR27          

        CLASS   SFR28          

        CLASS   SFR29          

        CLASS   SFR30          

        CLASS   SFR31          

        CLASS   CONFIG         
                config                             8007     8007        5         4

        CLASS   IDLOC          

        CLASS   EEDATA         

        CLASS   BANK31         

        CLASS   BANK30         

        CLASS   BANK29         

        CLASS   BANK28         

        CLASS   BANK27         

        CLASS   BANK26         

        CLASS   BANK25         

        CLASS   BANK24         

        CLASS   BANK23         

        CLASS   BANK22         

        CLASS   BANK21         

        CLASS   BANK20         

        CLASS   BANK19         

        CLASS   BANK18         

        CLASS   BANK17         

        CLASS   BANK16         

        CLASS   BANK15         

        CLASS   BANK14         

        CLASS   BANK13         



SEGMENTS        Name                           Load    Length   Top    Selector   Space  Class     Delta

                reset_vec                      000000  000003  000003         0       0  CODE        2
                text32                         000003  000001  000004         6       0  CODE        2
                intentry                       000004  0007FC  000800         8       0  CODE        2
                cstackBANK0                    000020  000050  000070        20       1  BANK0       1
                cstackCOMMON                   000070  00000E  00007E        70       1  COMMON      1
                cstackBANK1                    0000A0  000050  0000F0        A0       1  BANK1       1
                bssBANK2                       000120  000050  000170       120       1  BANK2       1
                bssBANK3                       0001A0  00003E  0001DE       1A0       1  BANK3       1
                text10                         000801  000004  000805      1002       0  CODE        2
                text27                         000805  00005A  00085F      100A       0  CODE        2
                text56                         00085F  0000AF  00090E      10BE       0  CODE        2
                text63                         00090E  0000B6  0009C4      121C       0  CODE        2
                text3                          0009C4  0000C6  000A8A      1388       0  CODE        2
                text25                         000A8A  0000D7  000B61      1514       0  CODE        2
                text51                         000B61  0000EA  000C4B      16C2       0  CODE        2
                text52                         000C4B  000101  000D4C      1896       0  CODE        2
                text65                         000D4C  000148  000E94      1A98       0  CODE        2
                text46                         000E94  00016C  001000      1D28       0  CODE        2
                text70                         00104E  000003  001051      209C       0  CODE        2
                text37                         001051  000003  001054      20A2       0  CODE        2
                text11                         001054  000003  001057      20A8       0  CODE        2
                text69                         001057  000004  00105B      20AE       0  CODE        2
                text36                         00105B  000004  00105F      20B6       0  CODE        2
                text16                         00105F  000006  001065      20BE       0  CODE        2
                clrtext                        001065  000006  00106B      20CA       0  CODE        2
                text62                         00106B  000007  001072      20D6       0  CODE        2
                text35                         001072  000007  001079      20E4       0  CODE        2
                text34                         001079  000007  001080      20F2       0  CODE        2
                text9                          001080  000007  001087      2100       0  CODE        2
                text8                          001087  000007  00108E      210E       0  CODE        2
                text61                         00108E  000008  001096      211C       0  CODE        2
                text18                         001096  000008  00109E      212C       0  CODE        2
                text21                         00109E  000009  0010A7      213C       0  CODE        2
                text20                         0010A7  000009  0010B0      214E       0  CODE        2
                text31                         0010B0  00000D  0010BD      2160       0  CODE        2
                text23                         0010BD  00000D  0010CA      217A       0  CODE        2
                text17                         0010CA  00000D  0010D7      2194       0  CODE        2
                text29                         0010D7  00000E  0010E5      21AE       0  CODE        2
                text14                         0010E5  00000E  0010F3      21CA       0  CODE        2
                text38                         0010F3  00000F  001102      21E6       0  CODE        2
                text12                         001102  00000F  001111      2204       0  CODE        2
                text4                          001111  00000F  001120      2222       0  CODE        2
                text71                         001120  000010  001130      2240       0  CODE        2
                text64                         001130  000011  001141      2260       0  CODE        2
                text30                         001141  000011  001152      2282       0  CODE        2
                text73                         001152  000012  001164      22A4       0  CODE        2
                text60                         001164  000014  001178      22C8       0  CODE        2
                text72                         001178  000016  00118E      22F0       0  CODE        2
                text22                         00118E  000017  0011A5      231C       0  CODE        2
                text58                         0011A5  000018  0011BD      234A       0  CODE        2
                text13                         0011BD  000019  0011D6      237A       0  CODE        2
                text68                         0011D6  00001A  0011F0      23AC       0  CODE        2
                text67                         0011F0  00001A  00120A      23E0       0  CODE        2
                text50                         00120A  00001A  001224      2414       0  CODE        2
                text48                         001224  00001A  00123E      2448       0  CODE        2
                text40                         00123E  00001E  00125C      247C       0  CODE        2
                text59                         00125C  00001F  00127B      24B8       0  CODE        2
                text57                         00127B  000021  00129C      24F6       0  CODE        2
                text7                          00129C  000024  0012C0      2538       0  CODE        2
                text43                         0012C0  000026  0012E6      2580       0  CODE        2
                text49                         0012E6  000029  00130F      25CC       0  CODE        2
                text5                          00130F  00002B  00133A      261E       0  CODE        2
                text44                         00133A  000031  00136B      2674       0  CODE        2
                text2                          00136B  000037  0013A2      26D6       0  CODE        2
                text19                         0013A2  000045  0013E7      2744       0  CODE        2
                text66                         0013E7  00004B  001432      27CE       0  CODE        2
                text54                         001432  00004F  001481      2864       0  CODE        2
                text1                          001481  00004F  0014D0      2902       0  CODE        2
                text26                         0014D0  000053  001523      29A0       0  CODE        2
                text47                         001523  000056  001579      2A46       0  CODE        2
                text39                         001579  000063  0015DC      2AF2       0  CODE        2
                text53                         0015DC  000071  00164D      2BB8       0  CODE        2
                text24                         00164D  000083  0016D0      2C9A       0  CODE        2
                text6                          0016D0  00008E  00175E      2DA0       0  CODE        2
                text42                         00175E  0000A2  001800      2EBC       0  CODE        2
                stringtext1                    001800  000052  001852      3000       0  STRCODE     2


UNUSED ADDRESS RANGES

        Name                Unused          Largest block    Delta
        BANK10           00520-0056F              50           1
        BANK11           005A0-005EF              50           1
        BANK12           00620-0064F              30           1
        BANK3            001DE-001EF              12           1
        BANK4            00220-0026F              50           1
        BANK5            002A0-002EF              50           1
        BANK6            00320-0036F              50           1
        BANK7            003A0-003EF              50           1
        BANK8            00420-0046F              50           1
        BANK9            004A0-004EF              50           1
        BIGRAM           02000-023EF             3F0           1
        CODE             00800-00800               1           2
                         01000-0104D              4E
                         01852-01FFF             7AE
        CONST            00800-00800               1           2
                         01000-0104D              4E
                         01852-01FFF             100
        EEDATA           0F000-0F0FF             100           2
        ENTRY            00800-00800               1           2
                         01000-0104D              4E
                         01852-01FFF             100
        IDLOC            08000-08003               4           2
        RAM              001DE-001EF              12           1
                         00220-0026F              50
                         002A0-002EF              50
                         00320-0036F              50
                         003A0-003EF              50
                         00420-0046F              50
                         004A0-004EF              50
                         00520-0056F              50
                         005A0-005EF              50
                         00620-0064F              30
        SFR0             00000-0001F              20           1
        SFR1             00080-0009F              20           1
        SFR10            00500-0051F              20           1
        SFR11            00580-0059F              20           1
        SFR12            00600-0061F              20           1
        SFR13            00680-006EF              70           1
        SFR14            00700-0076F              70           1
        SFR15            00780-007EF              70           1
        SFR16            00800-0086F              70           1
        SFR17            00880-008EF              70           1
        SFR18            00900-0096F              70           1
        SFR19            00980-009EF              70           1
        SFR2             00100-0011F              20           1
        SFR20            00A00-00A6F              70           1
        SFR21            00A80-00AEF              70           1
        SFR22            00B00-00B6F              70           1
        SFR23            00B80-00BEF              70           1
        SFR24            00C00-00C6F              70           1
        SFR25            00C80-00CEF              70           1
        SFR26            00D00-00D6F              70           1
        SFR27            00D80-00DEF              70           1
        SFR28            00E00-00E6F              70           1
        SFR29            00E80-00EEF              70           1
        SFR3             00180-0019F              20           1
        SFR30            00F00-00F6F              70           1
        SFR31            00F80-00FEF              70           1
        SFR4             00200-0021F              20           1
        SFR5             00280-0029F              20           1
        SFR6             00300-0031F              20           1
        SFR7             00380-0039F              20           1
        SFR8             00400-0041F              20           1
        SFR9             00480-0049F              20           1
        STACK            0212E-023EF             2C2           1
        STRCODE          00800-00800               1           2
                         01000-0104D              4E
                         01852-01FFF             7AE
        STRING           00800-00800               1           2
                         01000-0104D              4E
                         01852-01FFF             100

                                  Symbol Table

?_ADCC_GetSingleConversion                cstackCOMMON 00070
?_LCDbusy                                 cstackCOMMON 00077
?___aodiv                                 cstackBANK0  00020
?___aomod                                 cstackBANK0  00020
?___wmul                                  cstackCOMMON 00070
?_abs                                     cstackCOMMON 00073
?_atoi                                    cstackCOMMON 00076
?_ctoa                                    cstackCOMMON 00078
?_dtoa                                    cstackBANK0  00030
?_isdigit                                 cstackCOMMON 00070
?_isspace                                 cstackCOMMON 00070
?_operADDR                                cstackBANK2  0013D
?_pad                                     cstackBANK0  00024
?_sprintf                                 cstackBANK1  000A0
?_strlen                                  cstackCOMMON 00070
?_vfpfcnvrt                               cstackBANK0  0004E
?_vfprintf                                cstackBANK0  00064
ADCC_GetSingleConversion@channel          cstackCOMMON 00072
DATAEE_ReadByte@bAdd                      cstackBANK2  0013D
DATAEE_WriteByte@GIEBitValue              cstackBANK2  00140
DATAEE_WriteByte@bAdd                     cstackBANK2  0013D
DATAEE_WriteByte@bData                    cstackBANK2  0013F
LCDchar@c                                 cstackCOMMON 00078
LCDcmd@c                                  cstackCOMMON 00078
LCDrecv@hc                                cstackCOMMON 00074
LCDrecv@lc                                cstackCOMMON 00075
LCDrecv@mode                              cstackCOMMON 00076
LCDsend2x4@c                              cstackBANK2  00142
LCDsend2x4@hc                             cstackBANK2  00143
LCDsend2x4@lc                             cstackBANK2  00144
LCDsend2x4@mode                           cstackBANK2  0013F
LCDsend@c                                 cstackBANK2  00140
LCDstr@c                                  cstackCOMMON 0007A
LCDstr@p                                  cstackCOMMON 0007B
PWM6_LoadDutyValue@dutyValue              cstackCOMMON 00070
TMR1_SetInterruptHandler@InterruptHandler cstackBANK2  0013D
TMR1_WriteTimer@timerVal                  cstackCOMMON 00070
WriteI2C@data_out                         cstackBANK2  0013E
_ADACCH                                   (abs)        00091
_ADACCL                                   (abs)        00090
_ADACQ                                    (abs)        0009D
_ADACT                                    (abs)        00099
_ADCAP                                    (abs)        0009B
_ADCC_GetSingleConversion                 text73       01152
_ADCC_Initialize                          text22       0118E
_ADCLK                                    (abs)        00098
_ADCNT                                    (abs)        0010C
_ADCON0                                   (abs)        00093
_ADCON0bits                               (abs)        00093
_ADCON1                                   (abs)        00094
_ADCON1bits                               (abs)        00094
_ADCON2                                   (abs)        00095
_ADCON2bits                               (abs)        00095
_ADCON3                                   (abs)        00096
_ADCON3bits                               (abs)        00096
_ADERRH                                   (abs)        00117
_ADERRL                                   (abs)        00116
_ADFLTRH                                  (abs)        00115
_ADFLTRL                                  (abs)        00114
_ADLTHH                                   (abs)        0010F
_ADLTHL                                   (abs)        0010E
_ADPCH                                    (abs)        0009E
_ADPRE                                    (abs)        0009C
_ADPREVH                                  (abs)        0008F
_ADPREVL                                  (abs)        0008E
_ADREF                                    (abs)        0009A
_ADRESH                                   (abs)        0008D
_ADRESL                                   (abs)        0008C
_ADRPT                                    (abs)        0010D
_ADSTAT                                   (abs)        00097
_ADSTATbits                               (abs)        00097
_ADSTPTH                                  (abs)        00113
_ADSTPTL                                  (abs)        00112
_ADUTHH                                   (abs)        00111
_ADUTHL                                   (abs)        00110
_ALAF                                     bssBANK2     00133
_ALAL                                     bssBANK2     00134
_ALAT                                     bssBANK2     00135
_ANSELA                                   (abs)        00F38
_ANSELB                                   (abs)        00F43
_ANSELC                                   (abs)        00F4E
_ANSELD                                   (abs)        00F59
_ANSELE                                   (abs)        00F64
_CCPTMRS1bits                             (abs)        0021F
_CLKH                                     bssBANK2     00132
_CLKM                                     bssBANK2     00131
_DATAEE_ReadByte                          text4        01111
_DATAEE_WriteByte                         text7        0129C
_I2C1_CallbackReturnReset                 (abs)        00000
_I2C1_CallbackReturnStop                  (abs)        00000
_I2C1_DO_ADDRESS_NACK                     (abs)        00000
_I2C1_DO_IDLE                             (abs)        00000
_I2C1_DO_RCEN                             (abs)        00000
_I2C1_DO_RESET                            (abs)        00000
_I2C1_DO_RX                               (abs)        00000
_I2C1_DO_RX_ACK                           (abs)        00000
_I2C1_DO_RX_NACK_RESTART                  (abs)        00000
_I2C1_DO_RX_NACK_STOP                     (abs)        00000
_I2C1_DO_SEND_ADR_READ                    (abs)        00000
_I2C1_DO_SEND_ADR_WRITE                   (abs)        00000
_I2C1_DO_SEND_RESTART                     (abs)        00000
_I2C1_DO_SEND_RESTART_READ                (abs)        00000
_I2C1_DO_SEND_RESTART_WRITE               (abs)        00000
_I2C1_DO_SEND_STOP                        (abs)        00000
_I2C1_DO_TX                               (abs)        00000
_I2C1_DO_TX_EMPTY                         (abs)        00000
_I2C1_Initialize                          text21       0109E
_I2C1_Status                              bssBANK3     001A0
_INLVLA                                   (abs)        00F3C
_INLVLB                                   (abs)        00F47
_INLVLC                                   (abs)        00F52
_INLVLD                                   (abs)        00F5D
_INLVLE                                   (abs)        00F68
_INTCONbits                               (abs)        0000B
_INTERRUPT_InterruptManager               intentry     00004
_L                                        nvBANK2      00165
_LATA                                     (abs)        00016
_LATAbits                                 (abs)        00016
_LATB                                     (abs)        00017
_LATC                                     (abs)        00018
_LATD                                     (abs)        00019
_LATE                                     (abs)        0001A
_LCDbusy                                  text64       01130
_LCDchar                                  text61       0108E
_LCDcmd                                   text62       0106B
_LCDinit                                  text24       0164D
_LCDrecv                                  text65       00D4C
_LCDsend                                  text26       014D0
_LCDsend2x4                               text25       00A8A
_LCDstr                                   text60       01164
_M                                        nvBANK2      00164
_NR                                       bssBANK2     0013A
_NREG                                     bssBANK2     0013B
_NVMADRH                                  (abs)        0081B
_NVMADRL                                  (abs)        0081A
_NVMCON1bits                              (abs)        0081E
_NVMCON2                                  (abs)        0081F
_NVMDATH                                  (abs)        0081D
_NVMDATL                                  (abs)        0081C
_ODCONA                                   (abs)        00F3A
_ODCONB                                   (abs)        00F45
_ODCONC                                   (abs)        00F50
_ODCOND                                   (abs)        00F5B
_ODCONE                                   (abs)        00F66
_OSCCON1                                  (abs)        0088D
_OSCCON3                                  (abs)        0088F
_OSCEN                                    (abs)        00891
_OSCFRQ                                   (abs)        00893
_OSCILLATOR_Initialize                    text20       010A7
_OSCTUNE                                  (abs)        00892
_OpenI2C                                  text23       010BD
_PIE3bits                                 (abs)        00719
_PIE4bits                                 (abs)        0071A
_PIN_MANAGER_Initialize                   text19       013A2
_PIR3bits                                 (abs)        0070F
_PIR4bits                                 (abs)        00710
_PMD0                                     (abs)        00796
_PMD1                                     (abs)        00797
_PMD2                                     (abs)        00798
_PMD3                                     (abs)        00799
_PMD4                                     (abs)        0079A
_PMD5                                     (abs)        0079B
_PMD_Initialize                           text18       01096
_PMON                                     bssBANK2     00137
_PORTAbits                                (abs)        0000C
_PORTBbits                                (abs)        0000D
_PORTCbits                                (abs)        0000E
_PPSLOCK                                  (abs)        00E8F
_PPSLOCKbits                              (abs)        00E8F
_PR2                                      (abs)        0028D
_PWM6CON                                  (abs)        0038E
_PWM6DCH                                  (abs)        0038D
_PWM6DCL                                  (abs)        0038C
_PWM6_Initialize                          text17       010CA
_PWM6_LoadDutyValue                       text72       01178
_PWMOutputDisable                         text12       01102
_PWMOutputEnable                          text71       01120
_RA6PPS                                   (abs)        00F16
_RC3PPS                                   (abs)        00F23
_RC4PPS                                   (abs)        00F24
_RI                                       bssBANK2     00138
_ReadI2C                                  text67       011F0
_SLRCONA                                  (abs)        00F3B
_SLRCONB                                  (abs)        00F46
_SLRCONC                                  (abs)        00F51
_SLRCOND                                  (abs)        00F5C
_SLRCONE                                  (abs)        00F67
_SSP1ADD                                  (abs)        0018D
_SSP1BUF                                  (abs)        0018C
_SSP1CLKPPS                               (abs)        00EC5
_SSP1CON1                                 (abs)        00190
_SSP1CON1bits                             (abs)        00190
_SSP1CON2                                 (abs)        00191
_SSP1CON2bits                             (abs)        00191
_SSP1DATPPS                               (abs)        00EC6
_SSP1STAT                                 (abs)        0018F
_SSP1STATbits                             (abs)        0018F
_SYSTEM_Initialize                        text13       011BD
_T                                        nvBANK2      00166
_T1CLK                                    (abs)        00211
_T1CON                                    (abs)        0020E
_T1CONbits                                (abs)        0020E
_T1GATE                                   (abs)        00210
_T1GCON                                   (abs)        0020F
_T1GCONbits                               (abs)        0020F
_T2CLKCON                                 (abs)        00290
_T2CON                                    (abs)        0028E
_T2CONbits                                (abs)        0028E
_T2HLT                                    (abs)        0028F
_T2HLTbits                                (abs)        0028F
_T2PR                                     (abs)        0028D
_T2RST                                    (abs)        00291
_T2RSTbits                                (abs)        00291
_T2TMR                                    (abs)        0028C
_TALA                                     bssBANK2     00136
_TMR1H                                    (abs)        0020D
_TMR1L                                    (abs)        0020C
_TMR1_CallBack                            text31       010B0
_TMR1_DefaultInterruptHandler             text32       00003
_TMR1_ISR                                 text29       010D7
_TMR1_Initialize                          text15       007DF
_TMR1_InterruptHandler                    nvBANK2      0015F
_TMR1_SetInterruptHandler                 text16       0105F
_TMR1_WriteTimer                          text30       01141
_TMR2                                     (abs)        0028C
_TMR2_Initialize                          text14       010E5
_TMR2_Start                               text70       0104E
_TMR2_StartTimer                          text69       01057
_TMR2_Stop                                text11       01054
_TMR2_StopTimer                           text10       00801
_TRISA                                    (abs)        00011
_TRISB                                    (abs)        00012
_TRISC                                    (abs)        00013
_TRISCbits                                (abs)        00013
_TRISD                                    (abs)        00014
_TRISE                                    (abs)        00015
_WI                                       bssBANK2     00139
_WPUA                                     (abs)        00F39
_WPUB                                     (abs)        00F44
_WPUC                                     (abs)        00F4F
_WPUD                                     (abs)        00F5A
_WPUE                                     (abs)        00F65
_WriteI2C                                 text27       00805
__Habs1                                   abs1         00000
__Hbank0                                  bank0        00000
__Hbank1                                  bank1        00000
__Hbank10                                 bank10       00000
__Hbank11                                 bank11       00000
__Hbank12                                 bank12       00000
__Hbank13                                 bank13       00000
__Hbank14                                 bank14       00000
__Hbank15                                 bank15       00000
__Hbank16                                 bank16       00000
__Hbank17                                 bank17       00000
__Hbank18                                 bank18       00000
__Hbank19                                 bank19       00000
__Hbank2                                  bank2        00000
__Hbank20                                 bank20       00000
__Hbank21                                 bank21       00000
__Hbank22                                 bank22       00000
__Hbank23                                 bank23       00000
__Hbank24                                 bank24       00000
__Hbank25                                 bank25       00000
__Hbank26                                 bank26       00000
__Hbank27                                 bank27       00000
__Hbank28                                 bank28       00000
__Hbank29                                 bank29       00000
__Hbank3                                  bank3        00000
__Hbank30                                 bank30       00000
__Hbank31                                 bank31       00000
__Hbank4                                  bank4        00000
__Hbank5                                  bank5        00000
__Hbank6                                  bank6        00000
__Hbank7                                  bank7        00000
__Hbank8                                  bank8        00000
__Hbank9                                  bank9        00000
__Hbigram                                 bigram       00000
__HbssBANK0                               bssBANK0     00000
__HbssBANK1                               bssBANK1     00000
__HbssBANK2                               bssBANK2     00000
__HbssBANK3                               bssBANK3     00000
__Hcinit                                  cinit        00034
__Hclrtext                                clrtext      00000
__Hcode                                   code         00000
__Hcommon                                 common       00000
__Hconfig                                 config       0800C
__HcstackBANK0                            cstackBANK0  00000
__HcstackBANK1                            cstackBANK1  00000
__HcstackBANK2                            cstackBANK2  00000
__HcstackCOMMON                           cstackCOMMON 00000
__Heeprom_data                            eeprom_data  00000
__Hend_init                               end_init     0001A
__Hfunctab                                functab      00000
__Hinit                                   init         00018
__Hintentry                               intentry     00018
__Hmaintext                               maintext     00000
__HnvBANK2                                nvBANK2      00000
__HnvBANK3                                nvBANK3      00000
__Hpowerup                                powerup      00000
__Hram                                    ram          00000
__Hreset_vec                              reset_vec    00002
__Hsfr0                                   sfr0         00000
__Hsfr1                                   sfr1         00000
__Hsfr10                                  sfr10        00000
__Hsfr11                                  sfr11        00000
__Hsfr12                                  sfr12        00000
__Hsfr13                                  sfr13        00000
__Hsfr14                                  sfr14        00000
__Hsfr15                                  sfr15        00000
__Hsfr16                                  sfr16        00000
__Hsfr17                                  sfr17        00000
__Hsfr18                                  sfr18        00000
__Hsfr19                                  sfr19        00000
__Hsfr2                                   sfr2         00000
__Hsfr20                                  sfr20        00000
__Hsfr21                                  sfr21        00000
__Hsfr22                                  sfr22        00000
__Hsfr23                                  sfr23        00000
__Hsfr24                                  sfr24        00000
__Hsfr25                                  sfr25        00000
__Hsfr26                                  sfr26        00000
__Hsfr27                                  sfr27        00000
__Hsfr28                                  sfr28        00000
__Hsfr29                                  sfr29        00000
__Hsfr3                                   sfr3         00000
__Hsfr30                                  sfr30        00000
__Hsfr31                                  sfr31        00000
__Hsfr4                                   sfr4         00000
__Hsfr5                                   sfr5         00000
__Hsfr6                                   sfr6         00000
__Hsfr7                                   sfr7         00000
__Hsfr8                                   sfr8         00000
__Hsfr9                                   sfr9         00000
__Hspace_0                                (abs)        01852
__Hspace_1                                (abs)        001DE
__Hspace_2                                (abs)        00000
__Hspace_3                                (abs)        00000
__Hspace_4                                (abs)        10013
__Hstack                                  stack        00000
__Hstrings                                strings      00000
__Hstringtext1                            stringtext1  00000
__Hstringtext2                            stringtext2  00000
__Hstringtext3                            stringtext3  00000
__Hstringtext4                            stringtext4  00000
__Htext                                   text         00000
__Labs1                                   abs1         00000
__Lbank0                                  bank0        00000
__Lbank1                                  bank1        00000
__Lbank10                                 bank10       00000
__Lbank11                                 bank11       00000
__Lbank12                                 bank12       00000
__Lbank13                                 bank13       00000
__Lbank14                                 bank14       00000
__Lbank15                                 bank15       00000
__Lbank16                                 bank16       00000
__Lbank17                                 bank17       00000
__Lbank18                                 bank18       00000
__Lbank19                                 bank19       00000
__Lbank2                                  bank2        00000
__Lbank20                                 bank20       00000
__Lbank21                                 bank21       00000
__Lbank22                                 bank22       00000
__Lbank23                                 bank23       00000
__Lbank24                                 bank24       00000
__Lbank25                                 bank25       00000
__Lbank26                                 bank26       00000
__Lbank27                                 bank27       00000
__Lbank28                                 bank28       00000
__Lbank29                                 bank29       00000
__Lbank3                                  bank3        00000
__Lbank30                                 bank30       00000
__Lbank31                                 bank31       00000
__Lbank4                                  bank4        00000
__Lbank5                                  bank5        00000
__Lbank6                                  bank6        00000
__Lbank7                                  bank7        00000
__Lbank8                                  bank8        00000
__Lbank9                                  bank9        00000
__Lbigram                                 bigram       00000
__LbssBANK0                               bssBANK0     00000
__LbssBANK1                               bssBANK1     00000
__LbssBANK2                               bssBANK2     00000
__LbssBANK3                               bssBANK3     00000
__Lcinit                                  cinit        0001A
__Lclrtext                                clrtext      00000
__Lcode                                   code         00000
__Lcommon                                 common       00000
__Lconfig                                 config       00000
__LcstackBANK0                            cstackBANK0  00000
__LcstackBANK1                            cstackBANK1  00000
__LcstackBANK2                            cstackBANK2  00000
__LcstackCOMMON                           cstackCOMMON 00000
__Leeprom_data                            eeprom_data  00000
__Lend_init                               end_init     00018
__Lfunctab                                functab      00000
__Linit                                   init         00018
__Lintentry                               intentry     00004
__Lmaintext                               maintext     00000
__LnvBANK2                                nvBANK2      00000
__LnvBANK3                                nvBANK3      00000
__Lpowerup                                powerup      00000
__Lram                                    ram          00000
__Lreset_vec                              reset_vec    00000
__Lsfr0                                   sfr0         00000
__Lsfr1                                   sfr1         00000
__Lsfr10                                  sfr10        00000
__Lsfr11                                  sfr11        00000
__Lsfr12                                  sfr12        00000
__Lsfr13                                  sfr13        00000
__Lsfr14                                  sfr14        00000
__Lsfr15                                  sfr15        00000
__Lsfr16                                  sfr16        00000
__Lsfr17                                  sfr17        00000
__Lsfr18                                  sfr18        00000
__Lsfr19                                  sfr19        00000
__Lsfr2                                   sfr2         00000
__Lsfr20                                  sfr20        00000
__Lsfr21                                  sfr21        00000
__Lsfr22                                  sfr22        00000
__Lsfr23                                  sfr23        00000
__Lsfr24                                  sfr24        00000
__Lsfr25                                  sfr25        00000
__Lsfr26                                  sfr26        00000
__Lsfr27                                  sfr27        00000
__Lsfr28                                  sfr28        00000
__Lsfr29                                  sfr29        00000
__Lsfr3                                   sfr3         00000
__Lsfr30                                  sfr30        00000
__Lsfr31                                  sfr31        00000
__Lsfr4                                   sfr4         00000
__Lsfr5                                   sfr5         00000
__Lsfr6                                   sfr6         00000
__Lsfr7                                   sfr7         00000
__Lsfr8                                   sfr8         00000
__Lsfr9                                   sfr9         00000
__Lspace_0                                (abs)        00000
__Lspace_1                                (abs)        00000
__Lspace_2                                (abs)        00000
__Lspace_3                                (abs)        00000
__Lspace_4                                (abs)        00000
__Lstack                                  stack        00000
__Lstrings                                strings      00000
__Lstringtext1                            stringtext1  00000
__Lstringtext2                            stringtext2  00000
__Lstringtext3                            stringtext3  00000
__Lstringtext4                            stringtext4  00000
__Ltext                                   text         00000
__S0                                      (abs)        01852
__S1                                      (abs)        001DE
__S2                                      (abs)        00000
__S3                                      (abs)        00000
___aodiv                                  text52       00C4B
___aodiv@counter                          cstackCOMMON 00071
___aodiv@dividend                         cstackBANK0  00028
___aodiv@divisor                          cstackBANK0  00020
___aodiv@quotient                         cstackCOMMON 00073
___aodiv@sign                             cstackCOMMON 00072
___aomod                                  text51       00B61
___aomod@counter                          cstackCOMMON 00071
___aomod@dividend                         cstackBANK0  00028
___aomod@divisor                          cstackBANK0  00020
___aomod@sign                             cstackCOMMON 00072
___int_sp                                 stack        00000
___latbits                                (abs)        00002
___sp                                     stack        00000
___stackhi                                (abs)        023EF
___stacklo                                (abs)        0212E
___wmul                                   text59       0125C
___wmul@multiplicand                      cstackCOMMON 00072
___wmul@multiplier                        cstackCOMMON 00070
___wmul@product                           cstackCOMMON 00074
__end_of_ADCC_GetSingleConversion         text73       01164
__end_of_ADCC_Initialize                  text22       011A5
__end_of_DATAEE_ReadByte                  text4        01120
__end_of_DATAEE_WriteByte                 text7        012C0
__end_of_I2C1_Initialize                  text21       010A7
__end_of_INTERRUPT_InterruptManager       intentry     00018
__end_of_LCDbusy                          text64       01141
__end_of_LCDchar                          text61       01096
__end_of_LCDcmd                           text62       01072
__end_of_LCDinit                          text24       016D0
__end_of_LCDrecv                          text65       00E94
__end_of_LCDsend                          text26       01523
__end_of_LCDsend2x4                       text25       00B61
__end_of_LCDstr                           text60       01178
__end_of_OSCILLATOR_Initialize            text20       010B0
__end_of_OpenI2C                          text23       010CA
__end_of_PIN_MANAGER_Initialize           text19       013E7
__end_of_PMD_Initialize                   text18       0109E
__end_of_PWM6_Initialize                  text17       010D7
__end_of_PWM6_LoadDutyValue               text72       0118E
__end_of_PWMOutputDisable                 text12       01111
__end_of_PWMOutputEnable                  text71       01130
__end_of_ReadI2C                          text67       0120A
__end_of_SYSTEM_Initialize                text13       011D6
__end_of_TMR1_CallBack                    text31       010BD
__end_of_TMR1_DefaultInterruptHandler     text32       00004
__end_of_TMR1_ISR                         text29       010E5
__end_of_TMR1_Initialize                  text15       00800
__end_of_TMR1_SetInterruptHandler         text16       01065
__end_of_TMR1_WriteTimer                  text30       01152
__end_of_TMR2_Initialize                  text14       010F3
__end_of_TMR2_Start                       text70       01051
__end_of_TMR2_StartTimer                  text69       0105B
__end_of_TMR2_Stop                        text11       01057
__end_of_TMR2_StopTimer                   text10       00805
__end_of_WriteI2C                         text27       0085F
__end_of___aodiv                          text52       00D4C
__end_of___aomod                          text51       00C4B
__end_of___wmul                           text59       0127B
__end_of__initialization                  cinit        00030
__end_of_abs                              text50       01224
__end_of_activateAlarm                    text68       011F0
__end_of_atoi                             text56       0090E
__end_of_ctoa                             text53       0164D
__end_of_deactivateAlarm                  text8        0108E
__end_of_deactivatePWM                    text9        01087
__end_of_dtoa                             text46       01000
__end_of_fputc                            text54       01481
__end_of_fputs                            text49       0130F
__end_of_i2c1_fsmStateTable               stringtext1  01820
__end_of_initializeEPROM                  text6        0175E
__end_of_initializeREG                    text5        0133A
__end_of_isdigit                          text58       011BD
__end_of_isspace                          text57       0129C
__end_of_main                             maintext     00316
__end_of_operADDR                         text2        013A2
__end_of_pad                              text47       01579
__end_of_parseEPROMInitialization         text3        00A8A
__end_of_printLCD                         text42       01800
__end_of_putch                            text55       00003
__end_of_readTC74                         text41       007DF
__end_of_sprintf                          text43       012E6
__end_of_storeEPROMBuild                  text1        014D0
__end_of_strlen                           text48       0123E
__end_of_timerInterrupt                   text33       00500
__end_of_vfpfcnvrt                        text45       006D2
__end_of_vfprintf                         text44       0136B
__end_of_writeRingBuffer                  text39       015DC
__end_ofi1_DATAEE_WriteByte               text40       0125C
__end_ofi1_LCDsend2x4                     text63       009C4
__end_ofi1_PWMOutputDisable               text38       01102
__end_ofi1_TMR2_Stop                      text37       01054
__end_ofi1_TMR2_StopTimer                 text36       0105F
__end_ofi1_WriteI2C                       text66       01432
__end_ofi1_deactivateAlarm                text34       01080
__end_ofi1_deactivatePWM                  text35       01079
__initialization                          cinit        0001A
__pbssBANK0                               bssBANK0     0006E
__pbssBANK1                               bssBANK1     000EE
__pbssBANK2                               bssBANK2     00120
__pbssBANK3                               bssBANK3     001A0
__pcstackBANK0                            cstackBANK0  00020
__pcstackBANK1                            cstackBANK1  000A0
__pcstackBANK2                            cstackBANK2  0013D
__pcstackCOMMON                           cstackCOMMON 00070
__pintentry                               intentry     00004
__pmaintext                               maintext     00034
__pnvBANK2                                nvBANK2      00159
__pnvBANK3                                nvBANK3      001DD
__pstringtext1                            stringtext1  01800
__pstringtext2                            stringtext2  01820
__pstringtext3                            stringtext3  0183C
__pstringtext4                            stringtext4  00000
__ptext1                                  text1        01481
__ptext10                                 text10       00801
__ptext11                                 text11       01054
__ptext12                                 text12       01102
__ptext13                                 text13       011BD
__ptext14                                 text14       010E5
__ptext15                                 text15       007DF
__ptext16                                 text16       0105F
__ptext17                                 text17       010CA
__ptext18                                 text18       01096
__ptext19                                 text19       013A2
__ptext2                                  text2        0136B
__ptext20                                 text20       010A7
__ptext21                                 text21       0109E
__ptext22                                 text22       0118E
__ptext23                                 text23       010BD
__ptext24                                 text24       0164D
__ptext25                                 text25       00A8A
__ptext26                                 text26       014D0
__ptext27                                 text27       00805
__ptext29                                 text29       010D7
__ptext3                                  text3        009C4
__ptext30                                 text30       01141
__ptext31                                 text31       010B0
__ptext32                                 text32       00003
__ptext33                                 text33       00316
__ptext34                                 text34       01079
__ptext35                                 text35       01072
__ptext36                                 text36       0105B
__ptext37                                 text37       01051
__ptext38                                 text38       010F3
__ptext39                                 text39       01579
__ptext4                                  text4        01111
__ptext40                                 text40       0123E
__ptext41                                 text41       006D2
__ptext42                                 text42       0175E
__ptext43                                 text43       012C0
__ptext44                                 text44       0133A
__ptext45                                 text45       00500
__ptext46                                 text46       00E94
__ptext47                                 text47       01523
__ptext48                                 text48       01224
__ptext49                                 text49       012E6
__ptext5                                  text5        0130F
__ptext50                                 text50       0120A
__ptext51                                 text51       00B61
__ptext52                                 text52       00C4B
__ptext53                                 text53       015DC
__ptext54                                 text54       01432
__ptext55                                 text55       00002
__ptext56                                 text56       0085F
__ptext57                                 text57       0127B
__ptext58                                 text58       011A5
__ptext59                                 text59       0125C
__ptext6                                  text6        016D0
__ptext60                                 text60       01164
__ptext61                                 text61       0108E
__ptext62                                 text62       0106B
__ptext63                                 text63       0090E
__ptext64                                 text64       01130
__ptext65                                 text65       00D4C
__ptext66                                 text66       013E7
__ptext67                                 text67       011F0
__ptext68                                 text68       011D6
__ptext69                                 text69       01057
__ptext7                                  text7        0129C
__ptext70                                 text70       0104E
__ptext71                                 text71       01120
__ptext72                                 text72       01178
__ptext73                                 text73       01152
__ptext8                                  text8        01087
__ptext9                                  text9        01080
__size_of_ADCC_GetSingleConversion        (abs)        00000
__size_of_ADCC_Initialize                 (abs)        00000
__size_of_DATAEE_ReadByte                 (abs)        00000
__size_of_DATAEE_WriteByte                (abs)        00000
__size_of_I2C1_Initialize                 (abs)        00000
__size_of_INTERRUPT_InterruptManager      (abs)        00000
__size_of_LCDbusy                         (abs)        00000
__size_of_LCDchar                         (abs)        00000
__size_of_LCDcmd                          (abs)        00000
__size_of_LCDinit                         (abs)        00000
__size_of_LCDrecv                         (abs)        00000
__size_of_LCDsend                         (abs)        00000
__size_of_LCDsend2x4                      (abs)        00000
__size_of_LCDstr                          (abs)        00000
__size_of_OSCILLATOR_Initialize           (abs)        00000
__size_of_OpenI2C                         (abs)        00000
__size_of_PIN_MANAGER_Initialize          (abs)        00000
__size_of_PMD_Initialize                  (abs)        00000
__size_of_PWM6_Initialize                 (abs)        00000
__size_of_PWM6_LoadDutyValue              (abs)        00000
__size_of_PWMOutputDisable                (abs)        00000
__size_of_PWMOutputEnable                 (abs)        00000
__size_of_ReadI2C                         (abs)        00000
__size_of_SYSTEM_Initialize               (abs)        00000
__size_of_TMR1_CallBack                   (abs)        00000
__size_of_TMR1_DefaultInterruptHandler    (abs)        00000
__size_of_TMR1_ISR                        (abs)        00000
__size_of_TMR1_Initialize                 (abs)        00000
__size_of_TMR1_SetInterruptHandler        (abs)        00000
__size_of_TMR1_WriteTimer                 (abs)        00000
__size_of_TMR2_Initialize                 (abs)        00000
__size_of_TMR2_Start                      (abs)        00000
__size_of_TMR2_StartTimer                 (abs)        00000
__size_of_TMR2_Stop                       (abs)        00000
__size_of_TMR2_StopTimer                  (abs)        00000
__size_of_WriteI2C                        (abs)        00000
__size_of___aodiv                         (abs)        00000
__size_of___aomod                         (abs)        00000
__size_of___wmul                          (abs)        00000
__size_of_abs                             (abs)        00000
__size_of_activateAlarm                   (abs)        00000
__size_of_atoi                            (abs)        00000
__size_of_ctoa                            (abs)        00000
__size_of_deactivateAlarm                 (abs)        00000
__size_of_deactivatePWM                   (abs)        00000
__size_of_dtoa                            (abs)        00000
__size_of_fputc                           (abs)        00000
__size_of_fputs                           (abs)        00000
__size_of_initializeEPROM                 (abs)        00000
__size_of_initializeREG                   (abs)        00000
__size_of_isdigit                         (abs)        00000
__size_of_isspace                         (abs)        00000
__size_of_main                            (abs)        00000
__size_of_operADDR                        (abs)        00000
__size_of_pad                             (abs)        00000
__size_of_parseEPROMInitialization        (abs)        00000
__size_of_printLCD                        (abs)        00000
__size_of_putch                           (abs)        00000
__size_of_readTC74                        (abs)        00000
__size_of_sprintf                         (abs)        00000
__size_of_storeEPROMBuild                 (abs)        00000
__size_of_strlen                          (abs)        00000
__size_of_timerInterrupt                  (abs)        00000
__size_of_vfpfcnvrt                       (abs)        00000
__size_of_vfprintf                        (abs)        00000
__size_of_writeRingBuffer                 (abs)        00000
__size_ofi1_DATAEE_WriteByte              (abs)        00000
__size_ofi1_LCDsend2x4                    (abs)        00000
__size_ofi1_PWMOutputDisable              (abs)        00000
__size_ofi1_TMR2_Stop                     (abs)        00000
__size_ofi1_TMR2_StopTimer                (abs)        00000
__size_ofi1_WriteI2C                      (abs)        00000
__size_ofi1_deactivateAlarm               (abs)        00000
__size_ofi1_deactivatePWM                 (abs)        00000
_abs                                      text50       0120A
_activateAlarm                            text68       011D6
_alarm1                                   bssBANK2     00128
_alarm2                                   bssBANK2     00127
_alarmc                                   nvBANK2      00163
_atoi                                     text56       0085F
_atoi$3331                                cstackBANK0  00022
_atoi$3332                                cstackBANK0  00026
_atoi$3333                                cstackBANK0  00024
_checksum                                 bssBANK2     00130
_counter                                  nvBANK2      0016D
_ctoa                                     text53       015DC
_cursor                                   nvBANK2      00159
_data_address                             nvBANK2      0015D
_dbuf                                     bssBANK3     001BD
_deactivateAlarm                          text8        01087
_deactivatePWM                            text9        01080
_dtoa                                     text46       00E94
_dtoa$3295                                cstackBANK0  0003B
_flags                                    bssBANK0     0006E
_fputc                                    text54       01432
_fputs                                    text49       012E6
_hours                                    bssBANK2     0012F
_i2c1_fsmStateTable                       stringtext1  01800
_initializeEPROM                          text6        016D0
_initializeREG                            text5        0130F
_isdigit                                  text58       011A5
_isspace                                  text57       0127B
_isspace$3349                             cstackCOMMON 00074
_l_threshold                              nvBANK2      0016B
_last_luminosity                          nvBANK2      0016E
_last_temperature                         nvBANK2      0016A
_m                                        nvBANK3      001DD
_magic_word                               bssBANK2     0013C
_main                                     maintext     00034
_max_luminosity                           nvBANK2      0016F
_max_temperature                          nvBANK2      00169
_min_luminosity                           bssBANK2     0012C
_min_temperature                          bssBANK2     0012A
_minimode                                 bssBANK2     00126
_minutes                                  bssBANK2     0012E
_mode                                     bssBANK2     00129
_modification                             nvBANK2      00167
_nout                                     bssBANK2     00120
_operADDR                                 text2        0136B
_pad                                      text47       01523
_parseEPROMInitialization                 text3        009C4
_prec                                     bssBANK2     00124
_printLCD                                 text42       0175E
_putch                                    text55       00002
_pwm_control                              nvBANK2      00168
_rd1RegCompleteHandler                    (abs)        00000
_rd2RegCompleteHandler                    (abs)        00000
_rdBlkRegCompleteHandler                  (abs)        00000
_readTC74                                 text41       006D2
_seconds                                  bssBANK2     0012D
_sprintf                                  text43       012C0
_storeEPROMBuild                          text1        01481
_strlen                                   text48       01224
_t_threshold                              nvBANK2      0016C
_tala_counter                             bssBANK2     0012B
_timer1ReloadVal                          nvBANK2      00161
_timerInterrupt                           text33       00316
_variable1                                bssBANK1     000EF
_variable2                                bssBANK1     000EE
_vfpfcnvrt                                text45       00500
_vfpfcnvrt$3310                           cstackBANK0  00060
_vfprintf                                 text44       0133A
_width                                    bssBANK2     00122
_wr1RegCompleteHandler                    (abs)        00000
_wr2RegCompleteHandler                    (abs)        00000
_writeRingBuffer                          text39       01579
abs@a                                     cstackCOMMON 00073
activateAlarm@alarm                       cstackCOMMON 00074
atoi@n                                    cstackBANK0  00027
atoi@neg                                  cstackBANK0  00020
atoi@s                                    cstackCOMMON 00076
btemp                                     (abs)        0007E
clear_ram0                                clrtext      01065
ctoa@c                                    cstackCOMMON 00078
ctoa@fp                                   cstackBANK0  00024
ctoa@l                                    cstackBANK0  00020
ctoa@w                                    cstackBANK0  00022
dtoa@d                                    cstackBANK0  00030
dtoa@fp                                   cstackBANK0  0003D
dtoa@i                                    cstackBANK0  0004C
dtoa@n                                    cstackBANK0  00044
dtoa@p                                    cstackBANK0  0003E
dtoa@s                                    cstackBANK0  00042
dtoa@w                                    cstackBANK0  00040
end_of_initialization                     cinit        00030
fputc@c                                   cstackCOMMON 00070
fputc@fp                                  cstackCOMMON 00072
fputs@c                                   cstackBANK0  00020
fputs@fp                                  cstackCOMMON 00078
fputs@i                                   cstackBANK0  00021
fputs@s                                   cstackBANK0  00023
i1DATAEE_WriteByte@GIEBitValue            cstackCOMMON 00073
i1DATAEE_WriteByte@bAdd                   cstackCOMMON 00070
i1DATAEE_WriteByte@bData                  cstackCOMMON 00072
i1LCDsend2x4@c                            cstackCOMMON 00075
i1LCDsend2x4@hc                           cstackCOMMON 00076
i1LCDsend2x4@lc                           cstackCOMMON 00077
i1LCDsend2x4@mode                         cstackCOMMON 00072
i1WriteI2C@data_out                       cstackCOMMON 00071
i1_DATAEE_WriteByte                       text40       0123E
i1_LCDsend2x4                             text63       0090E
i1_PWMOutputDisable                       text38       010F3
i1_TMR2_Stop                              text37       01051
i1_TMR2_StopTimer                         text36       0105B
i1_WriteI2C                               text66       013E7
i1_deactivateAlarm                        text34       01079
i1_deactivatePWM                          text35       01072
int$flags                                 (abs)        0007E
intlevel0                                 functab      00000
intlevel1                                 functab      00000
intlevel2                                 functab      00000
intlevel3                                 functab      00000
intlevel4                                 functab      00000
intlevel5                                 functab      00000
isdigit@c                                 cstackCOMMON 00070
isspace@c                                 cstackCOMMON 00070
operADDR@dataAddr                         cstackBANK2  00142
operADDR@operation                        cstackBANK2  00141
pad@buf                                   cstackBANK0  00024
pad@fp                                    cstackBANK0  0002B
pad@i                                     cstackBANK0  00027
pad@p                                     cstackBANK0  00025
pad@w                                     cstackBANK0  00029
parseEPROMInitialization@ALAF             cstackBANK2  00147
parseEPROMInitialization@ALAL             cstackBANK2  00146
parseEPROMInitialization@ALAT             cstackBANK2  00145
parseEPROMInitialization@CLKH             cstackBANK2  00148
parseEPROMInitialization@CLKM             cstackBANK2  00149
parseEPROMInitialization@NR               cstackBANK2  00140
parseEPROMInitialization@NREG             cstackBANK2  0013F
parseEPROMInitialization@PMON             cstackBANK2  00143
parseEPROMInitialization@RI               cstackBANK2  00142
parseEPROMInitialization@TALA             cstackBANK2  00144
parseEPROMInitialization@WI               cstackBANK2  00141
parseEPROMInitialization@checksum         cstackBANK2  0014A
parseEPROMInitialization@magic_word       cstackBANK2  0014C
printLCD@buf                              cstackBANK1  000C9
readTC74@value                            cstackCOMMON 00073
reset_vec                                 reset_vec    00000
sprintf@ap                                cstackBANK1  000B3
sprintf@f                                 cstackBANK1  000B4
sprintf@fmt                               cstackBANK1  000A0
sprintf@s                                 cstackBANK1  000B2
start                                     init         00018
start_initialization                      cinit        0001A
storeEPROMBuild@dataAddr                  cstackBANK2  0014B
storeEPROMBuild@hours                     cstackBANK2  0014A
storeEPROMBuild@luminosity                cstackBANK2  00147
storeEPROMBuild@minutes                   cstackBANK2  00144
storeEPROMBuild@operation                 cstackBANK2  00148
storeEPROMBuild@seconds                   cstackBANK2  00145
storeEPROMBuild@temperature               cstackBANK2  00146
strlen@a                                  cstackCOMMON 00073
strlen@s                                  cstackCOMMON 00074
timerInterrupt@lum                        cstackBANK1  000EC
timerInterrupt@temperature                cstackBANK1  000EA
timerInterrupt@value                      cstackBANK1  000EB
vfpfcnvrt@ap                              cstackBANK0  0004F
vfpfcnvrt@c                               cstackBANK0  00062
vfpfcnvrt@done                            cstackBANK0  0005E
vfpfcnvrt@fmt                             cstackBANK0  0004E
vfpfcnvrt@fp                              cstackBANK0  00063
vfpfcnvrt@ll                              cstackBANK0  00056
vfprintf@ap                               cstackBANK0  00066
vfprintf@cfmt                             cstackBANK0  0006A
vfprintf@fmt                              cstackBANK0  00064
vfprintf@fp                               cstackBANK0  00069
writeRingBuffer@luminosity                cstackCOMMON 00074
writeRingBuffer@temperature               cstackCOMMON 00076
wtemp0                                    (abs)        0007E


MODULE INFORMATION

Module		Function		Class		Link	Load	Size
C:\Program Files\Microchip\xc8\v2.32\pic\sources\c99\common\nf_sprintf.c
		_sprintf       		CODE           	12C0	0000	38

C:\Program Files\Microchip\xc8\v2.32\pic\sources\c99\common\nf_sprintf.c estimated size: 38

C:\Program Files\Microchip\xc8\v2.32\pic\sources\c99\common\isdigit.c
		_isdigit       		CODE           	11A5	0000	24

C:\Program Files\Microchip\xc8\v2.32\pic\sources\c99\common\isdigit.c estimated size: 24

mcc_generated_files/pwm6.c
		_PWM6_LoadDutyValue		CODE           	1178	0000	22
		_PWM6_Initialize		CODE           	10CA	0000	13

mcc_generated_files/pwm6.c estimated size: 35

C:\Program Files\Microchip\xc8\v2.32\pic\sources\c99\common\doprnt.c
		_vfpfcnvrt     		CODE           	0500	0000	466
		_pad           		CODE           	1523	0000	86
		_ctoa          		CODE           	15DC	0000	113
		_dtoa          		CODE           	0E94	0000	364
		_vfprintf      		CODE           	133A	0000	49

C:\Program Files\Microchip\xc8\v2.32\pic\sources\c99\common\doprnt.c estimated size: 1078

mcc_generated_files/i2c1_master.c
		_I2C1_Initialize		CODE           	109E	0000	9

mcc_generated_files/i2c1_master.c estimated size: 9

mcc_generated_files/tmr2.c
		_TMR2_Initialize		CODE           	10E5	0000	14
		_TMR2_Stop     		CODE           	1054	0000	3
		_TMR2_Start    		CODE           	104E	0000	3
		_TMR2_StopTimer		CODE           	0801	0000	4
		_TMR2_StartTimer		CODE           	1057	0000	4

mcc_generated_files/tmr2.c estimated size: 28

mcc_generated_files/interrupt_manager.c
		_INTERRUPT_InterruptManager		CODE           	0004	0000	20

mcc_generated_files/interrupt_manager.c estimated size: 20

mcc_generated_files/pin_manager.c
		_PIN_MANAGER_Initialize		CODE           	13A2	0000	69

mcc_generated_files/pin_manager.c estimated size: 69

I2C/i2c.c
		_ReadI2C       		CODE           	11F0	0000	26
		_WriteI2C      		CODE           	0805	0000	90
		_OpenI2C       		CODE           	10BD	0000	13

I2C/i2c.c estimated size: 129

C:\Program Files\Microchip\xc8\v2.32\pic\sources\c99\common\atoi.c
		_atoi          		CODE           	085F	0000	175

C:\Program Files\Microchip\xc8\v2.32\pic\sources\c99\common\atoi.c estimated size: 175

C:\Program Files\Microchip\xc8\v2.32\pic\sources\c99\common\nf_fputs.c
		_fputs         		CODE           	12E6	0000	41

C:\Program Files\Microchip\xc8\v2.32\pic\sources\c99\common\nf_fputs.c estimated size: 41

C:\Program Files\Microchip\xc8\v2.32\pic\sources\c99\common\putch.c
		_putch         		CODE           	0002	0000	1

C:\Program Files\Microchip\xc8\v2.32\pic\sources\c99\common\putch.c estimated size: 1

LCD/lcd.c
		_LCDinit       		CODE           	164D	0000	131
		_LCDsend       		CODE           	14D0	0000	83
		_LCDsend2x4    		CODE           	0A8A	0000	215
		_LCDstr        		CODE           	1164	0000	20
		_LCDchar       		CODE           	108E	0000	8
		_LCDbusy       		CODE           	1130	0000	17
		_LCDrecv       		CODE           	0D4C	0000	328
		_LCDcmd        		CODE           	106B	0000	7

LCD/lcd.c estimated size: 809

C:\Program Files\Microchip\xc8\v2.32\pic\sources\c99\common\Umul16.c
		___wmul        		CODE           	125C	0000	31

C:\Program Files\Microchip\xc8\v2.32\pic\sources\c99\common\Umul16.c estimated size: 31

C:\Program Files\Microchip\xc8\v2.32\pic\sources\c99\common\abs.c
		_abs           		CODE           	120A	0000	26

C:\Program Files\Microchip\xc8\v2.32\pic\sources\c99\common\abs.c estimated size: 26

EPROMlib.c
		_storeEPROMBuild		CODE           	1481	0000	79
		_operADDR      		CODE           	136B	0000	55
		_initializeEPROM		CODE           	16D0	0000	142
		_parseEPROMInitialization		CODE           	09C4	0000	198

EPROMlib.c estimated size: 474

C:\Program Files\Microchip\xc8\v2.32\pic\sources\c99\common\aomod.c
		___aomod       		CODE           	0B61	0000	234

C:\Program Files\Microchip\xc8\v2.32\pic\sources\c99\common\aomod.c estimated size: 234

C:\Program Files\Microchip\xc8\v2.32\pic\sources\c99\common\isspace.c
		_isspace       		CODE           	127B	0000	33

C:\Program Files\Microchip\xc8\v2.32\pic\sources\c99\common\isspace.c estimated size: 33

shared
		i1_DATAEE_WriteByte		CODE           	123E	0000	30
		__initialization		CODE           	001A	0000	22
		i1_LCDsend2x4  		CODE           	090E	0000	182
		i1_deactivateAlarm		CODE           	1079	0000	7
		i1_TMR2_Stop   		CODE           	1051	0000	3
		_i2c1_fsmStateTable		STRCODE        	1800	0000	32
		i1_deactivatePWM		CODE           	1072	0000	7
		i1_WriteI2C    		CODE           	13E7	0000	75
		i1_TMR2_StopTimer		CODE           	105B	0000	4
		i1_PWMOutputDisable		CODE           	10F3	0000	15

shared estimated size: 377

mcc_generated_files/mcc.c
		_PMD_Initialize		CODE           	1096	0000	8
		_OSCILLATOR_Initialize		CODE           	10A7	0000	9
		_SYSTEM_Initialize		CODE           	11BD	0000	25

mcc_generated_files/mcc.c estimated size: 42

alarm.c
		_PWMOutputDisable		CODE           	1102	0000	15
		_deactivatePWM 		CODE           	1080	0000	7
		_PWMOutputEnable		CODE           	1120	0000	16
		_deactivateAlarm		CODE           	1087	0000	7
		_activateAlarm 		CODE           	11D6	0000	26

alarm.c estimated size: 71

mcc_generated_files/tmr1.c
		_TMR1_Initialize		CODE           	07DF	0000	33
		_TMR1_SetInterruptHandler		CODE           	105F	0000	6
		_TMR1_DefaultInterruptHandler		CODE           	0003	0000	1
		_TMR1_CallBack 		CODE           	10B0	0000	13
		_TMR1_WriteTimer		CODE           	1141	0000	17
		_TMR1_ISR      		CODE           	10D7	0000	14

mcc_generated_files/tmr1.c estimated size: 84

mcc_generated_files/memory.c
		_DATAEE_WriteByte		CODE           	129C	0000	36
		_DATAEE_ReadByte		CODE           	1111	0000	15

mcc_generated_files/memory.c estimated size: 51

mcc_generated_files/adcc.c
		_ADCC_GetSingleConversion		CODE           	1152	0000	18
		_ADCC_Initialize		CODE           	118E	0000	23

mcc_generated_files/adcc.c estimated size: 41

C:\Program Files\Microchip\xc8\v2.32\pic\sources\c99\common\nf_fputc.c
		_fputc         		CODE           	1432	0000	79

C:\Program Files\Microchip\xc8\v2.32\pic\sources\c99\common\nf_fputc.c estimated size: 79

C:\Program Files\Microchip\xc8\v2.32\pic\sources\c99\common\aodiv.c
		___aodiv       		CODE           	0C4B	0000	257

C:\Program Files\Microchip\xc8\v2.32\pic\sources\c99\common\aodiv.c estimated size: 257

main.c
		_main          		CODE           	0034	0000	738
		_readTC74      		CODE           	06D2	0000	269
		_timerInterrupt		CODE           	0316	0000	490
		_writeRingBuffer		CODE           	1579	0000	99
		_initializeREG 		CODE           	130F	0000	43
		_printLCD      		CODE           	175E	0000	162

main.c estimated size: 1801

C:\Program Files\Microchip\xc8\v2.32\pic\sources\c99\common\strlen.c
		_strlen        		CODE           	1224	0000	26

C:\Program Files\Microchip\xc8\v2.32\pic\sources\c99\common\strlen.c estimated size: 26

