Microchip MPLAB XC8 Compiler V2.32

Linker command line:

-W-3 --edf=C:\Program Files\Microchip\xc8\v2.32\pic\dat\en_msgs.txt -cn \
  -h+dist/default/production\TESTE.X.production.sym \
  --cmf=dist/default/production\TESTE.X.production.cmf -z -Q16F18875 \
  -oC:\Users\Asus\AppData\Local\Temp\xcAsfvc.4 --defsym=__MPLAB_BUILD=1 \
  -Mdist/default/production/TESTE.X.production.map -E1 -ver=XC8 Compiler \
  --acfsm=1493 -ASTACK=020E8h-023EFh -pstack=STACK -ACODE=00h-07FFhx4 \
  -ASTRCODE=00h-01FFFh -ASTRING=00h-0FFhx32 -ACONST=00h-0FFhx32 \
  -AENTRY=00h-0FFhx32 -ACOMMON=070h-07Fh -ABANK0=020h-06Fh \
  -ABANK1=0A0h-0EFh -ABANK2=0120h-016Fh -ABANK3=01A0h-01EFh \
  -ABANK4=0220h-026Fh -ABANK5=02A0h-02EFh -ABANK6=0320h-036Fh \
  -ABANK7=03A0h-03EFh -ABANK8=0420h-046Fh -ABANK9=04A0h-04EFh \
  -ABANK10=0520h-056Fh -ABANK11=05A0h-05EFh -ABANK12=0620h-064Fh \
  -ABIGRAM=02000h-023EFh \
  -ARAM=020h-06Fh,0A0h-0EFh,0120h-016Fh,01A0h-01EFh,0220h-026Fh,02A0h-02EFh,0320h-036Fh,03A0h-03EFh,0420h-046Fh,04A0h-04EFh,0520h-056Fh,05A0h-05EFh,0620h-064Fh \
  -AABS1=020h-07Fh,0A0h-0EFh,0120h-016Fh,01A0h-01EFh,0220h-026Fh,02A0h-02EFh,0320h-036Fh,03A0h-03EFh,0420h-046Fh,04A0h-04EFh,0520h-056Fh,05A0h-05EFh,0620h-064Fh \
  -ASFR0=00h-01Fh -ASFR1=080h-09Fh -ASFR2=0100h-011Fh -ASFR3=0180h-019Fh \
  -ASFR4=0200h-021Fh -ASFR5=0280h-029Fh -ASFR6=0300h-031Fh \
  -ASFR7=0380h-039Fh -ASFR8=0400h-041Fh -ASFR9=0480h-049Fh \
  -ASFR10=0500h-051Fh -ASFR11=0580h-059Fh -ASFR12=0600h-061Fh \
  -ASFR13=0680h-06EFh -ASFR14=0700h-076Fh -ASFR15=0780h-07EFh \
  -ASFR16=0800h-086Fh -ASFR17=0880h-08EFh -ASFR18=0900h-096Fh \
  -ASFR19=0980h-09EFh -ASFR20=0A00h-0A6Fh -ASFR21=0A80h-0AEFh \
  -ASFR22=0B00h-0B6Fh -ASFR23=0B80h-0BEFh -ASFR24=0C00h-0C6Fh \
  -ASFR25=0C80h-0CEFh -ASFR26=0D00h-0D6Fh -ASFR27=0D80h-0DEFh \
  -ASFR28=0E00h-0E6Fh -ASFR29=0E80h-0EEFh -ASFR30=0F00h-0F6Fh \
  -ASFR31=0F80h-0FEFh -ACONFIG=08007h-0800Bh -DCONFIG=2 \
  -AIDLOC=08000h-08003h -DIDLOC=2 -AEEDATA=00h-0FFh/0F000h \
  -peeprom_data=EEDATA -DEEDATA=2 -DCODE=2 -DSTRCODE=2 -DSTRING=2 -DCONST=2 \
  -DENTRY=2 -preset_vec=00h,intentry=04h,init,end_init -ppowerup=CODE \
  -pcinit=CODE -pfunctab=ENTRY -k \
  C:\Users\Asus\AppData\Local\Temp\xcAsfvc.o \
  dist/default/production\TESTE.X.production.o 

Object code version is 3.11

Machine type is 16F18875



                Name                               Link     Load   Length Selector   Space Scale
C:\Users\Asus\AppData\Local\Temp\xcAsfvc.o
                end_init                             25       25        2        8       0
                reset_vec                             0        0        2        0       0
                config                             8007     8007        5        0       4
dist/default/production\TESTE.X.production.o
                cinit                                27       27       16        8       0
                intentry                              4        4       21        8       0
                config                             8007     8007        5        0       4
                text71                             12A7     12A7       12     254E       0
                text70                             12CC     12CC       16     2598       0
                text69                             1276     1276       10     24EC       0
                text68                             11CE     11CE        3     239C       0
                text67                              800      800        4        8       0
                text66                             1342     1342       1A     2684       0
                text65                             1267     1267        F     24CE       0
                text64                             11D1     11D1        3     23A2       0
                text63                              7FC      7FC        4        8       0
                text62                             11E0     11E0        7     23C0       0
                text61                             13E4     13E4       1E     27C8       0
                text60                             179D     179D       63     2F3A       0
                text59                             135C     135C       1A     26B8       0
                text58                             15AC     15AC       4B     2B58       0
                text57                              DA3      DA3      10D     1B46       0
                text56                              BAC      BAC       F2     1758       0
                text55                             11CD     11CD        1     239A       0
                text54                             1225     1225        D     244A       0
                text53                             1296     1296       11     252C       0
                text52                             1259     1259        E     24B2       0
                text51                                2        2        1        0       0
                text50                             1232     1232        D     2464       0
                text49                             11D4     11D4        6     23A8       0
                text47                             1402     1402       1F     2804       0
                text46                             1743     1743       5A     2E86       0
                text45                              448      448      18B        8       0
                text44                             12B9     12B9       13     2572       0
                text43                             1697     1697       53     2D2E       0
                text42                              9E8      9E8       D7     13D0       0
                text41                              828      828       83     1050       0
                text40                             11E7     11E7        8     23CE       0
                text39                             13AC     13AC       1C     2758       0
                text38                             11F7     11F7        9     23EE       0
                text37                             1376     1376       1B     26EC       0
                text36                             123F     123F        D     247E       0
                text35                             12E2     12E2       17     25C4       0
                text34                             121B     121B        A     2436       0
                text33                             1200     1200        9     2400       0
                text32                             1567     1567       45     2ACE       0
                text31                             11EF     11EF        8     23DE       0
                text30                             124C     124C        D     2498       0
                text29                             1209     1209        9     2412       0
                text28                             1441     1441       21     2882       0
                text27                             1212     1212        9     2424       0
                text26                             12F9     12F9       17     25F2       0
                text25                             1310     1310       19     2620       0
                text24                              804      804       24     1008       0
                text23                              8AB      8AB       8E     1156       0
                text22                             14D0     14D0       2B     29A0       0
                text21                             1286     1286       10     250C       0
                text20                              743      743       B9        8       0
                text19                              EB0      EB0      150     1D60       0
                text18                             1421     1421       20     2842       0
                text17                             1329     1329       19     2652       0
                text16                             1462     1462       22     28C4       0
                text15                              939      939       AF     1272       0
                text14                              C9E      C9E      105     193C       0
                text13                              ABF      ABF       ED     157E       0
                text12                             13C8     13C8       1C     2790       0
                text11                                3        3        1        6       0
                text10                             1646     1646       51     2C8C       0
                text9                              14A7     14A7       29     294E       0
                text8                              1391     1391       1B     2722       0
                text7                              16EA     16EA       59     2DD4       0
                text6                               5D3      5D3      170        8       0
                text5                               2A2      2A2      1A6        8       0
                text4                              14FB     14FB       35     29F6       0
                text3                              1484     1484       23     2908       0
                text2                              1530     1530       37     2A60       0
                text1                              15F7     15F7       4F     2BEE       0
                maintext                             3D       3D      265        8       0
                cstackBANK0                          20       20       50       20       1
                cstackCOMMON                         70       70        C       70       1
                cstackBANK1                          A0       A0       34       A0       1
                clrtext                            11DA     11DA        6     23B4       0
                bssBANK2                            120      120       3F      120       1
                bssBANK1                             D4       D4       18       A0       1
                bssCOMMON                            7C       7C        2       70       1
                stringtext9                        188A     188A        4     3000       0
                stringtext8                        1883     1883        7     3000       0
                stringtext7                        1876     1876        D     3000       0
                stringtext6                        1867     1867        F     3000       0
                stringtext5                        1858     1858        F     3000       0
                stringtext4                        1849     1849        F     3000       0
                stringtext3                        1835     1835       14     3000       0
                stringtext2                        1820     1820       15     3000       0
                nvBANK2                             15F      15F        9      120       1
                nvBANK1                              EC       EC        4       A0       1
                stringtext1                        1800     1800       20     3000       0

TOTAL           Name                               Link     Load   Length     Space
        CLASS   STACK          

        CLASS   CODE           
                end_init                             25       25        2         0
                cinit                                27       27       16         0
                intentry                              4        4       21         0
                reset_vec                             0        0        2         0
                text71                             12A7     12A7       12         0
                text70                             12CC     12CC       16         0
                text69                             1276     1276       10         0
                text68                             11CE     11CE        3         0
                text67                              800      800        4         0
                text66                             1342     1342       1A         0
                text65                             1267     1267        F         0
                text64                             11D1     11D1        3         0
                text63                              7FC      7FC        4         0
                text62                             11E0     11E0        7         0
                text61                             13E4     13E4       1E         0
                text60                             179D     179D       63         0
                text59                             135C     135C       1A         0
                text58                             15AC     15AC       4B         0
                text57                              DA3      DA3      10D         0
                text56                              BAC      BAC       F2         0
                text55                             11CD     11CD        1         0
                text54                             1225     1225        D         0
                text53                             1296     1296       11         0
                text52                             1259     1259        E         0
                text51                                2        2        1         0
                text50                             1232     1232        D         0
                text49                             11D4     11D4        6         0
                text47                             1402     1402       1F         0
                text46                             1743     1743       5A         0
                text45                              448      448      18B         0
                text44                             12B9     12B9       13         0
                text43                             1697     1697       53         0
                text42                              9E8      9E8       D7         0
                text41                              828      828       83         0
                text40                             11E7     11E7        8         0
                text39                             13AC     13AC       1C         0
                text38                             11F7     11F7        9         0
                text37                             1376     1376       1B         0
                text36                             123F     123F        D         0
                text35                             12E2     12E2       17         0
                text34                             121B     121B        A         0
                text33                             1200     1200        9         0
                text32                             1567     1567       45         0
                text31                             11EF     11EF        8         0
                text30                             124C     124C        D         0
                text29                             1209     1209        9         0
                text28                             1441     1441       21         0
                text27                             1212     1212        9         0
                text26                             12F9     12F9       17         0
                text25                             1310     1310       19         0
                text24                              804      804       24         0
                text23                              8AB      8AB       8E         0
                text22                             14D0     14D0       2B         0
                text21                             1286     1286       10         0
                text20                              743      743       B9         0
                text19                              EB0      EB0      150         0
                text18                             1421     1421       20         0
                text17                             1329     1329       19         0
                text16                             1462     1462       22         0
                text15                              939      939       AF         0
                text14                              C9E      C9E      105         0
                text13                              ABF      ABF       ED         0
                text12                             13C8     13C8       1C         0
                text11                                3        3        1         0
                text10                             1646     1646       51         0
                text9                              14A7     14A7       29         0
                text8                              1391     1391       1B         0
                text7                              16EA     16EA       59         0
                text6                               5D3      5D3      170         0
                text5                               2A2      2A2      1A6         0
                text4                              14FB     14FB       35         0
                text3                              1484     1484       23         0
                text2                              1530     1530       37         0
                text1                              15F7     15F7       4F         0
                maintext                             3D       3D      265         0
                clrtext                            11DA     11DA        6         0

        CLASS   STRCODE        
                stringtext9                        188A     188A        4         0
                stringtext8                        1883     1883        7         0
                stringtext7                        1876     1876        D         0
                stringtext6                        1867     1867        F         0
                stringtext5                        1858     1858        F         0
                stringtext4                        1849     1849        F         0
                stringtext3                        1835     1835       14         0
                stringtext2                        1820     1820       15         0
                stringtext1                        1800     1800       20         0

        CLASS   STRING         

        CLASS   CONST          

        CLASS   ENTRY          

        CLASS   COMMON         
                cstackCOMMON                         70       70        C         1
                bssCOMMON                            7C       7C        2         1

        CLASS   BANK0          
                cstackBANK0                          20       20       50         1

        CLASS   BANK1          
                cstackBANK1                          A0       A0       34         1
                bssBANK1                             D4       D4       18         1
                nvBANK1                              EC       EC        4         1

        CLASS   BANK2          
                bssBANK2                            120      120       3F         1
                nvBANK2                             15F      15F        9         1

        CLASS   BANK3          

        CLASS   BANK4          

        CLASS   BANK5          

        CLASS   BANK6          

        CLASS   BANK7          

        CLASS   BANK8          

        CLASS   BANK9          

        CLASS   BANK10         

        CLASS   BANK11         

        CLASS   BANK12         

        CLASS   BIGRAM         

        CLASS   RAM            

        CLASS   ABS1           
                abs_s1                               7E       7E        2         1

        CLASS   SFR0           

        CLASS   SFR1           

        CLASS   SFR2           

        CLASS   SFR3           

        CLASS   SFR4           

        CLASS   SFR5           

        CLASS   SFR6           

        CLASS   SFR7           

        CLASS   SFR8           

        CLASS   SFR9           

        CLASS   SFR10          

        CLASS   SFR11          

        CLASS   SFR12          

        CLASS   SFR13          

        CLASS   SFR14          

        CLASS   SFR15          

        CLASS   SFR16          

        CLASS   SFR17          

        CLASS   SFR18          

        CLASS   SFR19          

        CLASS   SFR20          

        CLASS   SFR21          

        CLASS   SFR22          

        CLASS   SFR23          

        CLASS   SFR24          

        CLASS   SFR25          

        CLASS   SFR26          

        CLASS   SFR27          

        CLASS   SFR28          

        CLASS   SFR29          

        CLASS   SFR30          

        CLASS   SFR31          

        CLASS   CONFIG         
                config                             8007     8007        5         4

        CLASS   IDLOC          

        CLASS   EEDATA         

        CLASS   BANK31         

        CLASS   BANK30         

        CLASS   BANK29         

        CLASS   BANK28         

        CLASS   BANK27         

        CLASS   BANK26         

        CLASS   BANK25         

        CLASS   BANK24         

        CLASS   BANK23         

        CLASS   BANK22         

        CLASS   BANK21         

        CLASS   BANK20         

        CLASS   BANK19         

        CLASS   BANK18         

        CLASS   BANK17         

        CLASS   BANK16         

        CLASS   BANK15         

        CLASS   BANK14         

        CLASS   BANK13         



SEGMENTS        Name                           Load    Length   Top    Selector   Space  Class     Delta

                reset_vec                      000000  000003  000003         0       0  CODE        2
                text11                         000003  000001  000004         6       0  CODE        2
                intentry                       000004  000800  000804         8       0  CODE        2
                cstackBANK0                    000020  000050  000070        20       1  BANK0       1
                cstackCOMMON                   000070  00000E  00007E        70       1  COMMON      1
                cstackBANK1                    0000A0  000050  0000F0        A0       1  BANK1       1
                bssBANK2                       000120  000048  000168       120       1  BANK2       1
                text24                         000804  000024  000828      1008       0  CODE        2
                text41                         000828  000083  0008AB      1050       0  CODE        2
                text23                         0008AB  00008E  000939      1156       0  CODE        2
                text15                         000939  0000AF  0009E8      1272       0  CODE        2
                text42                         0009E8  0000D7  000ABF      13D0       0  CODE        2
                text13                         000ABF  0000ED  000BAC      157E       0  CODE        2
                text56                         000BAC  0000F2  000C9E      1758       0  CODE        2
                text14                         000C9E  000105  000DA3      193C       0  CODE        2
                text57                         000DA3  00010D  000EB0      1B46       0  CODE        2
                text19                         000EB0  000150  001000      1D60       0  CODE        2
                text55                         0011CD  000001  0011CE      239A       0  CODE        2
                text68                         0011CE  000003  0011D1      239C       0  CODE        2
                text64                         0011D1  000003  0011D4      23A2       0  CODE        2
                text49                         0011D4  000006  0011DA      23A8       0  CODE        2
                clrtext                        0011DA  000006  0011E0      23B4       0  CODE        2
                text62                         0011E0  000007  0011E7      23C0       0  CODE        2
                text40                         0011E7  000008  0011EF      23CE       0  CODE        2
                text31                         0011EF  000008  0011F7      23DE       0  CODE        2
                text38                         0011F7  000009  001200      23EE       0  CODE        2
                text33                         001200  000009  001209      2400       0  CODE        2
                text29                         001209  000009  001212      2412       0  CODE        2
                text27                         001212  000009  00121B      2424       0  CODE        2
                text34                         00121B  00000A  001225      2436       0  CODE        2
                text54                         001225  00000D  001232      244A       0  CODE        2
                text50                         001232  00000D  00123F      2464       0  CODE        2
                text36                         00123F  00000D  00124C      247E       0  CODE        2
                text30                         00124C  00000D  001259      2498       0  CODE        2
                text52                         001259  00000E  001267      24B2       0  CODE        2
                text65                         001267  00000F  001276      24CE       0  CODE        2
                text69                         001276  000010  001286      24EC       0  CODE        2
                text21                         001286  000010  001296      250C       0  CODE        2
                text53                         001296  000011  0012A7      252C       0  CODE        2
                text71                         0012A7  000012  0012B9      254E       0  CODE        2
                text44                         0012B9  000013  0012CC      2572       0  CODE        2
                text70                         0012CC  000016  0012E2      2598       0  CODE        2
                text35                         0012E2  000017  0012F9      25C4       0  CODE        2
                text26                         0012F9  000017  001310      25F2       0  CODE        2
                text25                         001310  000019  001329      2620       0  CODE        2
                text17                         001329  000019  001342      2652       0  CODE        2
                text66                         001342  00001A  00135C      2684       0  CODE        2
                text59                         00135C  00001A  001376      26B8       0  CODE        2
                text37                         001376  00001B  001391      26EC       0  CODE        2
                text8                          001391  00001B  0013AC      2722       0  CODE        2
                text39                         0013AC  00001C  0013C8      2758       0  CODE        2
                text12                         0013C8  00001C  0013E4      2790       0  CODE        2
                text61                         0013E4  00001E  001402      27C8       0  CODE        2
                text47                         001402  00001F  001421      2804       0  CODE        2
                text18                         001421  000020  001441      2842       0  CODE        2
                text28                         001441  000021  001462      2882       0  CODE        2
                text16                         001462  000022  001484      28C4       0  CODE        2
                text3                          001484  000023  0014A7      2908       0  CODE        2
                text9                          0014A7  000029  0014D0      294E       0  CODE        2
                text22                         0014D0  00002B  0014FB      29A0       0  CODE        2
                text4                          0014FB  000035  001530      29F6       0  CODE        2
                text2                          001530  000037  001567      2A60       0  CODE        2
                text32                         001567  000045  0015AC      2ACE       0  CODE        2
                text58                         0015AC  00004B  0015F7      2B58       0  CODE        2
                text1                          0015F7  00004F  001646      2BEE       0  CODE        2
                text10                         001646  000051  001697      2C8C       0  CODE        2
                text43                         001697  000053  0016EA      2D2E       0  CODE        2
                text7                          0016EA  000059  001743      2DD4       0  CODE        2
                text46                         001743  00005A  00179D      2E86       0  CODE        2
                text60                         00179D  000063  001800      2F3A       0  CODE        2
                stringtext1                    001800  00008E  00188E      3000       0  STRCODE     2


UNUSED ADDRESS RANGES

        Name                Unused          Largest block    Delta
        BANK10           00520-0056F              50           1
        BANK11           005A0-005EF              50           1
        BANK12           00620-0064F              30           1
        BANK2            00168-0016F               8           1
        BANK3            001A0-001EF              50           1
        BANK4            00220-0026F              50           1
        BANK5            002A0-002EF              50           1
        BANK6            00320-0036F              50           1
        BANK7            003A0-003EF              50           1
        BANK8            00420-0046F              50           1
        BANK9            004A0-004EF              50           1
        BIGRAM           02000-023EF             3F0           1
        CODE             01000-011CC             1CD           2
                         0188E-01FFF             772
        CONST            01000-011CC             100           2
                         0188E-01FFF             100
        EEDATA           0F000-0F0FF             100           2
        ENTRY            01000-011CC             100           2
                         0188E-01FFF             100
        IDLOC            08000-08003               4           2
        RAM              00168-0016F               8           1
                         001A0-001EF              50
                         00220-0026F              50
                         002A0-002EF              50
                         00320-0036F              50
                         003A0-003EF              50
                         00420-0046F              50
                         004A0-004EF              50
                         00520-0056F              50
                         005A0-005EF              50
                         00620-0064F              30
        SFR0             00000-0001F              20           1
        SFR1             00080-0009F              20           1
        SFR10            00500-0051F              20           1
        SFR11            00580-0059F              20           1
        SFR12            00600-0061F              20           1
        SFR13            00680-006EF              70           1
        SFR14            00700-0076F              70           1
        SFR15            00780-007EF              70           1
        SFR16            00800-0086F              70           1
        SFR17            00880-008EF              70           1
        SFR18            00900-0096F              70           1
        SFR19            00980-009EF              70           1
        SFR2             00100-0011F              20           1
        SFR20            00A00-00A6F              70           1
        SFR21            00A80-00AEF              70           1
        SFR22            00B00-00B6F              70           1
        SFR23            00B80-00BEF              70           1
        SFR24            00C00-00C6F              70           1
        SFR25            00C80-00CEF              70           1
        SFR26            00D00-00D6F              70           1
        SFR27            00D80-00DEF              70           1
        SFR28            00E00-00E6F              70           1
        SFR29            00E80-00EEF              70           1
        SFR3             00180-0019F              20           1
        SFR30            00F00-00F6F              70           1
        SFR31            00F80-00FEF              70           1
        SFR4             00200-0021F              20           1
        SFR5             00280-0029F              20           1
        SFR6             00300-0031F              20           1
        SFR7             00380-0039F              20           1
        SFR8             00400-0041F              20           1
        SFR9             00480-0049F              20           1
        STACK            020E8-023EF             308           1
        STRCODE          01000-011CC             1CD           2
                         0188E-01FFF             772
        STRING           01000-011CC             100           2
                         0188E-01FFF             100

                                  Symbol Table

?_ADCC_GetSingleConversion                cstackCOMMON 00070
?_LCDbusy                                 cstackBANK0  00027
?___aodiv                                 cstackBANK0  00020
?___aomod                                 cstackBANK0  00020
?___wmul                                  cstackBANK0  00020
?_abs                                     cstackBANK0  00033
?_atoi                                    cstackBANK0  00026
?_dtoa                                    cstackBANK0  0003B
?_isdigit                                 cstackBANK0  00020
?_isspace                                 cstackBANK0  00020
?_operADDR                                cstackBANK0  00020
?_pad                                     cstackBANK0  00030
?_sprintf                                 cstackBANK1  000A6
?_strlen                                  cstackBANK0  00020
?_vfpfcnvrt                               cstackBANK0  00059
?_vfprintf                                cstackBANK1  000A0
ADCC_GetSingleConversion@channel          cstackCOMMON 00072
DATAEE_ReadByte@bAdd                      cstackBANK0  00020
DATAEE_WriteByte@GIEBitValue              cstackBANK0  00023
DATAEE_WriteByte@bAdd                     cstackBANK0  00020
DATAEE_WriteByte@bData                    cstackBANK0  00022
LCDchar@c                                 cstackBANK0  00028
LCDcmd@c                                  cstackBANK0  00028
LCDpos@c                                  cstackBANK0  00029
LCDpos@l                                  cstackBANK0  0002B
LCDpos@p                                  cstackBANK0  0002C
LCDrecv@hc                                cstackBANK0  00024
LCDrecv@lc                                cstackBANK0  00025
LCDrecv@mode                              cstackBANK0  00026
LCDsend2x4@c                              cstackBANK0  00025
LCDsend2x4@hc                             cstackBANK0  00026
LCDsend2x4@lc                             cstackBANK0  00027
LCDsend2x4@mode                           cstackBANK0  00022
LCDsend@c                                 cstackBANK0  00023
LCDstr@c                                  cstackBANK0  0002E
LCDstr@p                                  cstackBANK0  00029
PWM6_LoadDutyValue@dutyValue              cstackCOMMON 00070
TMR1_SetInterruptHandler@InterruptHandler cstackBANK0  00020
TMR1_WriteTimer@timerVal                  cstackCOMMON 00070
TMR2_SetInterruptHandler@InterruptHandler cstackBANK0  00020
WriteI2C@data_out                         cstackBANK0  00021
_ADACCH                                   (abs)        00091
_ADACCL                                   (abs)        00090
_ADACQ                                    (abs)        0009D
_ADACT                                    (abs)        00099
_ADCAP                                    (abs)        0009B
_ADCC_GetSingleConversion                 text71       012A7
_ADCC_Initialize                          text35       012E2
_ADCLK                                    (abs)        00098
_ADCNT                                    (abs)        0010C
_ADCON0                                   (abs)        00093
_ADCON0bits                               (abs)        00093
_ADCON1                                   (abs)        00094
_ADCON1bits                               (abs)        00094
_ADCON2                                   (abs)        00095
_ADCON2bits                               (abs)        00095
_ADCON3                                   (abs)        00096
_ADCON3bits                               (abs)        00096
_ADERRH                                   (abs)        00117
_ADERRL                                   (abs)        00116
_ADFLTRH                                  (abs)        00115
_ADFLTRL                                  (abs)        00114
_ADLTHH                                   (abs)        0010F
_ADLTHL                                   (abs)        0010E
_ADPCH                                    (abs)        0009E
_ADPRE                                    (abs)        0009C
_ADPREVH                                  (abs)        0008F
_ADPREVL                                  (abs)        0008E
_ADREF                                    (abs)        0009A
_ADRESH                                   (abs)        0008D
_ADRESL                                   (abs)        0008C
_ADRPT                                    (abs)        0010D
_ADSTAT                                   (abs)        00097
_ADSTATbits                               (abs)        00097
_ADSTPTH                                  (abs)        00113
_ADSTPTL                                  (abs)        00112
_ADUTHH                                   (abs)        00111
_ADUTHL                                   (abs)        00110
_ALAF                                     bssBANK1     000E2
_ALAL                                     bssBANK1     000E3
_ALAT                                     bssBANK1     000E4
_ANSELA                                   (abs)        00F38
_ANSELB                                   (abs)        00F43
_ANSELC                                   (abs)        00F4E
_ANSELD                                   (abs)        00F59
_ANSELE                                   (abs)        00F64
_CCPTMRS1bits                             (abs)        0021F
_CLKH                                     bssBANK1     000E1
_CLKM                                     bssBANK1     000E0
_DATAEE_ReadByte                          text21       01286
_DATAEE_WriteByte                         text24       00804
_I2C1_CallbackReturnReset                 (abs)        00000
_I2C1_CallbackReturnStop                  (abs)        00000
_I2C1_DO_ADDRESS_NACK                     (abs)        00000
_I2C1_DO_IDLE                             (abs)        00000
_I2C1_DO_RCEN                             (abs)        00000
_I2C1_DO_RESET                            (abs)        00000
_I2C1_DO_RX                               (abs)        00000
_I2C1_DO_RX_ACK                           (abs)        00000
_I2C1_DO_RX_NACK_RESTART                  (abs)        00000
_I2C1_DO_RX_NACK_STOP                     (abs)        00000
_I2C1_DO_SEND_ADR_READ                    (abs)        00000
_I2C1_DO_SEND_ADR_WRITE                   (abs)        00000
_I2C1_DO_SEND_RESTART                     (abs)        00000
_I2C1_DO_SEND_RESTART_READ                (abs)        00000
_I2C1_DO_SEND_RESTART_WRITE               (abs)        00000
_I2C1_DO_SEND_STOP                        (abs)        00000
_I2C1_DO_TX                               (abs)        00000
_I2C1_DO_TX_EMPTY                         (abs)        00000
_I2C1_Initialize                          text34       0121B
_I2C1_Status                              bssBANK2     00120
_INLVLA                                   (abs)        00F3C
_INLVLB                                   (abs)        00F47
_INLVLC                                   (abs)        00F52
_INLVLD                                   (abs)        00F5D
_INLVLE                                   (abs)        00F68
_INTCONbits                               (abs)        0000B
_INTERRUPT_InterruptManager               intentry     00004
_LATA                                     (abs)        00016
_LATAbits                                 (abs)        00016
_LATB                                     (abs)        00017
_LATC                                     (abs)        00018
_LATD                                     (abs)        00019
_LATE                                     (abs)        0001A
_LCDbusy                                  text44       012B9
_LCDchar                                  text38       011F7
_LCDcmd                                   text40       011E7
_LCDinit                                  text41       00828
_LCDpos                                   text39       013AC
_LCDrecv                                  text45       00448
_LCDsend                                  text43       01697
_LCDsend2x4                               text42       009E8
_LCDstr                                   text37       01376
_NR                                       bssBANK1     000E9
_NREG                                     bssBANK1     000EA
_NVMADRH                                  (abs)        0081B
_NVMADRL                                  (abs)        0081A
_NVMCON1                                  (abs)        0081E
_NVMCON1bits                              (abs)        0081E
_NVMCON2                                  (abs)        0081F
_NVMDATH                                  (abs)        0081D
_NVMDATL                                  (abs)        0081C
_ODCONA                                   (abs)        00F3A
_ODCONB                                   (abs)        00F45
_ODCONC                                   (abs)        00F50
_ODCOND                                   (abs)        00F5B
_ODCONE                                   (abs)        00F66
_OSCCON1                                  (abs)        0088D
_OSCCON3                                  (abs)        0088F
_OSCEN                                    (abs)        00891
_OSCFRQ                                   (abs)        00893
_OSCILLATOR_Initialize                    text33       01200
_OSCTUNE                                  (abs)        00892
_OpenI2C                                  text36       0123F
_PIE3bits                                 (abs)        00719
_PIE4bits                                 (abs)        0071A
_PIN_MANAGER_Initialize                   text32       01567
_PIR3bits                                 (abs)        0070F
_PIR4bits                                 (abs)        00710
_PMD0                                     (abs)        00796
_PMD1                                     (abs)        00797
_PMD2                                     (abs)        00798
_PMD3                                     (abs)        00799
_PMD4                                     (abs)        0079A
_PMD5                                     (abs)        0079B
_PMD_Initialize                           text31       011EF
_PMON                                     bssBANK1     000E6
_PORTAbits                                (abs)        0000C
_PORTBbits                                (abs)        0000D
_PORTCbits                                (abs)        0000E
_PPSLOCK                                  (abs)        00E8F
_PPSLOCKbits                              (abs)        00E8F
_PR2                                      (abs)        0028D
_PWM6CON                                  (abs)        0038E
_PWM6DCH                                  (abs)        0038D
_PWM6DCL                                  (abs)        0038C
_PWM6_Initialize                          text30       0124C
_PWM6_LoadDutyValue                       text70       012CC
_PWMOutputDisable                         text65       01267
_PWMOutputEnable                          text69       01276
_RA6PPS                                   (abs)        00F16
_RC3PPS                                   (abs)        00F23
_RC4PPS                                   (abs)        00F24
_RI                                       bssBANK1     000E7
_ReadI2C                                  text47       01402
_SLRCONA                                  (abs)        00F3B
_SLRCONB                                  (abs)        00F46
_SLRCONC                                  (abs)        00F51
_SLRCOND                                  (abs)        00F5C
_SLRCONE                                  (abs)        00F67
_SSP1ADD                                  (abs)        0018D
_SSP1BUF                                  (abs)        0018C
_SSP1CLKPPS                               (abs)        00EC5
_SSP1CON1                                 (abs)        00190
_SSP1CON1bits                             (abs)        00190
_SSP1CON2                                 (abs)        00191
_SSP1CON2bits                             (abs)        00191
_SSP1DATPPS                               (abs)        00EC6
_SSP1STAT                                 (abs)        0018F
_SSP1STATbits                             (abs)        0018F
_SYSTEM_Initialize                        text25       01310
_T1CLK                                    (abs)        00211
_T1CON                                    (abs)        0020E
_T1CONbits                                (abs)        0020E
_T1GATE                                   (abs)        00210
_T1GCON                                   (abs)        0020F
_T1GCONbits                               (abs)        0020F
_T2CLKCON                                 (abs)        00290
_T2CON                                    (abs)        0028E
_T2CONbits                                (abs)        0028E
_T2HLT                                    (abs)        0028F
_T2HLTbits                                (abs)        0028F
_T2PR                                     (abs)        0028D
_T2RST                                    (abs)        00291
_T2RSTbits                                (abs)        00291
_T2TMR                                    (abs)        0028C
_TALA                                     bssBANK1     000E5
_TMR1H                                    (abs)        0020D
_TMR1L                                    (abs)        0020C
_TMR1_CallBack                            text54       01225
_TMR1_DefaultInterruptHandler             text55       011CD
_TMR1_ISR                                 text52       01259
_TMR1_Initialize                          text28       01441
_TMR1_InterruptHandler                    nvBANK2      00161
_TMR1_SetInterruptHandler                 text29       01209
_TMR1_WriteTimer                          text53       01296
_TMR2                                     (abs)        0028C
_TMR2_CallBack                            text50       01232
_TMR2_DefaultInterruptHandler             text51       00002
_TMR2_ISR                                 text49       011D4
_TMR2_Initialize                          text26       012F9
_TMR2_InterruptHandler                    nvBANK2      0015F
_TMR2_SetInterruptHandler                 text27       01212
_TMR2_Start                               text68       011CE
_TMR2_StartTimer                          text67       00800
_TMR2_Stop                                text64       011D1
_TMR2_StopTimer                           text63       007FC
_TRISA                                    (abs)        00011
_TRISB                                    (abs)        00012
_TRISC                                    (abs)        00013
_TRISCbits                                (abs)        00013
_TRISD                                    (abs)        00014
_TRISE                                    (abs)        00015
_WI                                       bssBANK1     000E8
_WPUA                                     (abs)        00F39
_WPUB                                     (abs)        00F44
_WPUC                                     (abs)        00F4F
_WPUD                                     (abs)        00F5A
_WPUE                                     (abs)        00F65
_WriteI2C                                 text46       01743
__Habs1                                   abs1         00000
__Hbank0                                  bank0        00000
__Hbank1                                  bank1        00000
__Hbank10                                 bank10       00000
__Hbank11                                 bank11       00000
__Hbank12                                 bank12       00000
__Hbank13                                 bank13       00000
__Hbank14                                 bank14       00000
__Hbank15                                 bank15       00000
__Hbank16                                 bank16       00000
__Hbank17                                 bank17       00000
__Hbank18                                 bank18       00000
__Hbank19                                 bank19       00000
__Hbank2                                  bank2        00000
__Hbank20                                 bank20       00000
__Hbank21                                 bank21       00000
__Hbank22                                 bank22       00000
__Hbank23                                 bank23       00000
__Hbank24                                 bank24       00000
__Hbank25                                 bank25       00000
__Hbank26                                 bank26       00000
__Hbank27                                 bank27       00000
__Hbank28                                 bank28       00000
__Hbank29                                 bank29       00000
__Hbank3                                  bank3        00000
__Hbank30                                 bank30       00000
__Hbank31                                 bank31       00000
__Hbank4                                  bank4        00000
__Hbank5                                  bank5        00000
__Hbank6                                  bank6        00000
__Hbank7                                  bank7        00000
__Hbank8                                  bank8        00000
__Hbank9                                  bank9        00000
__Hbigram                                 bigram       00000
__HbssBANK1                               bssBANK1     00000
__HbssBANK2                               bssBANK2     00000
__HbssCOMMON                              bssCOMMON    00000
__Hcinit                                  cinit        0003D
__Hclrtext                                clrtext      00000
__Hcode                                   code         00000
__Hcommon                                 common       00000
__Hconfig                                 config       0800C
__HcstackBANK0                            cstackBANK0  00000
__HcstackBANK1                            cstackBANK1  00000
__HcstackCOMMON                           cstackCOMMON 00000
__Heeprom_data                            eeprom_data  00000
__Hend_init                               end_init     00027
__Hfunctab                                functab      00000
__Hinit                                   init         00025
__Hintentry                               intentry     00025
__Hmaintext                               maintext     00000
__HnvBANK1                                nvBANK1      00000
__HnvBANK2                                nvBANK2      00000
__Hpowerup                                powerup      00000
__Hram                                    ram          00000
__Hreset_vec                              reset_vec    00002
__Hsfr0                                   sfr0         00000
__Hsfr1                                   sfr1         00000
__Hsfr10                                  sfr10        00000
__Hsfr11                                  sfr11        00000
__Hsfr12                                  sfr12        00000
__Hsfr13                                  sfr13        00000
__Hsfr14                                  sfr14        00000
__Hsfr15                                  sfr15        00000
__Hsfr16                                  sfr16        00000
__Hsfr17                                  sfr17        00000
__Hsfr18                                  sfr18        00000
__Hsfr19                                  sfr19        00000
__Hsfr2                                   sfr2         00000
__Hsfr20                                  sfr20        00000
__Hsfr21                                  sfr21        00000
__Hsfr22                                  sfr22        00000
__Hsfr23                                  sfr23        00000
__Hsfr24                                  sfr24        00000
__Hsfr25                                  sfr25        00000
__Hsfr26                                  sfr26        00000
__Hsfr27                                  sfr27        00000
__Hsfr28                                  sfr28        00000
__Hsfr29                                  sfr29        00000
__Hsfr3                                   sfr3         00000
__Hsfr30                                  sfr30        00000
__Hsfr31                                  sfr31        00000
__Hsfr4                                   sfr4         00000
__Hsfr5                                   sfr5         00000
__Hsfr6                                   sfr6         00000
__Hsfr7                                   sfr7         00000
__Hsfr8                                   sfr8         00000
__Hsfr9                                   sfr9         00000
__Hspace_0                                (abs)        0188E
__Hspace_1                                (abs)        00168
__Hspace_2                                (abs)        00000
__Hspace_3                                (abs)        00000
__Hspace_4                                (abs)        10013
__Hstack                                  stack        00000
__Hstrings                                strings      00000
__Hstringtext1                            stringtext1  00000
__Hstringtext10                           stringtext10 00000
__Hstringtext2                            stringtext2  00000
__Hstringtext3                            stringtext3  00000
__Hstringtext4                            stringtext4  00000
__Hstringtext5                            stringtext5  00000
__Hstringtext6                            stringtext6  00000
__Hstringtext7                            stringtext7  00000
__Hstringtext8                            stringtext8  00000
__Hstringtext9                            stringtext9  00000
__Htext                                   text         00000
__Labs1                                   abs1         00000
__Lbank0                                  bank0        00000
__Lbank1                                  bank1        00000
__Lbank10                                 bank10       00000
__Lbank11                                 bank11       00000
__Lbank12                                 bank12       00000
__Lbank13                                 bank13       00000
__Lbank14                                 bank14       00000
__Lbank15                                 bank15       00000
__Lbank16                                 bank16       00000
__Lbank17                                 bank17       00000
__Lbank18                                 bank18       00000
__Lbank19                                 bank19       00000
__Lbank2                                  bank2        00000
__Lbank20                                 bank20       00000
__Lbank21                                 bank21       00000
__Lbank22                                 bank22       00000
__Lbank23                                 bank23       00000
__Lbank24                                 bank24       00000
__Lbank25                                 bank25       00000
__Lbank26                                 bank26       00000
__Lbank27                                 bank27       00000
__Lbank28                                 bank28       00000
__Lbank29                                 bank29       00000
__Lbank3                                  bank3        00000
__Lbank30                                 bank30       00000
__Lbank31                                 bank31       00000
__Lbank4                                  bank4        00000
__Lbank5                                  bank5        00000
__Lbank6                                  bank6        00000
__Lbank7                                  bank7        00000
__Lbank8                                  bank8        00000
__Lbank9                                  bank9        00000
__Lbigram                                 bigram       00000
__LbssBANK1                               bssBANK1     00000
__LbssBANK2                               bssBANK2     00000
__LbssCOMMON                              bssCOMMON    00000
__Lcinit                                  cinit        00027
__Lclrtext                                clrtext      00000
__Lcode                                   code         00000
__Lcommon                                 common       00000
__Lconfig                                 config       00000
__LcstackBANK0                            cstackBANK0  00000
__LcstackBANK1                            cstackBANK1  00000
__LcstackCOMMON                           cstackCOMMON 00000
__Leeprom_data                            eeprom_data  00000
__Lend_init                               end_init     00025
__Lfunctab                                functab      00000
__Linit                                   init         00025
__Lintentry                               intentry     00004
__Lmaintext                               maintext     00000
__LnvBANK1                                nvBANK1      00000
__LnvBANK2                                nvBANK2      00000
__Lpowerup                                powerup      00000
__Lram                                    ram          00000
__Lreset_vec                              reset_vec    00000
__Lsfr0                                   sfr0         00000
__Lsfr1                                   sfr1         00000
__Lsfr10                                  sfr10        00000
__Lsfr11                                  sfr11        00000
__Lsfr12                                  sfr12        00000
__Lsfr13                                  sfr13        00000
__Lsfr14                                  sfr14        00000
__Lsfr15                                  sfr15        00000
__Lsfr16                                  sfr16        00000
__Lsfr17                                  sfr17        00000
__Lsfr18                                  sfr18        00000
__Lsfr19                                  sfr19        00000
__Lsfr2                                   sfr2         00000
__Lsfr20                                  sfr20        00000
__Lsfr21                                  sfr21        00000
__Lsfr22                                  sfr22        00000
__Lsfr23                                  sfr23        00000
__Lsfr24                                  sfr24        00000
__Lsfr25                                  sfr25        00000
__Lsfr26                                  sfr26        00000
__Lsfr27                                  sfr27        00000
__Lsfr28                                  sfr28        00000
__Lsfr29                                  sfr29        00000
__Lsfr3                                   sfr3         00000
__Lsfr30                                  sfr30        00000
__Lsfr31                                  sfr31        00000
__Lsfr4                                   sfr4         00000
__Lsfr5                                   sfr5         00000
__Lsfr6                                   sfr6         00000
__Lsfr7                                   sfr7         00000
__Lsfr8                                   sfr8         00000
__Lsfr9                                   sfr9         00000
__Lspace_0                                (abs)        00000
__Lspace_1                                (abs)        00000
__Lspace_2                                (abs)        00000
__Lspace_3                                (abs)        00000
__Lspace_4                                (abs)        00000
__Lstack                                  stack        00000
__Lstrings                                strings      00000
__Lstringtext1                            stringtext1  00000
__Lstringtext10                           stringtext10 00000
__Lstringtext2                            stringtext2  00000
__Lstringtext3                            stringtext3  00000
__Lstringtext4                            stringtext4  00000
__Lstringtext5                            stringtext5  00000
__Lstringtext6                            stringtext6  00000
__Lstringtext7                            stringtext7  00000
__Lstringtext8                            stringtext8  00000
__Lstringtext9                            stringtext9  00000
__Ltext                                   text         00000
__S0                                      (abs)        0188E
__S1                                      (abs)        00168
__S2                                      (abs)        00000
__S3                                      (abs)        00000
___aodiv                                  text14       00C9E
___aodiv@counter                          cstackBANK0  00031
___aodiv@dividend                         cstackBANK0  00028
___aodiv@divisor                          cstackBANK0  00020
___aodiv@quotient                         cstackBANK0  00033
___aodiv@sign                             cstackBANK0  00032
___aomod                                  text13       00ABF
___aomod@counter                          cstackBANK0  00031
___aomod@dividend                         cstackBANK0  00028
___aomod@divisor                          cstackBANK0  00020
___aomod@sign                             cstackBANK0  00032
___int_sp                                 stack        00000
___latbits                                (abs)        00002
___sp                                     stack        00000
___stackhi                                (abs)        023EF
___stacklo                                (abs)        020E8
___wmul                                   text18       01421
___wmul@multiplicand                      cstackBANK0  00022
___wmul@multiplier                        cstackBANK0  00020
___wmul@product                           cstackBANK0  00024
__end_of_ADCC_GetSingleConversion         text71       012B9
__end_of_ADCC_Initialize                  text35       012F9
__end_of_DATAEE_ReadByte                  text21       01296
__end_of_DATAEE_WriteByte                 text24       00828
__end_of_I2C1_Initialize                  text34       01225
__end_of_INTERRUPT_InterruptManager       intentry     00025
__end_of_LCDbusy                          text44       012CC
__end_of_LCDchar                          text38       01200
__end_of_LCDcmd                           text40       011EF
__end_of_LCDinit                          text41       008AB
__end_of_LCDpos                           text39       013C8
__end_of_LCDrecv                          text45       005D3
__end_of_LCDsend                          text43       016EA
__end_of_LCDsend2x4                       text42       00ABF
__end_of_LCDstr                           text37       01391
__end_of_OSCILLATOR_Initialize            text33       01209
__end_of_OpenI2C                          text36       0124C
__end_of_PIN_MANAGER_Initialize           text32       015AC
__end_of_PMD_Initialize                   text31       011F7
__end_of_PWM6_Initialize                  text30       01259
__end_of_PWM6_LoadDutyValue               text70       012E2
__end_of_PWMOutputDisable                 text65       01276
__end_of_PWMOutputEnable                  text69       01286
__end_of_ReadI2C                          text47       01421
__end_of_SYSTEM_Initialize                text25       01329
__end_of_TMR1_CallBack                    text54       01232
__end_of_TMR1_DefaultInterruptHandler     text55       011CE
__end_of_TMR1_ISR                         text52       01267
__end_of_TMR1_Initialize                  text28       01462
__end_of_TMR1_SetInterruptHandler         text29       01212
__end_of_TMR1_WriteTimer                  text53       012A7
__end_of_TMR2_CallBack                    text50       0123F
__end_of_TMR2_DefaultInterruptHandler     text51       00003
__end_of_TMR2_ISR                         text49       011DA
__end_of_TMR2_Initialize                  text26       01310
__end_of_TMR2_SetInterruptHandler         text27       0121B
__end_of_TMR2_Start                       text68       011D1
__end_of_TMR2_StartTimer                  text67       00804
__end_of_TMR2_Stop                        text64       011D4
__end_of_TMR2_StopTimer                   text63       00800
__end_of_WriteI2C                         text46       0179D
__end_of___aodiv                          text14       00DA3
__end_of___aomod                          text13       00BAC
__end_of___wmul                           text18       01441
__end_of__initialization                  cinit        00039
__end_of_abs                              text12       013E4
__end_of_activateAlarm                    text66       0135C
__end_of_atoi                             text15       009E8
__end_of_deactivatePWM                    text62       011E7
__end_of_dtoa                             text6        00743
__end_of_fputc                            text10       01697
__end_of_fputs                            text9        014D0
__end_of_i2c1_fsmStateTable               stringtext1  01820
__end_of_initializeEPROM                  text23       00939
__end_of_initializeREG                    text22       014FB
__end_of_isdigit                          text17       01342
__end_of_isspace                          text16       01484
__end_of_main                             maintext     002A2
__end_of_operADDR                         text2        01567
__end_of_pad                              text7        01743
__end_of_parseEPROMInitialization         text20       007FC
__end_of_putch                            text11       00004
__end_of_readTC74                         text19       01000
__end_of_sprintf                          text3        014A7
__end_of_storeEPROMBuild                  text1        01646
__end_of_strlen                           text8        013AC
__end_of_timerInterrupt                   text56       00C9E
__end_of_vfpfcnvrt                        text5        00448
__end_of_vfprintf                         text4        01530
__end_of_writeRingBuffer                  text60       01800
__end_ofi1_DATAEE_WriteByte               text61       01402
__end_ofi1_ReadI2C                        text59       01376
__end_ofi1_WriteI2C                       text58       015F7
__end_ofi1_readTC74                       text57       00EB0
__initialization                          cinit        00027
__pbssBANK1                               bssBANK1     000D4
__pbssBANK2                               bssBANK2     00120
__pbssCOMMON                              bssCOMMON    0007C
__pcstackBANK0                            cstackBANK0  00020
__pcstackBANK1                            cstackBANK1  000A0
__pcstackCOMMON                           cstackCOMMON 00070
__pintentry                               intentry     00004
__pmaintext                               maintext     0003D
__pnvBANK1                                nvBANK1      000EC
__pnvBANK2                                nvBANK2      0015F
__pstringtext1                            stringtext1  01800
__pstringtext10                           stringtext10 00000
__pstringtext2                            stringtext2  01820
__pstringtext3                            stringtext3  01835
__pstringtext4                            stringtext4  01849
__pstringtext5                            stringtext5  01858
__pstringtext6                            stringtext6  01867
__pstringtext7                            stringtext7  01876
__pstringtext8                            stringtext8  01883
__pstringtext9                            stringtext9  0188A
__ptext1                                  text1        015F7
__ptext10                                 text10       01646
__ptext11                                 text11       00003
__ptext12                                 text12       013C8
__ptext13                                 text13       00ABF
__ptext14                                 text14       00C9E
__ptext15                                 text15       00939
__ptext16                                 text16       01462
__ptext17                                 text17       01329
__ptext18                                 text18       01421
__ptext19                                 text19       00EB0
__ptext2                                  text2        01530
__ptext20                                 text20       00743
__ptext21                                 text21       01286
__ptext22                                 text22       014D0
__ptext23                                 text23       008AB
__ptext24                                 text24       00804
__ptext25                                 text25       01310
__ptext26                                 text26       012F9
__ptext27                                 text27       01212
__ptext28                                 text28       01441
__ptext29                                 text29       01209
__ptext3                                  text3        01484
__ptext30                                 text30       0124C
__ptext31                                 text31       011EF
__ptext32                                 text32       01567
__ptext33                                 text33       01200
__ptext34                                 text34       0121B
__ptext35                                 text35       012E2
__ptext36                                 text36       0123F
__ptext37                                 text37       01376
__ptext38                                 text38       011F7
__ptext39                                 text39       013AC
__ptext4                                  text4        014FB
__ptext40                                 text40       011E7
__ptext41                                 text41       00828
__ptext42                                 text42       009E8
__ptext43                                 text43       01697
__ptext44                                 text44       012B9
__ptext45                                 text45       00448
__ptext46                                 text46       01743
__ptext47                                 text47       01402
__ptext49                                 text49       011D4
__ptext5                                  text5        002A2
__ptext50                                 text50       01232
__ptext51                                 text51       00002
__ptext52                                 text52       01259
__ptext53                                 text53       01296
__ptext54                                 text54       01225
__ptext55                                 text55       011CD
__ptext56                                 text56       00BAC
__ptext57                                 text57       00DA3
__ptext58                                 text58       015AC
__ptext59                                 text59       0135C
__ptext6                                  text6        005D3
__ptext60                                 text60       0179D
__ptext61                                 text61       013E4
__ptext62                                 text62       011E0
__ptext63                                 text63       007FC
__ptext64                                 text64       011D1
__ptext65                                 text65       01267
__ptext66                                 text66       01342
__ptext67                                 text67       00800
__ptext68                                 text68       011CE
__ptext69                                 text69       01276
__ptext7                                  text7        016EA
__ptext70                                 text70       012CC
__ptext71                                 text71       012A7
__ptext8                                  text8        01391
__ptext9                                  text9        014A7
__size_of_ADCC_GetSingleConversion        (abs)        00000
__size_of_ADCC_Initialize                 (abs)        00000
__size_of_DATAEE_ReadByte                 (abs)        00000
__size_of_DATAEE_WriteByte                (abs)        00000
__size_of_I2C1_Initialize                 (abs)        00000
__size_of_INTERRUPT_InterruptManager      (abs)        00000
__size_of_LCDbusy                         (abs)        00000
__size_of_LCDchar                         (abs)        00000
__size_of_LCDcmd                          (abs)        00000
__size_of_LCDinit                         (abs)        00000
__size_of_LCDpos                          (abs)        00000
__size_of_LCDrecv                         (abs)        00000
__size_of_LCDsend                         (abs)        00000
__size_of_LCDsend2x4                      (abs)        00000
__size_of_LCDstr                          (abs)        00000
__size_of_OSCILLATOR_Initialize           (abs)        00000
__size_of_OpenI2C                         (abs)        00000
__size_of_PIN_MANAGER_Initialize          (abs)        00000
__size_of_PMD_Initialize                  (abs)        00000
__size_of_PWM6_Initialize                 (abs)        00000
__size_of_PWM6_LoadDutyValue              (abs)        00000
__size_of_PWMOutputDisable                (abs)        00000
__size_of_PWMOutputEnable                 (abs)        00000
__size_of_ReadI2C                         (abs)        00000
__size_of_SYSTEM_Initialize               (abs)        00000
__size_of_TMR1_CallBack                   (abs)        00000
__size_of_TMR1_DefaultInterruptHandler    (abs)        00000
__size_of_TMR1_ISR                        (abs)        00000
__size_of_TMR1_Initialize                 (abs)        00000
__size_of_TMR1_SetInterruptHandler        (abs)        00000
__size_of_TMR1_WriteTimer                 (abs)        00000
__size_of_TMR2_CallBack                   (abs)        00000
__size_of_TMR2_DefaultInterruptHandler    (abs)        00000
__size_of_TMR2_ISR                        (abs)        00000
__size_of_TMR2_Initialize                 (abs)        00000
__size_of_TMR2_SetInterruptHandler        (abs)        00000
__size_of_TMR2_Start                      (abs)        00000
__size_of_TMR2_StartTimer                 (abs)        00000
__size_of_TMR2_Stop                       (abs)        00000
__size_of_TMR2_StopTimer                  (abs)        00000
__size_of_WriteI2C                        (abs)        00000
__size_of___aodiv                         (abs)        00000
__size_of___aomod                         (abs)        00000
__size_of___wmul                          (abs)        00000
__size_of_abs                             (abs)        00000
__size_of_activateAlarm                   (abs)        00000
__size_of_atoi                            (abs)        00000
__size_of_deactivatePWM                   (abs)        00000
__size_of_dtoa                            (abs)        00000
__size_of_fputc                           (abs)        00000
__size_of_fputs                           (abs)        00000
__size_of_initializeEPROM                 (abs)        00000
__size_of_initializeREG                   (abs)        00000
__size_of_isdigit                         (abs)        00000
__size_of_isspace                         (abs)        00000
__size_of_main                            (abs)        00000
__size_of_operADDR                        (abs)        00000
__size_of_pad                             (abs)        00000
__size_of_parseEPROMInitialization        (abs)        00000
__size_of_putch                           (abs)        00000
__size_of_readTC74                        (abs)        00000
__size_of_sprintf                         (abs)        00000
__size_of_storeEPROMBuild                 (abs)        00000
__size_of_strlen                          (abs)        00000
__size_of_timerInterrupt                  (abs)        00000
__size_of_vfpfcnvrt                       (abs)        00000
__size_of_vfprintf                        (abs)        00000
__size_of_writeRingBuffer                 (abs)        00000
__size_ofi1_DATAEE_WriteByte              (abs)        00000
__size_ofi1_ReadI2C                       (abs)        00000
__size_ofi1_WriteI2C                      (abs)        00000
__size_ofi1_readTC74                      (abs)        00000
_abs                                      text12       013C8
_activateAlarm                            text66       01342
_atoi                                     text15       00939
_atoi$3337                                cstackBANK0  0002E
_atoi$3338                                cstackBANK0  00032
_atoi$3339                                cstackBANK0  00030
_checksum                                 bssBANK1     000DF
_counter                                  nvBANK2      00166
_data_address                             nvBANK1      000EC
_dbuf                                     bssBANK2     0013F
_deactivatePWM                            text62       011E0
_dtoa                                     text6        005D3
_dtoa$3302                                cstackBANK0  00046
_flags                                    bssBANK1     000D8
_fputc                                    text10       01646
_fputs                                    text9        014A7
_hours                                    bssCOMMON    0007D
_i2c1_fsmStateTable                       stringtext1  01800
_initializeEPROM                          text23       008AB
_initializeREG                            text22       014D0
_isdigit                                  text17       01329
_isspace                                  text16       01462
_isspace$3355                             cstackBANK0  00024
_last_luminosity                          nvBANK1      000EF
_last_temperature                         nvBANK1      000EE
_magic_word                               bssBANK1     000EB
_main                                     maintext     0003D
_max_luminosity                           nvBANK2      00167
_max_temperature                          nvBANK2      00165
_min_luminosity                           bssBANK1     000DD
_min_temperature                          bssBANK1     000DB
_minutes                                  bssCOMMON    0007C
_nout                                     bssBANK2     0013D
_operADDR                                 text2        01530
_pad                                      text7        016EA
_parseEPROMInitialization                 text20       00743
_prec                                     bssBANK1     000D6
_putch                                    text11       00003
_pwm_control                              bssBANK1     000DA
_rd1RegCompleteHandler                    (abs)        00000
_rd2RegCompleteHandler                    (abs)        00000
_rdBlkRegCompleteHandler                  (abs)        00000
_readTC74                                 text19       00EB0
_seconds                                  bssBANK1     000DE
_sprintf                                  text3        01484
_storeEPROMBuild                          text1        015F7
_strlen                                   text8        01391
_tala_counter                             bssBANK1     000DC
_timer1ReloadVal                          nvBANK2      00163
_timerInterrupt                           text56       00BAC
_vfpfcnvrt                                text5        002A2
_vfpfcnvrt$3317                           cstackBANK0  0006B
_vfprintf                                 text4        014FB
_width                                    bssBANK1     000D4
_wr1RegCompleteHandler                    (abs)        00000
_wr2RegCompleteHandler                    (abs)        00000
_writeRingBuffer                          text60       0179D
abs@a                                     cstackBANK0  00033
activateAlarm@alarm                       cstackCOMMON 00074
atoi@n                                    cstackBANK0  00033
atoi@neg                                  cstackBANK0  0002C
atoi@s                                    cstackBANK0  00026
btemp                                     (abs)        0007E
clear_ram0                                clrtext      011DA
dtoa@d                                    cstackBANK0  0003B
dtoa@fp                                   cstackBANK0  00048
dtoa@i                                    cstackBANK0  00057
dtoa@n                                    cstackBANK0  0004F
dtoa@p                                    cstackBANK0  00049
dtoa@s                                    cstackBANK0  0004D
dtoa@w                                    cstackBANK0  0004B
end_of_initialization                     cinit        00039
fputc@c                                   cstackBANK0  00020
fputc@fp                                  cstackBANK0  00022
fputs@c                                   cstackBANK0  0002C
fputs@fp                                  cstackBANK0  00028
fputs@i                                   cstackBANK0  0002D
fputs@s                                   cstackBANK0  0002F
i1DATAEE_WriteByte@GIEBitValue            cstackCOMMON 00073
i1DATAEE_WriteByte@bAdd                   cstackCOMMON 00070
i1DATAEE_WriteByte@bData                  cstackCOMMON 00072
i1WriteI2C@data_out                       cstackCOMMON 00071
i1_DATAEE_WriteByte                       text61       013E4
i1_ReadI2C                                text59       0135C
i1_WriteI2C                               text58       015AC
i1_readTC74                               text57       00DA3
i1readTC74@value                          cstackCOMMON 00073
int$flags                                 (abs)        0007E
intlevel0                                 functab      00000
intlevel1                                 functab      00000
intlevel2                                 functab      00000
intlevel3                                 functab      00000
intlevel4                                 functab      00000
intlevel5                                 functab      00000
isdigit@c                                 cstackBANK0  00020
isspace@c                                 cstackBANK0  00020
main@buf                                  cstackBANK1  000C2
main@c                                    cstackBANK1  000D3
operADDR@dataAddr                         cstackBANK0  00025
operADDR@operation                        cstackBANK0  00024
pad@buf                                   cstackBANK0  00030
pad@fp                                    cstackBANK0  00038
pad@i                                     cstackBANK0  00034
pad@p                                     cstackBANK0  00031
pad@w                                     cstackBANK0  00036
parseEPROMInitialization@ALAF             cstackBANK0  0002A
parseEPROMInitialization@ALAL             cstackBANK0  00029
parseEPROMInitialization@ALAT             cstackBANK0  00028
parseEPROMInitialization@CLKH             cstackBANK0  0002B
parseEPROMInitialization@CLKM             cstackBANK0  0002C
parseEPROMInitialization@NR               cstackBANK0  00023
parseEPROMInitialization@NREG             cstackBANK0  00022
parseEPROMInitialization@PMON             cstackBANK0  00026
parseEPROMInitialization@RI               cstackBANK0  00025
parseEPROMInitialization@TALA             cstackBANK0  00027
parseEPROMInitialization@WI               cstackBANK0  00024
parseEPROMInitialization@checksum         cstackBANK0  0002D
parseEPROMInitialization@magic_word       cstackBANK0  0002F
readTC74@value                            cstackBANK0  00023
reset_vec                                 reset_vec    00000
sprintf@ap                                cstackBANK1  000AF
sprintf@f                                 cstackBANK1  000B1
sprintf@fmt                               cstackBANK1  000A6
sprintf@s                                 cstackBANK1  000B0
start                                     init         00025
start_initialization                      cinit        00027
storeEPROMBuild@dataAddr                  cstackBANK0  0002E
storeEPROMBuild@hours                     cstackBANK0  0002D
storeEPROMBuild@luminosity                cstackBANK0  0002A
storeEPROMBuild@minutes                   cstackBANK0  00027
storeEPROMBuild@operation                 cstackBANK0  0002B
storeEPROMBuild@seconds                   cstackBANK0  00028
storeEPROMBuild@temperature               cstackBANK0  00029
strlen@a                                  cstackBANK0  00023
strlen@s                                  cstackBANK0  00024
timerInterrupt@temperature                cstackCOMMON 00079
timerInterrupt@value                      cstackCOMMON 0007A
vfpfcnvrt@ap                              cstackBANK0  0005A
vfpfcnvrt@done                            cstackBANK0  00069
vfpfcnvrt@fmt                             cstackBANK0  00059
vfpfcnvrt@fp                              cstackBANK0  0006D
vfpfcnvrt@ll                              cstackBANK0  00061
vfprintf@ap                               cstackBANK1  000A2
vfprintf@cfmt                             cstackBANK1  000A4
vfprintf@fmt                              cstackBANK1  000A0
vfprintf@fp                               cstackBANK1  000A3
writeRingBuffer@luminosity                cstackCOMMON 00074
writeRingBuffer@temperature               cstackCOMMON 00076
wtemp0                                    (abs)        0007E


MODULE INFORMATION

Module		Function		Class		Link	Load	Size
C:\Program Files\Microchip\xc8\v2.32\pic\sources\c99\common\nf_sprintf.c
		_sprintf       		CODE           	1484	0000	35

C:\Program Files\Microchip\xc8\v2.32\pic\sources\c99\common\nf_sprintf.c estimated size: 35

C:\Program Files\Microchip\xc8\v2.32\pic\sources\c99\common\isdigit.c
		_isdigit       		CODE           	1329	0000	25

C:\Program Files\Microchip\xc8\v2.32\pic\sources\c99\common\isdigit.c estimated size: 25

mcc_generated_files/pwm6.c
		_PWM6_LoadDutyValue		CODE           	12CC	0000	22
		_PWM6_Initialize		CODE           	124C	0000	13

mcc_generated_files/pwm6.c estimated size: 35

C:\Program Files\Microchip\xc8\v2.32\pic\sources\c99\common\doprnt.c
		_vfpfcnvrt     		CODE           	02A2	0000	422
		_pad           		CODE           	16EA	0000	89
		_dtoa          		CODE           	05D3	0000	368
		_vfprintf      		CODE           	14FB	0000	53

C:\Program Files\Microchip\xc8\v2.32\pic\sources\c99\common\doprnt.c estimated size: 932

mcc_generated_files/i2c1_master.c
		_I2C1_Initialize		CODE           	121B	0000	10

mcc_generated_files/i2c1_master.c estimated size: 10

mcc_generated_files/tmr2.c
		_TMR2_ISR      		CODE           	11D4	0000	6
		_TMR2_Initialize		CODE           	12F9	0000	23
		_TMR2_Stop     		CODE           	11D1	0000	3
		_TMR2_Start    		CODE           	11CE	0000	3
		_TMR2_SetInterruptHandler		CODE           	1212	0000	9
		_TMR2_StopTimer		CODE           	07FC	0000	4
		_TMR2_DefaultInterruptHandler		CODE           	0002	0000	1
		_TMR2_CallBack 		CODE           	1232	0000	13
		_TMR2_StartTimer		CODE           	0800	0000	4

mcc_generated_files/tmr2.c estimated size: 66

mcc_generated_files/interrupt_manager.c
		_INTERRUPT_InterruptManager		CODE           	0004	0000	33

mcc_generated_files/interrupt_manager.c estimated size: 33

mcc_generated_files/pin_manager.c
		_PIN_MANAGER_Initialize		CODE           	1567	0000	69

mcc_generated_files/pin_manager.c estimated size: 69

I2C/i2c.c
		_ReadI2C       		CODE           	1402	0000	31
		_WriteI2C      		CODE           	1743	0000	90
		_OpenI2C       		CODE           	123F	0000	13

I2C/i2c.c estimated size: 134

C:\Program Files\Microchip\xc8\v2.32\pic\sources\c99\common\atoi.c
		_atoi          		CODE           	0939	0000	175

C:\Program Files\Microchip\xc8\v2.32\pic\sources\c99\common\atoi.c estimated size: 175

C:\Program Files\Microchip\xc8\v2.32\pic\sources\c99\common\nf_fputs.c
		_fputs         		CODE           	14A7	0000	41

C:\Program Files\Microchip\xc8\v2.32\pic\sources\c99\common\nf_fputs.c estimated size: 41

C:\Program Files\Microchip\xc8\v2.32\pic\sources\c99\common\putch.c
		_putch         		CODE           	0003	0000	1

C:\Program Files\Microchip\xc8\v2.32\pic\sources\c99\common\putch.c estimated size: 1

LCD/lcd.c
		_LCDinit       		CODE           	0828	0000	131
		_LCDsend       		CODE           	1697	0000	83
		_LCDsend2x4    		CODE           	09E8	0000	215
		_LCDstr        		CODE           	1376	0000	27
		_LCDchar       		CODE           	11F7	0000	9
		_LCDpos        		CODE           	13AC	0000	28
		_LCDbusy       		CODE           	12B9	0000	19
		_LCDrecv       		CODE           	0448	0000	395
		_LCDcmd        		CODE           	11E7	0000	8

LCD/lcd.c estimated size: 915

C:\Program Files\Microchip\xc8\v2.32\pic\sources\c99\common\Umul16.c
		___wmul        		CODE           	1421	0000	32

C:\Program Files\Microchip\xc8\v2.32\pic\sources\c99\common\Umul16.c estimated size: 32

C:\Program Files\Microchip\xc8\v2.32\pic\sources\c99\common\abs.c
		_abs           		CODE           	13C8	0000	28

C:\Program Files\Microchip\xc8\v2.32\pic\sources\c99\common\abs.c estimated size: 28

EPROMlib.c
		_storeEPROMBuild		CODE           	15F7	0000	79
		_operADDR      		CODE           	1530	0000	55
		_initializeEPROM		CODE           	08AB	0000	142
		_parseEPROMInitialization		CODE           	0743	0000	185

EPROMlib.c estimated size: 461

C:\Program Files\Microchip\xc8\v2.32\pic\sources\c99\common\aomod.c
		___aomod       		CODE           	0ABF	0000	237

C:\Program Files\Microchip\xc8\v2.32\pic\sources\c99\common\aomod.c estimated size: 237

C:\Program Files\Microchip\xc8\v2.32\pic\sources\c99\common\isspace.c
		_isspace       		CODE           	1462	0000	34

C:\Program Files\Microchip\xc8\v2.32\pic\sources\c99\common\isspace.c estimated size: 34

shared
		i1_DATAEE_WriteByte		CODE           	13E4	0000	30
		i1_readTC74    		CODE           	0DA3	0000	269
		i1_ReadI2C     		CODE           	135C	0000	26
		__initialization		CODE           	0027	0000	18
		_i2c1_fsmStateTable		STRCODE        	1800	0000	32
		i1_WriteI2C    		CODE           	15AC	0000	75

shared estimated size: 450

mcc_generated_files/mcc.c
		_PMD_Initialize		CODE           	11EF	0000	8
		_OSCILLATOR_Initialize		CODE           	1200	0000	9
		_SYSTEM_Initialize		CODE           	1310	0000	25

mcc_generated_files/mcc.c estimated size: 42

alarm.c
		_PWMOutputDisable		CODE           	1267	0000	15
		_deactivatePWM 		CODE           	11E0	0000	7
		_PWMOutputEnable		CODE           	1276	0000	16
		_activateAlarm 		CODE           	1342	0000	26

alarm.c estimated size: 64

mcc_generated_files/tmr1.c
		_TMR1_Initialize		CODE           	1441	0000	33
		_TMR1_SetInterruptHandler		CODE           	1209	0000	9
		_TMR1_DefaultInterruptHandler		CODE           	11CD	0000	1
		_TMR1_CallBack 		CODE           	1225	0000	13
		_TMR1_WriteTimer		CODE           	1296	0000	17
		_TMR1_ISR      		CODE           	1259	0000	14

mcc_generated_files/tmr1.c estimated size: 87

mcc_generated_files/memory.c
		_DATAEE_WriteByte		CODE           	0804	0000	36
		_DATAEE_ReadByte		CODE           	1286	0000	16

mcc_generated_files/memory.c estimated size: 52

C:\Program Files\Microchip\xc8\v2.32\pic\sources\c99\common\nf_fputc.c
		_fputc         		CODE           	1646	0000	81

C:\Program Files\Microchip\xc8\v2.32\pic\sources\c99\common\nf_fputc.c estimated size: 81

mcc_generated_files/adcc.c
		_ADCC_GetSingleConversion		CODE           	12A7	0000	18
		_ADCC_Initialize		CODE           	12E2	0000	23

mcc_generated_files/adcc.c estimated size: 41

C:\Program Files\Microchip\xc8\v2.32\pic\sources\c99\common\aodiv.c
		___aodiv       		CODE           	0C9E	0000	261

C:\Program Files\Microchip\xc8\v2.32\pic\sources\c99\common\aodiv.c estimated size: 261

main.c
		_main          		CODE           	003D	0000	613
		_readTC74      		CODE           	0EB0	0000	336
		_timerInterrupt		CODE           	0BAC	0000	242
		_writeRingBuffer		CODE           	179D	0000	99
		_initializeREG 		CODE           	14D0	0000	43

main.c estimated size: 1333

C:\Program Files\Microchip\xc8\v2.32\pic\sources\c99\common\strlen.c
		_strlen        		CODE           	1391	0000	27

C:\Program Files\Microchip\xc8\v2.32\pic\sources\c99\common\strlen.c estimated size: 27

