Microchip MPLAB XC8 Compiler V2.32

Linker command line:

-W-3 --edf=D:\Program Files\Microchip\xc8\v2.32\pic\dat\en_msgs.txt -cn \
  -h+dist/default/production\TESTE.X.production.sym \
  --cmf=dist/default/production\TESTE.X.production.cmf -z -Q16F18875 \
  -oC:\Users\filip\AppData\Local\Temp\xcAs1fh8.4 --defsym=__MPLAB_BUILD=1 \
  -Mdist/default/production/TESTE.X.production.map -E1 -ver=XC8 Compiler \
  --acfsm=1493 -ASTACK=0212Dh-023EFh -pstack=STACK -ACODE=00h-07FFhx4 \
  -ASTRCODE=00h-01FFFh -ASTRING=00h-0FFhx32 -ACONST=00h-0FFhx32 \
  -AENTRY=00h-0FFhx32 -ACOMMON=070h-07Fh -ABANK0=020h-06Fh \
  -ABANK1=0A0h-0EFh -ABANK2=0120h-016Fh -ABANK3=01A0h-01EFh \
  -ABANK4=0220h-026Fh -ABANK5=02A0h-02EFh -ABANK6=0320h-036Fh \
  -ABANK7=03A0h-03EFh -ABANK8=0420h-046Fh -ABANK9=04A0h-04EFh \
  -ABANK10=0520h-056Fh -ABANK11=05A0h-05EFh -ABANK12=0620h-064Fh \
  -ABIGRAM=02000h-023EFh \
  -ARAM=020h-06Fh,0A0h-0EFh,0120h-016Fh,01A0h-01EFh,0220h-026Fh,02A0h-02EFh,0320h-036Fh,03A0h-03EFh,0420h-046Fh,04A0h-04EFh,0520h-056Fh,05A0h-05EFh,0620h-064Fh \
  -AABS1=020h-07Fh,0A0h-0EFh,0120h-016Fh,01A0h-01EFh,0220h-026Fh,02A0h-02EFh,0320h-036Fh,03A0h-03EFh,0420h-046Fh,04A0h-04EFh,0520h-056Fh,05A0h-05EFh,0620h-064Fh \
  -ASFR0=00h-01Fh -ASFR1=080h-09Fh -ASFR2=0100h-011Fh -ASFR3=0180h-019Fh \
  -ASFR4=0200h-021Fh -ASFR5=0280h-029Fh -ASFR6=0300h-031Fh \
  -ASFR7=0380h-039Fh -ASFR8=0400h-041Fh -ASFR9=0480h-049Fh \
  -ASFR10=0500h-051Fh -ASFR11=0580h-059Fh -ASFR12=0600h-061Fh \
  -ASFR13=0680h-06EFh -ASFR14=0700h-076Fh -ASFR15=0780h-07EFh \
  -ASFR16=0800h-086Fh -ASFR17=0880h-08EFh -ASFR18=0900h-096Fh \
  -ASFR19=0980h-09EFh -ASFR20=0A00h-0A6Fh -ASFR21=0A80h-0AEFh \
  -ASFR22=0B00h-0B6Fh -ASFR23=0B80h-0BEFh -ASFR24=0C00h-0C6Fh \
  -ASFR25=0C80h-0CEFh -ASFR26=0D00h-0D6Fh -ASFR27=0D80h-0DEFh \
  -ASFR28=0E00h-0E6Fh -ASFR29=0E80h-0EEFh -ASFR30=0F00h-0F6Fh \
  -ASFR31=0F80h-0FEFh -ACONFIG=08007h-0800Bh -DCONFIG=2 \
  -AIDLOC=08000h-08003h -DIDLOC=2 -AEEDATA=00h-0FFh/0F000h \
  -peeprom_data=EEDATA -DEEDATA=2 -DCODE=2 -DSTRCODE=2 -DSTRING=2 -DCONST=2 \
  -DENTRY=2 -preset_vec=00h,intentry=04h,init,end_init -ppowerup=CODE \
  -pcinit=CODE -pfunctab=ENTRY -k \
  C:\Users\filip\AppData\Local\Temp\xcAs1fh8.o \
  dist/default/production\TESTE.X.production.o 

Object code version is 3.11

Machine type is 16F18875



                Name                               Link     Load   Length Selector   Space Scale
C:\Users\filip\AppData\Local\Temp\xcAs1fh8.o
                end_init                             18       18        2        8       0
                reset_vec                             0        0        2        0       0
                config                             8007     8007        5        0       4
dist/default/production\TESTE.X.production.o
                cinit                                1A       1A       1F        8       0
                intentry                              4        4       14        8       0
                config                             8007     8007        5        0       4
                text56                             1319     1319       12     2632       0
                text55                             1369     1369       1A     26D2       0
                text54                             153C     153C       4B     2A78       0
                text53                              EB8      EB8      148     1D70       0
                text52                             12F7     12F7       11     25EE       0
                text51                              A7A      A7A       B6     14F4       0
                text50                             1295     1295        7     252A       0
                text49                             129C     129C        8     2538       0
                text48                             133E     133E       14     267C       0
                text47                             13D5     13D5       1F     27AA       0
                text46                              7E7      7E7       18        8       0
                text45                             13F4     13F4       21     27E8       0
                text44                              9CB      9CB       AF     1396       0
                text43                                3        3        1        6       0
                text42                             1587     1587       4F     2B0E       0
                text41                             178F     178F       71     2F1E       0
                text40                              DB7      DB7      101     1B6E       0
                text39                              CCD      CCD       EA     199A       0
                text38                             1383     1383       1A     2706       0
                text37                             1480     1480       29     2900       0
                text36                             139D     139D       1A     273A       0
                text35                             1678     1678       56     2CF0       0
                text34                              41B      41B      16C        8       0
                text33                              249      249      1D2        8       0
                text32                             14D4     14D4       31     29A8       0
                text31                             145A     145A       26     28B4       0
                text30                              847      847       73     108E       0
                text29                              6DA      6DA      10D        8       0
                text28                             13B7     13B7       1E     276E       0
                text27                             1728     1728       67     2E50       0
                text26                              587      587      153        8       0
                text25                              7FF      7FF        1        8       0
                text24                             12BF     12BF        D     257E       0
                text23                             1308     1308       11     2610       0
                text22                             12D9     12D9        E     25B2       0
                text20                             16CE     16CE       5A     2D9C       0
                text19                             1625     1625       53     2C4A       0
                text18                              BF6      BF6       D7     17EC       0
                text17                              8BA      8BA       83     1174       0
                text16                             12CC     12CC        D     2598       0
                text15                             1352     1352       17     26A4       0
                text14                             12B5     12B5        A     256A       0
                text13                             12AC     12AC        9     2558       0
                text12                              802      802       45     1004       0
                text11                             12A4     12A4        8     2548       0
                text10                             1289     1289        6     2512       0
                text9                              1415     1415       21     282A       0
                text8                              132B     132B       13     2656       0
                text7                              1436     1436       24     286C       0
                text6                               93D      93D       8E     127A       0
                text5                              14A9     14A9       2B     2952       0
                text4                              12E7     12E7       10     25CE       0
                text3                               B30      B30       C6     1660       0
                text2                              1505     1505       37     2A0A       0
                text1                              15D6     15D6       4F     2BAC       0
                maintext                             39       39      210        8       0
                cstackBANK0                          20       20       4E       20       1
                cstackCOMMON                         70       70        E       70       1
                cstackBANK1                          A0       A0       42       A0       1
                cstackBANK2                         120      120       29      120       1
                clrtext                            128F     128F        6     251E       0
                bssBANK3                            1A0      1A0       3D      1A0       1
                bssBANK2                            155      155        7      120       1
                bssBANK1                             E2       E2        C       A0       1
                bssBANK0                             6E       6E        2       20       1
                stringtext3                        1837     1837       16     3000       0
                stringtext2                        1820     1820       17     3000       0
                nvBANK2                             149      149        C      120       1
                nvBANK1                              EE       EE        2       A0       1
                stringtext1                        1800     1800       20     3000       0

TOTAL           Name                               Link     Load   Length     Space
        CLASS   STACK          

        CLASS   CODE           
                end_init                             18       18        2         0
                cinit                                1A       1A       1F         0
                intentry                              4        4       14         0
                reset_vec                             0        0        2         0
                text56                             1319     1319       12         0
                text55                             1369     1369       1A         0
                text54                             153C     153C       4B         0
                text53                              EB8      EB8      148         0
                text52                             12F7     12F7       11         0
                text51                              A7A      A7A       B6         0
                text50                             1295     1295        7         0
                text49                             129C     129C        8         0
                text48                             133E     133E       14         0
                text47                             13D5     13D5       1F         0
                text46                              7E7      7E7       18         0
                text45                             13F4     13F4       21         0
                text44                              9CB      9CB       AF         0
                text43                                3        3        1         0
                text42                             1587     1587       4F         0
                text41                             178F     178F       71         0
                text40                              DB7      DB7      101         0
                text39                              CCD      CCD       EA         0
                text38                             1383     1383       1A         0
                text37                             1480     1480       29         0
                text36                             139D     139D       1A         0
                text35                             1678     1678       56         0
                text34                              41B      41B      16C         0
                text33                              249      249      1D2         0
                text32                             14D4     14D4       31         0
                text31                             145A     145A       26         0
                text30                              847      847       73         0
                text29                              6DA      6DA      10D         0
                text28                             13B7     13B7       1E         0
                text27                             1728     1728       67         0
                text26                              587      587      153         0
                text25                              7FF      7FF        1         0
                text24                             12BF     12BF        D         0
                text23                             1308     1308       11         0
                text22                             12D9     12D9        E         0
                text20                             16CE     16CE       5A         0
                text19                             1625     1625       53         0
                text18                              BF6      BF6       D7         0
                text17                              8BA      8BA       83         0
                text16                             12CC     12CC        D         0
                text15                             1352     1352       17         0
                text14                             12B5     12B5        A         0
                text13                             12AC     12AC        9         0
                text12                              802      802       45         0
                text11                             12A4     12A4        8         0
                text10                             1289     1289        6         0
                text9                              1415     1415       21         0
                text8                              132B     132B       13         0
                text7                              1436     1436       24         0
                text6                               93D      93D       8E         0
                text5                              14A9     14A9       2B         0
                text4                              12E7     12E7       10         0
                text3                               B30      B30       C6         0
                text2                              1505     1505       37         0
                text1                              15D6     15D6       4F         0
                maintext                             39       39      210         0
                clrtext                            128F     128F        6         0

        CLASS   STRCODE        
                stringtext3                        1837     1837       16         0
                stringtext2                        1820     1820       17         0
                stringtext1                        1800     1800       20         0

        CLASS   STRING         

        CLASS   CONST          

        CLASS   ENTRY          

        CLASS   COMMON         
                cstackCOMMON                         70       70        E         1

        CLASS   BANK0          
                cstackBANK0                          20       20       4E         1
                bssBANK0                             6E       6E        2         1

        CLASS   BANK1          
                cstackBANK1                          A0       A0       42         1
                bssBANK1                             E2       E2        C         1
                nvBANK1                              EE       EE        2         1

        CLASS   BANK2          
                cstackBANK2                         120      120       29         1
                bssBANK2                            155      155        7         1
                nvBANK2                             149      149        C         1

        CLASS   BANK3          
                bssBANK3                            1A0      1A0       3D         1

        CLASS   BANK4          

        CLASS   BANK5          

        CLASS   BANK6          

        CLASS   BANK7          

        CLASS   BANK8          

        CLASS   BANK9          

        CLASS   BANK10         

        CLASS   BANK11         

        CLASS   BANK12         

        CLASS   BIGRAM         

        CLASS   RAM            

        CLASS   ABS1           
                abs_s1                               7E       7E        2         1

        CLASS   SFR0           

        CLASS   SFR1           

        CLASS   SFR2           

        CLASS   SFR3           

        CLASS   SFR4           

        CLASS   SFR5           

        CLASS   SFR6           

        CLASS   SFR7           

        CLASS   SFR8           

        CLASS   SFR9           

        CLASS   SFR10          

        CLASS   SFR11          

        CLASS   SFR12          

        CLASS   SFR13          

        CLASS   SFR14          

        CLASS   SFR15          

        CLASS   SFR16          

        CLASS   SFR17          

        CLASS   SFR18          

        CLASS   SFR19          

        CLASS   SFR20          

        CLASS   SFR21          

        CLASS   SFR22          

        CLASS   SFR23          

        CLASS   SFR24          

        CLASS   SFR25          

        CLASS   SFR26          

        CLASS   SFR27          

        CLASS   SFR28          

        CLASS   SFR29          

        CLASS   SFR30          

        CLASS   SFR31          

        CLASS   CONFIG         
                config                             8007     8007        5         4

        CLASS   IDLOC          

        CLASS   EEDATA         

        CLASS   BANK31         

        CLASS   BANK30         

        CLASS   BANK29         

        CLASS   BANK28         

        CLASS   BANK27         

        CLASS   BANK26         

        CLASS   BANK25         

        CLASS   BANK24         

        CLASS   BANK23         

        CLASS   BANK22         

        CLASS   BANK21         

        CLASS   BANK20         

        CLASS   BANK19         

        CLASS   BANK18         

        CLASS   BANK17         

        CLASS   BANK16         

        CLASS   BANK15         

        CLASS   BANK14         

        CLASS   BANK13         



SEGMENTS        Name                           Load    Length   Top    Selector   Space  Class     Delta

                reset_vec                      000000  000002  000002         0       0  CODE        2
                text43                         000003  000001  000004         6       0  CODE        2
                intentry                       000004  0007FC  000800         8       0  CODE        2
                cstackBANK0                    000020  000050  000070        20       1  BANK0       1
                cstackCOMMON                   000070  00000E  00007E        70       1  COMMON      1
                cstackBANK1                    0000A0  000050  0000F0        A0       1  BANK1       1
                cstackBANK2                    000120  00003C  00015C       120       1  BANK2       1
                bssBANK3                       0001A0  00003D  0001DD       1A0       1  BANK3       1
                text12                         000802  000045  000847      1004       0  CODE        2
                text30                         000847  000073  0008BA      108E       0  CODE        2
                text17                         0008BA  000083  00093D      1174       0  CODE        2
                text6                          00093D  00008E  0009CB      127A       0  CODE        2
                text44                         0009CB  0000AF  000A7A      1396       0  CODE        2
                text51                         000A7A  0000B6  000B30      14F4       0  CODE        2
                text3                          000B30  0000C6  000BF6      1660       0  CODE        2
                text18                         000BF6  0000D7  000CCD      17EC       0  CODE        2
                text39                         000CCD  0000EA  000DB7      199A       0  CODE        2
                text40                         000DB7  000101  000EB8      1B6E       0  CODE        2
                text53                         000EB8  000148  001000      1D70       0  CODE        2
                text10                         001289  000006  00128F      2512       0  CODE        2
                clrtext                        00128F  000006  001295      251E       0  CODE        2
                text50                         001295  000007  00129C      252A       0  CODE        2
                text49                         00129C  000008  0012A4      2538       0  CODE        2
                text11                         0012A4  000008  0012AC      2548       0  CODE        2
                text13                         0012AC  000009  0012B5      2558       0  CODE        2
                text14                         0012B5  00000A  0012BF      256A       0  CODE        2
                text24                         0012BF  00000D  0012CC      257E       0  CODE        2
                text16                         0012CC  00000D  0012D9      2598       0  CODE        2
                text22                         0012D9  00000E  0012E7      25B2       0  CODE        2
                text4                          0012E7  000010  0012F7      25CE       0  CODE        2
                text52                         0012F7  000011  001308      25EE       0  CODE        2
                text23                         001308  000011  001319      2610       0  CODE        2
                text56                         001319  000012  00132B      2632       0  CODE        2
                text8                          00132B  000013  00133E      2656       0  CODE        2
                text48                         00133E  000014  001352      267C       0  CODE        2
                text15                         001352  000017  001369      26A4       0  CODE        2
                text55                         001369  00001A  001383      26D2       0  CODE        2
                text38                         001383  00001A  00139D      2706       0  CODE        2
                text36                         00139D  00001A  0013B7      273A       0  CODE        2
                text28                         0013B7  00001E  0013D5      276E       0  CODE        2
                text47                         0013D5  00001F  0013F4      27AA       0  CODE        2
                text45                         0013F4  000021  001415      27E8       0  CODE        2
                text9                          001415  000021  001436      282A       0  CODE        2
                text7                          001436  000024  00145A      286C       0  CODE        2
                text31                         00145A  000026  001480      28B4       0  CODE        2
                text37                         001480  000029  0014A9      2900       0  CODE        2
                text5                          0014A9  00002B  0014D4      2952       0  CODE        2
                text32                         0014D4  000031  001505      29A8       0  CODE        2
                text2                          001505  000037  00153C      2A0A       0  CODE        2
                text54                         00153C  00004B  001587      2A78       0  CODE        2
                text42                         001587  00004F  0015D6      2B0E       0  CODE        2
                text1                          0015D6  00004F  001625      2BAC       0  CODE        2
                text19                         001625  000053  001678      2C4A       0  CODE        2
                text35                         001678  000056  0016CE      2CF0       0  CODE        2
                text20                         0016CE  00005A  001728      2D9C       0  CODE        2
                text27                         001728  000067  00178F      2E50       0  CODE        2
                text41                         00178F  000071  001800      2F1E       0  CODE        2
                stringtext1                    001800  00004D  00184D      3000       0  STRCODE     2


UNUSED ADDRESS RANGES

        Name                Unused          Largest block    Delta
        BANK10           00520-0056F              50           1
        BANK11           005A0-005EF              50           1
        BANK12           00620-0064F              30           1
        BANK2            0015C-0016F              14           1
        BANK3            001DD-001EF              13           1
        BANK4            00220-0026F              50           1
        BANK5            002A0-002EF              50           1
        BANK6            00320-0036F              50           1
        BANK7            003A0-003EF              50           1
        BANK8            00420-0046F              50           1
        BANK9            004A0-004EF              50           1
        BIGRAM           02000-023EF             3F0           1
        CODE             00002-00002               1           2
                         00800-00801               2
                         01000-01288             289
                         0184D-01FFF             7B3
        CONST            00002-00002               1           2
                         00800-00801               2
                         01000-01288             100
                         0184D-01FFF             100
        EEDATA           0F000-0F0FF             100           2
        ENTRY            00002-00002               1           2
                         00800-00801               2
                         01000-01288             100
                         0184D-01FFF             100
        IDLOC            08000-08003               4           2
        RAM              0015C-0016F              14           1
                         001DD-001EF              13
                         00220-0026F              50
                         002A0-002EF              50
                         00320-0036F              50
                         003A0-003EF              50
                         00420-0046F              50
                         004A0-004EF              50
                         00520-0056F              50
                         005A0-005EF              50
                         00620-0064F              30
        SFR0             00000-0001F              20           1
        SFR1             00080-0009F              20           1
        SFR10            00500-0051F              20           1
        SFR11            00580-0059F              20           1
        SFR12            00600-0061F              20           1
        SFR13            00680-006EF              70           1
        SFR14            00700-0076F              70           1
        SFR15            00780-007EF              70           1
        SFR16            00800-0086F              70           1
        SFR17            00880-008EF              70           1
        SFR18            00900-0096F              70           1
        SFR19            00980-009EF              70           1
        SFR2             00100-0011F              20           1
        SFR20            00A00-00A6F              70           1
        SFR21            00A80-00AEF              70           1
        SFR22            00B00-00B6F              70           1
        SFR23            00B80-00BEF              70           1
        SFR24            00C00-00C6F              70           1
        SFR25            00C80-00CEF              70           1
        SFR26            00D00-00D6F              70           1
        SFR27            00D80-00DEF              70           1
        SFR28            00E00-00E6F              70           1
        SFR29            00E80-00EEF              70           1
        SFR3             00180-0019F              20           1
        SFR30            00F00-00F6F              70           1
        SFR31            00F80-00FEF              70           1
        SFR4             00200-0021F              20           1
        SFR5             00280-0029F              20           1
        SFR6             00300-0031F              20           1
        SFR7             00380-0039F              20           1
        SFR8             00400-0041F              20           1
        SFR9             00480-0049F              20           1
        STACK            0212D-023EF             2C3           1
        STRCODE          00002-00002               1           2
                         00800-00801               2
                         01000-01288             289
                         0184D-01FFF             7B3
        STRING           00002-00002               1           2
                         00800-00801               2
                         01000-01288             100
                         0184D-01FFF             100

                                  Symbol Table

?_ADCC_GetSingleConversion                cstackCOMMON 00070
?_LCDbusy                                 cstackCOMMON 00077
?___aodiv                                 cstackBANK0  00020
?___aomod                                 cstackBANK0  00020
?___wmul                                  cstackCOMMON 00070
?_abs                                     cstackCOMMON 00073
?_atoi                                    cstackCOMMON 00076
?_ctoa                                    cstackCOMMON 00078
?_dtoa                                    cstackBANK0  00030
?_isdigit                                 cstackCOMMON 00070
?_isspace                                 cstackCOMMON 00070
?_operADDR                                cstackBANK2  00120
?_pad                                     cstackBANK0  00024
?_sprintf                                 cstackBANK1  000A0
?_strlen                                  cstackCOMMON 00070
?_vfpfcnvrt                               cstackBANK0  0004E
?_vfprintf                                cstackBANK0  00064
ADCC_GetSingleConversion@channel          cstackCOMMON 00072
DATAEE_ReadByte@bAdd                      cstackBANK2  00120
DATAEE_WriteByte@GIEBitValue              cstackBANK2  00123
DATAEE_WriteByte@bAdd                     cstackBANK2  00120
DATAEE_WriteByte@bData                    cstackBANK2  00122
LCDchar@c                                 cstackCOMMON 00078
LCDcmd@c                                  cstackCOMMON 00078
LCDrecv@hc                                cstackCOMMON 00074
LCDrecv@lc                                cstackCOMMON 00075
LCDrecv@mode                              cstackCOMMON 00076
LCDsend2x4@c                              cstackBANK2  00125
LCDsend2x4@hc                             cstackBANK2  00126
LCDsend2x4@lc                             cstackBANK2  00127
LCDsend2x4@mode                           cstackBANK2  00122
LCDsend@c                                 cstackBANK2  00123
LCDstr@c                                  cstackCOMMON 0007A
LCDstr@p                                  cstackCOMMON 0007B
TMR1_SetInterruptHandler@InterruptHandler cstackBANK2  00120
TMR1_WriteTimer@timerVal                  cstackCOMMON 00070
WriteI2C@data_out                         cstackBANK2  00121
_ADACCH                                   (abs)        00091
_ADACCL                                   (abs)        00090
_ADACQ                                    (abs)        0009D
_ADACT                                    (abs)        00099
_ADCAP                                    (abs)        0009B
_ADCC_GetSingleConversion                 text56       01319
_ADCC_Initialize                          text15       01352
_ADCLK                                    (abs)        00098
_ADCNT                                    (abs)        0010C
_ADCON0                                   (abs)        00093
_ADCON0bits                               (abs)        00093
_ADCON1                                   (abs)        00094
_ADCON1bits                               (abs)        00094
_ADCON2                                   (abs)        00095
_ADCON2bits                               (abs)        00095
_ADCON3                                   (abs)        00096
_ADCON3bits                               (abs)        00096
_ADERRH                                   (abs)        00117
_ADERRL                                   (abs)        00116
_ADFLTRH                                  (abs)        00115
_ADFLTRL                                  (abs)        00114
_ADLTHH                                   (abs)        0010F
_ADLTHL                                   (abs)        0010E
_ADPCH                                    (abs)        0009E
_ADPRE                                    (abs)        0009C
_ADPREVH                                  (abs)        0008F
_ADPREVL                                  (abs)        0008E
_ADREF                                    (abs)        0009A
_ADRESH                                   (abs)        0008D
_ADRESL                                   (abs)        0008C
_ADRPT                                    (abs)        0010D
_ADSTAT                                   (abs)        00097
_ADSTATbits                               (abs)        00097
_ADSTPTH                                  (abs)        00113
_ADSTPTL                                  (abs)        00112
_ADUTHH                                   (abs)        00111
_ADUTHL                                   (abs)        00110
_ANSELA                                   (abs)        00F38
_ANSELB                                   (abs)        00F43
_ANSELC                                   (abs)        00F4E
_ANSELD                                   (abs)        00F59
_ANSELE                                   (abs)        00F64
_DATAEE_ReadByte                          text4        012E7
_DATAEE_WriteByte                         text7        01436
_I2C1_CallbackReturnReset                 (abs)        00000
_I2C1_CallbackReturnStop                  (abs)        00000
_I2C1_DO_ADDRESS_NACK                     (abs)        00000
_I2C1_DO_IDLE                             (abs)        00000
_I2C1_DO_RCEN                             (abs)        00000
_I2C1_DO_RESET                            (abs)        00000
_I2C1_DO_RX                               (abs)        00000
_I2C1_DO_RX_ACK                           (abs)        00000
_I2C1_DO_RX_NACK_RESTART                  (abs)        00000
_I2C1_DO_RX_NACK_STOP                     (abs)        00000
_I2C1_DO_SEND_ADR_READ                    (abs)        00000
_I2C1_DO_SEND_ADR_WRITE                   (abs)        00000
_I2C1_DO_SEND_RESTART                     (abs)        00000
_I2C1_DO_SEND_RESTART_READ                (abs)        00000
_I2C1_DO_SEND_RESTART_WRITE               (abs)        00000
_I2C1_DO_SEND_STOP                        (abs)        00000
_I2C1_DO_TX                               (abs)        00000
_I2C1_DO_TX_EMPTY                         (abs)        00000
_I2C1_Initialize                          text14       012B5
_I2C1_Status                              bssBANK3     001A0
_INLVLA                                   (abs)        00F3C
_INLVLB                                   (abs)        00F47
_INLVLC                                   (abs)        00F52
_INLVLD                                   (abs)        00F5D
_INLVLE                                   (abs)        00F68
_INTCONbits                               (abs)        0000B
_INTERRUPT_InterruptManager               intentry     00004
_LATA                                     (abs)        00016
_LATAbits                                 (abs)        00016
_LATB                                     (abs)        00017
_LATC                                     (abs)        00018
_LATD                                     (abs)        00019
_LATE                                     (abs)        0001A
_LCDbusy                                  text52       012F7
_LCDchar                                  text49       0129C
_LCDcmd                                   text50       01295
_LCDinit                                  text17       008BA
_LCDrecv                                  text53       00EB8
_LCDsend                                  text19       01625
_LCDsend2x4                               text18       00BF6
_LCDstr                                   text48       0133E
_NVMADRH                                  (abs)        0081B
_NVMADRL                                  (abs)        0081A
_NVMCON1                                  (abs)        0081E
_NVMCON1bits                              (abs)        0081E
_NVMCON2                                  (abs)        0081F
_NVMDATH                                  (abs)        0081D
_NVMDATL                                  (abs)        0081C
_ODCONA                                   (abs)        00F3A
_ODCONB                                   (abs)        00F45
_ODCONC                                   (abs)        00F50
_ODCOND                                   (abs)        00F5B
_ODCONE                                   (abs)        00F66
_OSCCON1                                  (abs)        0088D
_OSCCON3                                  (abs)        0088F
_OSCEN                                    (abs)        00891
_OSCFRQ                                   (abs)        00893
_OSCILLATOR_Initialize                    text13       012AC
_OSCTUNE                                  (abs)        00892
_OpenI2C                                  text16       012CC
_PIE3bits                                 (abs)        00719
_PIE4bits                                 (abs)        0071A
_PIN_MANAGER_Initialize                   text12       00802
_PIR3bits                                 (abs)        0070F
_PIR4bits                                 (abs)        00710
_PMD0                                     (abs)        00796
_PMD1                                     (abs)        00797
_PMD2                                     (abs)        00798
_PMD3                                     (abs)        00799
_PMD4                                     (abs)        0079A
_PMD5                                     (abs)        0079B
_PMD_Initialize                           text11       012A4
_PORTAbits                                (abs)        0000C
_PORTBbits                                (abs)        0000D
_PORTCbits                                (abs)        0000E
_RC3PPS                                   (abs)        00F23
_RC4PPS                                   (abs)        00F24
_ReadI2C                                  text55       01369
_SLRCONA                                  (abs)        00F3B
_SLRCONB                                  (abs)        00F46
_SLRCONC                                  (abs)        00F51
_SLRCOND                                  (abs)        00F5C
_SLRCONE                                  (abs)        00F67
_SSP1ADD                                  (abs)        0018D
_SSP1BUF                                  (abs)        0018C
_SSP1CLKPPS                               (abs)        00EC5
_SSP1CON1                                 (abs)        00190
_SSP1CON1bits                             (abs)        00190
_SSP1CON2                                 (abs)        00191
_SSP1CON2bits                             (abs)        00191
_SSP1DATPPS                               (abs)        00EC6
_SSP1STAT                                 (abs)        0018F
_SSP1STATbits                             (abs)        0018F
_SYSTEM_Initialize                        text8        0132B
_T1CLK                                    (abs)        00211
_T1CON                                    (abs)        0020E
_T1CONbits                                (abs)        0020E
_T1GATE                                   (abs)        00210
_T1GCON                                   (abs)        0020F
_T1GCONbits                               (abs)        0020F
_TMR1H                                    (abs)        0020D
_TMR1L                                    (abs)        0020C
_TMR1_CallBack                            text24       012BF
_TMR1_DefaultInterruptHandler             text25       007FF
_TMR1_ISR                                 text22       012D9
_TMR1_Initialize                          text9        01415
_TMR1_InterruptHandler                    nvBANK2      0014B
_TMR1_SetInterruptHandler                 text10       01289
_TMR1_WriteTimer                          text23       01308
_TRISA                                    (abs)        00011
_TRISB                                    (abs)        00012
_TRISC                                    (abs)        00013
_TRISCbits                                (abs)        00013
_TRISD                                    (abs)        00014
_TRISE                                    (abs)        00015
_WPUA                                     (abs)        00F39
_WPUB                                     (abs)        00F44
_WPUC                                     (abs)        00F4F
_WPUD                                     (abs)        00F5A
_WPUE                                     (abs)        00F65
_WriteI2C                                 text20       016CE
__Habs1                                   abs1         00000
__Hbank0                                  bank0        00000
__Hbank1                                  bank1        00000
__Hbank10                                 bank10       00000
__Hbank11                                 bank11       00000
__Hbank12                                 bank12       00000
__Hbank13                                 bank13       00000
__Hbank14                                 bank14       00000
__Hbank15                                 bank15       00000
__Hbank16                                 bank16       00000
__Hbank17                                 bank17       00000
__Hbank18                                 bank18       00000
__Hbank19                                 bank19       00000
__Hbank2                                  bank2        00000
__Hbank20                                 bank20       00000
__Hbank21                                 bank21       00000
__Hbank22                                 bank22       00000
__Hbank23                                 bank23       00000
__Hbank24                                 bank24       00000
__Hbank25                                 bank25       00000
__Hbank26                                 bank26       00000
__Hbank27                                 bank27       00000
__Hbank28                                 bank28       00000
__Hbank29                                 bank29       00000
__Hbank3                                  bank3        00000
__Hbank30                                 bank30       00000
__Hbank31                                 bank31       00000
__Hbank4                                  bank4        00000
__Hbank5                                  bank5        00000
__Hbank6                                  bank6        00000
__Hbank7                                  bank7        00000
__Hbank8                                  bank8        00000
__Hbank9                                  bank9        00000
__Hbigram                                 bigram       00000
__HbssBANK0                               bssBANK0     00000
__HbssBANK1                               bssBANK1     00000
__HbssBANK2                               bssBANK2     00000
__HbssBANK3                               bssBANK3     00000
__Hcinit                                  cinit        00039
__Hclrtext                                clrtext      00000
__Hcode                                   code         00000
__Hcommon                                 common       00000
__Hconfig                                 config       0800C
__HcstackBANK0                            cstackBANK0  00000
__HcstackBANK1                            cstackBANK1  00000
__HcstackBANK2                            cstackBANK2  00000
__HcstackCOMMON                           cstackCOMMON 00000
__Heeprom_data                            eeprom_data  00000
__Hend_init                               end_init     0001A
__Hfunctab                                functab      00000
__Hinit                                   init         00018
__Hintentry                               intentry     00018
__Hmaintext                               maintext     00000
__HnvBANK1                                nvBANK1      00000
__HnvBANK2                                nvBANK2      00000
__Hpowerup                                powerup      00000
__Hram                                    ram          00000
__Hreset_vec                              reset_vec    00002
__Hsfr0                                   sfr0         00000
__Hsfr1                                   sfr1         00000
__Hsfr10                                  sfr10        00000
__Hsfr11                                  sfr11        00000
__Hsfr12                                  sfr12        00000
__Hsfr13                                  sfr13        00000
__Hsfr14                                  sfr14        00000
__Hsfr15                                  sfr15        00000
__Hsfr16                                  sfr16        00000
__Hsfr17                                  sfr17        00000
__Hsfr18                                  sfr18        00000
__Hsfr19                                  sfr19        00000
__Hsfr2                                   sfr2         00000
__Hsfr20                                  sfr20        00000
__Hsfr21                                  sfr21        00000
__Hsfr22                                  sfr22        00000
__Hsfr23                                  sfr23        00000
__Hsfr24                                  sfr24        00000
__Hsfr25                                  sfr25        00000
__Hsfr26                                  sfr26        00000
__Hsfr27                                  sfr27        00000
__Hsfr28                                  sfr28        00000
__Hsfr29                                  sfr29        00000
__Hsfr3                                   sfr3         00000
__Hsfr30                                  sfr30        00000
__Hsfr31                                  sfr31        00000
__Hsfr4                                   sfr4         00000
__Hsfr5                                   sfr5         00000
__Hsfr6                                   sfr6         00000
__Hsfr7                                   sfr7         00000
__Hsfr8                                   sfr8         00000
__Hsfr9                                   sfr9         00000
__Hspace_0                                (abs)        0184D
__Hspace_1                                (abs)        001DD
__Hspace_2                                (abs)        00000
__Hspace_3                                (abs)        00000
__Hspace_4                                (abs)        10013
__Hstack                                  stack        00000
__Hstrings                                strings      00000
__Hstringtext1                            stringtext1  00000
__Hstringtext2                            stringtext2  00000
__Hstringtext3                            stringtext3  00000
__Hstringtext4                            stringtext4  00000
__Htext                                   text         00000
__Labs1                                   abs1         00000
__Lbank0                                  bank0        00000
__Lbank1                                  bank1        00000
__Lbank10                                 bank10       00000
__Lbank11                                 bank11       00000
__Lbank12                                 bank12       00000
__Lbank13                                 bank13       00000
__Lbank14                                 bank14       00000
__Lbank15                                 bank15       00000
__Lbank16                                 bank16       00000
__Lbank17                                 bank17       00000
__Lbank18                                 bank18       00000
__Lbank19                                 bank19       00000
__Lbank2                                  bank2        00000
__Lbank20                                 bank20       00000
__Lbank21                                 bank21       00000
__Lbank22                                 bank22       00000
__Lbank23                                 bank23       00000
__Lbank24                                 bank24       00000
__Lbank25                                 bank25       00000
__Lbank26                                 bank26       00000
__Lbank27                                 bank27       00000
__Lbank28                                 bank28       00000
__Lbank29                                 bank29       00000
__Lbank3                                  bank3        00000
__Lbank30                                 bank30       00000
__Lbank31                                 bank31       00000
__Lbank4                                  bank4        00000
__Lbank5                                  bank5        00000
__Lbank6                                  bank6        00000
__Lbank7                                  bank7        00000
__Lbank8                                  bank8        00000
__Lbank9                                  bank9        00000
__Lbigram                                 bigram       00000
__LbssBANK0                               bssBANK0     00000
__LbssBANK1                               bssBANK1     00000
__LbssBANK2                               bssBANK2     00000
__LbssBANK3                               bssBANK3     00000
__Lcinit                                  cinit        0001A
__Lclrtext                                clrtext      00000
__Lcode                                   code         00000
__Lcommon                                 common       00000
__Lconfig                                 config       00000
__LcstackBANK0                            cstackBANK0  00000
__LcstackBANK1                            cstackBANK1  00000
__LcstackBANK2                            cstackBANK2  00000
__LcstackCOMMON                           cstackCOMMON 00000
__Leeprom_data                            eeprom_data  00000
__Lend_init                               end_init     00018
__Lfunctab                                functab      00000
__Linit                                   init         00018
__Lintentry                               intentry     00004
__Lmaintext                               maintext     00000
__LnvBANK1                                nvBANK1      00000
__LnvBANK2                                nvBANK2      00000
__Lpowerup                                powerup      00000
__Lram                                    ram          00000
__Lreset_vec                              reset_vec    00000
__Lsfr0                                   sfr0         00000
__Lsfr1                                   sfr1         00000
__Lsfr10                                  sfr10        00000
__Lsfr11                                  sfr11        00000
__Lsfr12                                  sfr12        00000
__Lsfr13                                  sfr13        00000
__Lsfr14                                  sfr14        00000
__Lsfr15                                  sfr15        00000
__Lsfr16                                  sfr16        00000
__Lsfr17                                  sfr17        00000
__Lsfr18                                  sfr18        00000
__Lsfr19                                  sfr19        00000
__Lsfr2                                   sfr2         00000
__Lsfr20                                  sfr20        00000
__Lsfr21                                  sfr21        00000
__Lsfr22                                  sfr22        00000
__Lsfr23                                  sfr23        00000
__Lsfr24                                  sfr24        00000
__Lsfr25                                  sfr25        00000
__Lsfr26                                  sfr26        00000
__Lsfr27                                  sfr27        00000
__Lsfr28                                  sfr28        00000
__Lsfr29                                  sfr29        00000
__Lsfr3                                   sfr3         00000
__Lsfr30                                  sfr30        00000
__Lsfr31                                  sfr31        00000
__Lsfr4                                   sfr4         00000
__Lsfr5                                   sfr5         00000
__Lsfr6                                   sfr6         00000
__Lsfr7                                   sfr7         00000
__Lsfr8                                   sfr8         00000
__Lsfr9                                   sfr9         00000
__Lspace_0                                (abs)        00000
__Lspace_1                                (abs)        00000
__Lspace_2                                (abs)        00000
__Lspace_3                                (abs)        00000
__Lspace_4                                (abs)        00000
__Lstack                                  stack        00000
__Lstrings                                strings      00000
__Lstringtext1                            stringtext1  00000
__Lstringtext2                            stringtext2  00000
__Lstringtext3                            stringtext3  00000
__Lstringtext4                            stringtext4  00000
__Ltext                                   text         00000
__S0                                      (abs)        0184D
__S1                                      (abs)        001DD
__S2                                      (abs)        00000
__S3                                      (abs)        00000
___aodiv                                  text40       00DB7
___aodiv@counter                          cstackCOMMON 00071
___aodiv@dividend                         cstackBANK0  00028
___aodiv@divisor                          cstackBANK0  00020
___aodiv@quotient                         cstackCOMMON 00073
___aodiv@sign                             cstackCOMMON 00072
___aomod                                  text39       00CCD
___aomod@counter                          cstackCOMMON 00071
___aomod@dividend                         cstackBANK0  00028
___aomod@divisor                          cstackBANK0  00020
___aomod@sign                             cstackCOMMON 00072
___int_sp                                 stack        00000
___latbits                                (abs)        00002
___sp                                     stack        00000
___stackhi                                (abs)        023EF
___stacklo                                (abs)        0212D
___wmul                                   text47       013D5
___wmul@multiplicand                      cstackCOMMON 00072
___wmul@multiplier                        cstackCOMMON 00070
___wmul@product                           cstackCOMMON 00074
__end_of_ADCC_GetSingleConversion         text56       0132B
__end_of_ADCC_Initialize                  text15       01369
__end_of_DATAEE_ReadByte                  text4        012F7
__end_of_DATAEE_WriteByte                 text7        0145A
__end_of_I2C1_Initialize                  text14       012BF
__end_of_INTERRUPT_InterruptManager       intentry     00018
__end_of_LCDbusy                          text52       01308
__end_of_LCDchar                          text49       012A4
__end_of_LCDcmd                           text50       0129C
__end_of_LCDinit                          text17       0093D
__end_of_LCDrecv                          text53       01000
__end_of_LCDsend                          text19       01678
__end_of_LCDsend2x4                       text18       00CCD
__end_of_LCDstr                           text48       01352
__end_of_OSCILLATOR_Initialize            text13       012B5
__end_of_OpenI2C                          text16       012D9
__end_of_PIN_MANAGER_Initialize           text12       00847
__end_of_PMD_Initialize                   text11       012AC
__end_of_ReadI2C                          text55       01383
__end_of_SYSTEM_Initialize                text8        0133E
__end_of_TMR1_CallBack                    text24       012CC
__end_of_TMR1_DefaultInterruptHandler     text25       00800
__end_of_TMR1_ISR                         text22       012E7
__end_of_TMR1_Initialize                  text9        01436
__end_of_TMR1_SetInterruptHandler         text10       0128F
__end_of_TMR1_WriteTimer                  text23       01319
__end_of_WriteI2C                         text20       01728
__end_of___aodiv                          text40       00EB8
__end_of___aomod                          text39       00DB7
__end_of___wmul                           text47       013F4
__end_of__initialization                  cinit        00035
__end_of_abs                              text38       0139D
__end_of_atoi                             text44       00A7A
__end_of_ctoa                             text41       01800
__end_of_dtoa                             text34       00587
__end_of_fputc                            text42       015D6
__end_of_fputs                            text37       014A9
__end_of_i2c1_fsmStateTable               stringtext1  01820
__end_of_initializeEPROM                  text6        009CB
__end_of_initializeREG                    text5        014D4
__end_of_isdigit                          text46       007FF
__end_of_isspace                          text45       01415
__end_of_main                             maintext     00249
__end_of_operADDR                         text2        0153C
__end_of_pad                              text35       016CE
__end_of_parseEPROMInitialization         text3        00BF6
__end_of_printLCD                         text30       008BA
__end_of_putch                            text43       00004
__end_of_readTC74                         text29       007E7
__end_of_sprintf                          text31       01480
__end_of_storeEPROMBuild                  text1        01625
__end_of_strlen                           text36       013B7
__end_of_timerInterrupt                   text26       006DA
__end_of_vfpfcnvrt                        text33       0041B
__end_of_vfprintf                         text32       01505
__end_of_writeRingBuffer                  text27       0178F
__end_ofi1_DATAEE_WriteByte               text28       013D5
__end_ofi1_LCDsend2x4                     text51       00B30
__end_ofi1_WriteI2C                       text54       01587
__initialization                          cinit        0001A
__pbssBANK0                               bssBANK0     0006E
__pbssBANK1                               bssBANK1     000E2
__pbssBANK2                               bssBANK2     00155
__pbssBANK3                               bssBANK3     001A0
__pcstackBANK0                            cstackBANK0  00020
__pcstackBANK1                            cstackBANK1  000A0
__pcstackBANK2                            cstackBANK2  00120
__pcstackCOMMON                           cstackCOMMON 00070
__pintentry                               intentry     00004
__pmaintext                               maintext     00039
__pnvBANK1                                nvBANK1      000EE
__pnvBANK2                                nvBANK2      00149
__pstringtext1                            stringtext1  01800
__pstringtext2                            stringtext2  01820
__pstringtext3                            stringtext3  01837
__pstringtext4                            stringtext4  00000
__ptext1                                  text1        015D6
__ptext10                                 text10       01289
__ptext11                                 text11       012A4
__ptext12                                 text12       00802
__ptext13                                 text13       012AC
__ptext14                                 text14       012B5
__ptext15                                 text15       01352
__ptext16                                 text16       012CC
__ptext17                                 text17       008BA
__ptext18                                 text18       00BF6
__ptext19                                 text19       01625
__ptext2                                  text2        01505
__ptext20                                 text20       016CE
__ptext22                                 text22       012D9
__ptext23                                 text23       01308
__ptext24                                 text24       012BF
__ptext25                                 text25       007FF
__ptext26                                 text26       00587
__ptext27                                 text27       01728
__ptext28                                 text28       013B7
__ptext29                                 text29       006DA
__ptext3                                  text3        00B30
__ptext30                                 text30       00847
__ptext31                                 text31       0145A
__ptext32                                 text32       014D4
__ptext33                                 text33       00249
__ptext34                                 text34       0041B
__ptext35                                 text35       01678
__ptext36                                 text36       0139D
__ptext37                                 text37       01480
__ptext38                                 text38       01383
__ptext39                                 text39       00CCD
__ptext4                                  text4        012E7
__ptext40                                 text40       00DB7
__ptext41                                 text41       0178F
__ptext42                                 text42       01587
__ptext43                                 text43       00003
__ptext44                                 text44       009CB
__ptext45                                 text45       013F4
__ptext46                                 text46       007E7
__ptext47                                 text47       013D5
__ptext48                                 text48       0133E
__ptext49                                 text49       0129C
__ptext5                                  text5        014A9
__ptext50                                 text50       01295
__ptext51                                 text51       00A7A
__ptext52                                 text52       012F7
__ptext53                                 text53       00EB8
__ptext54                                 text54       0153C
__ptext55                                 text55       01369
__ptext56                                 text56       01319
__ptext6                                  text6        0093D
__ptext7                                  text7        01436
__ptext8                                  text8        0132B
__ptext9                                  text9        01415
__size_of_ADCC_GetSingleConversion        (abs)        00000
__size_of_ADCC_Initialize                 (abs)        00000
__size_of_DATAEE_ReadByte                 (abs)        00000
__size_of_DATAEE_WriteByte                (abs)        00000
__size_of_I2C1_Initialize                 (abs)        00000
__size_of_INTERRUPT_InterruptManager      (abs)        00000
__size_of_LCDbusy                         (abs)        00000
__size_of_LCDchar                         (abs)        00000
__size_of_LCDcmd                          (abs)        00000
__size_of_LCDinit                         (abs)        00000
__size_of_LCDrecv                         (abs)        00000
__size_of_LCDsend                         (abs)        00000
__size_of_LCDsend2x4                      (abs)        00000
__size_of_LCDstr                          (abs)        00000
__size_of_OSCILLATOR_Initialize           (abs)        00000
__size_of_OpenI2C                         (abs)        00000
__size_of_PIN_MANAGER_Initialize          (abs)        00000
__size_of_PMD_Initialize                  (abs)        00000
__size_of_ReadI2C                         (abs)        00000
__size_of_SYSTEM_Initialize               (abs)        00000
__size_of_TMR1_CallBack                   (abs)        00000
__size_of_TMR1_DefaultInterruptHandler    (abs)        00000
__size_of_TMR1_ISR                        (abs)        00000
__size_of_TMR1_Initialize                 (abs)        00000
__size_of_TMR1_SetInterruptHandler        (abs)        00000
__size_of_TMR1_WriteTimer                 (abs)        00000
__size_of_WriteI2C                        (abs)        00000
__size_of___aodiv                         (abs)        00000
__size_of___aomod                         (abs)        00000
__size_of___wmul                          (abs)        00000
__size_of_abs                             (abs)        00000
__size_of_atoi                            (abs)        00000
__size_of_ctoa                            (abs)        00000
__size_of_dtoa                            (abs)        00000
__size_of_fputc                           (abs)        00000
__size_of_fputs                           (abs)        00000
__size_of_initializeEPROM                 (abs)        00000
__size_of_initializeREG                   (abs)        00000
__size_of_isdigit                         (abs)        00000
__size_of_isspace                         (abs)        00000
__size_of_main                            (abs)        00000
__size_of_operADDR                        (abs)        00000
__size_of_pad                             (abs)        00000
__size_of_parseEPROMInitialization        (abs)        00000
__size_of_printLCD                        (abs)        00000
__size_of_putch                           (abs)        00000
__size_of_readTC74                        (abs)        00000
__size_of_sprintf                         (abs)        00000
__size_of_storeEPROMBuild                 (abs)        00000
__size_of_strlen                          (abs)        00000
__size_of_timerInterrupt                  (abs)        00000
__size_of_vfpfcnvrt                       (abs)        00000
__size_of_vfprintf                        (abs)        00000
__size_of_writeRingBuffer                 (abs)        00000
__size_ofi1_DATAEE_WriteByte              (abs)        00000
__size_ofi1_LCDsend2x4                    (abs)        00000
__size_ofi1_WriteI2C                      (abs)        00000
_abs                                      text38       01383
_alarm1                                   bssBANK2     00159
_alarm2                                   bssBANK2     00158
_alarmc                                   nvBANK2      0014F
_atoi                                     text44       009CB
_atoi$2975                                cstackBANK0  00022
_atoi$2976                                cstackBANK0  00026
_atoi$2977                                cstackBANK0  00024
_character                                nvBANK2      00150
_counter                                  nvBANK2      00153
_ctoa                                     text41       0178F
_data_address                             nvBANK2      00149
_dbuf                                     bssBANK3     001BD
_dtoa                                     text34       0041B
_dtoa$2939                                cstackBANK0  0003B
_flags                                    bssBANK0     0006E
_fputc                                    text42       01587
_fputs                                    text37       01480
_hours                                    bssBANK1     000ED
_i2c1_fsmStateTable                       stringtext1  01800
_initializeEPROM                          text6        0093D
_initializeREG                            text5        014A9
_isdigit                                  text46       007E7
_isspace                                  text45       013F4
_isspace$2993                             cstackCOMMON 00074
_l_threshold                              bssBANK2     0015A
_last_luminosity                          nvBANK1      000EF
_last_temperature                         nvBANK1      000EE
_main                                     maintext     00039
_max_luminosity                           nvBANK2      00154
_max_temperature                          nvBANK2      00152
_min_luminosity                           bssBANK1     000EA
_min_temperature                          bssBANK1     000E9
_minimode                                 bssBANK2     00157
_minutes                                  bssBANK1     000EC
_mode                                     bssBANK1     000E8
_modification                             nvBANK2      00151
_nout                                     bssBANK2     00155
_operADDR                                 text2        01505
_pad                                      text35       01678
_parseEPROMInitialization                 text3        00B30
_prec                                     bssBANK1     000E4
_printLCD                                 text30       00847
_putch                                    text43       00003
_rd1RegCompleteHandler                    (abs)        00000
_rd2RegCompleteHandler                    (abs)        00000
_rdBlkRegCompleteHandler                  (abs)        00000
_readTC74                                 text29       006DA
_seconds                                  bssBANK1     000EB
_sprintf                                  text31       0145A
_storeEPROMBuild                          text1        015D6
_strlen                                   text36       0139D
_t_threshold                              bssBANK2     0015B
_timer1ReloadVal                          nvBANK2      0014D
_timerInterrupt                           text26       00587
_variable1                                bssBANK1     000E7
_variable2                                bssBANK1     000E6
_vfpfcnvrt                                text33       00249
_vfpfcnvrt$2954                           cstackBANK0  00060
_vfprintf                                 text32       014D4
_width                                    bssBANK1     000E2
_wr1RegCompleteHandler                    (abs)        00000
_wr2RegCompleteHandler                    (abs)        00000
_writeRingBuffer                          text27       01728
abs@a                                     cstackCOMMON 00073
atoi@n                                    cstackBANK0  00027
atoi@neg                                  cstackBANK0  00020
atoi@s                                    cstackCOMMON 00076
btemp                                     (abs)        0007E
clear_ram0                                clrtext      0128F
ctoa@c                                    cstackCOMMON 00078
ctoa@fp                                   cstackBANK0  00024
ctoa@l                                    cstackBANK0  00020
ctoa@w                                    cstackBANK0  00022
dtoa@d                                    cstackBANK0  00030
dtoa@fp                                   cstackBANK0  0003D
dtoa@i                                    cstackBANK0  0004C
dtoa@n                                    cstackBANK0  00044
dtoa@p                                    cstackBANK0  0003E
dtoa@s                                    cstackBANK0  00042
dtoa@w                                    cstackBANK0  00040
end_of_initialization                     cinit        00035
fputc@c                                   cstackCOMMON 00070
fputc@fp                                  cstackCOMMON 00072
fputs@c                                   cstackBANK0  00020
fputs@fp                                  cstackCOMMON 00078
fputs@i                                   cstackBANK0  00021
fputs@s                                   cstackBANK0  00023
i1DATAEE_WriteByte@GIEBitValue            cstackCOMMON 00073
i1DATAEE_WriteByte@bAdd                   cstackCOMMON 00070
i1DATAEE_WriteByte@bData                  cstackCOMMON 00072
i1LCDsend2x4@c                            cstackCOMMON 00075
i1LCDsend2x4@hc                           cstackCOMMON 00076
i1LCDsend2x4@lc                           cstackCOMMON 00077
i1LCDsend2x4@mode                         cstackCOMMON 00072
i1WriteI2C@data_out                       cstackCOMMON 00071
i1_DATAEE_WriteByte                       text28       013B7
i1_LCDsend2x4                             text51       00A7A
i1_WriteI2C                               text54       0153C
int$flags                                 (abs)        0007E
intlevel0                                 functab      00000
intlevel1                                 functab      00000
intlevel2                                 functab      00000
intlevel3                                 functab      00000
intlevel4                                 functab      00000
intlevel5                                 functab      00000
isdigit@c                                 cstackCOMMON 00070
isspace@c                                 cstackCOMMON 00070
main@ALAF                                 cstackBANK2  00145
main@ALAL                                 cstackBANK2  00144
main@ALAT                                 cstackBANK2  00143
main@CLKH                                 cstackBANK2  00146
main@CLKM                                 cstackBANK2  00147
main@NR                                   cstackBANK2  0013E
main@NREG                                 cstackBANK2  0013D
main@PMON                                 cstackBANK2  00141
main@RI                                   cstackBANK2  00140
main@TALA                                 cstackBANK2  00142
main@WI                                   cstackBANK2  0013F
main@checksum                             cstackBANK2  00148
main@magic_word                           cstackBANK2  0013C
operADDR@dataAddr                         cstackBANK2  00125
operADDR@operation                        cstackBANK2  00124
pad@buf                                   cstackBANK0  00024
pad@fp                                    cstackBANK0  0002B
pad@i                                     cstackBANK0  00027
pad@p                                     cstackBANK0  00025
pad@w                                     cstackBANK0  00029
parseEPROMInitialization@ALAF             cstackBANK2  0012A
parseEPROMInitialization@ALAL             cstackBANK2  00129
parseEPROMInitialization@ALAT             cstackBANK2  00128
parseEPROMInitialization@CLKH             cstackBANK2  0012B
parseEPROMInitialization@CLKM             cstackBANK2  0012C
parseEPROMInitialization@NR               cstackBANK2  00123
parseEPROMInitialization@NREG             cstackBANK2  00122
parseEPROMInitialization@PMON             cstackBANK2  00126
parseEPROMInitialization@RI               cstackBANK2  00125
parseEPROMInitialization@TALA             cstackBANK2  00127
parseEPROMInitialization@WI               cstackBANK2  00124
parseEPROMInitialization@checksum         cstackBANK2  0012D
parseEPROMInitialization@magic_word       cstackBANK2  0012F
printLCD@buf                              cstackBANK1  000BD
readTC74@value                            cstackCOMMON 00073
reset_vec                                 reset_vec    00000
sprintf@ap                                cstackBANK1  000AD
sprintf@f                                 cstackBANK1  000AE
sprintf@fmt                               cstackBANK1  000A0
sprintf@s                                 cstackBANK1  000AC
start                                     init         00018
start_initialization                      cinit        0001A
storeEPROMBuild@dataAddr                  cstackBANK2  0012E
storeEPROMBuild@hours                     cstackBANK2  0012D
storeEPROMBuild@luminosity                cstackBANK2  0012A
storeEPROMBuild@minutes                   cstackBANK2  00127
storeEPROMBuild@operation                 cstackBANK2  0012B
storeEPROMBuild@seconds                   cstackBANK2  00128
storeEPROMBuild@temperature               cstackBANK2  00129
strlen@a                                  cstackCOMMON 00073
strlen@s                                  cstackCOMMON 00074
timerInterrupt@lum                        cstackBANK1  000E0
timerInterrupt@temperature                cstackBANK1  000DE
timerInterrupt@value                      cstackBANK1  000DF
vfpfcnvrt@ap                              cstackBANK0  0004F
vfpfcnvrt@c                               cstackBANK0  00062
vfpfcnvrt@done                            cstackBANK0  0005E
vfpfcnvrt@fmt                             cstackBANK0  0004E
vfpfcnvrt@fp                              cstackBANK0  00063
vfpfcnvrt@ll                              cstackBANK0  00056
vfprintf@ap                               cstackBANK0  00066
vfprintf@cfmt                             cstackBANK0  0006A
vfprintf@fmt                              cstackBANK0  00064
vfprintf@fp                               cstackBANK0  00069
writeRingBuffer@luminosity                cstackCOMMON 00074
writeRingBuffer@temperature               cstackCOMMON 00076
wtemp0                                    (abs)        0007E


MODULE INFORMATION

Module		Function		Class		Link	Load	Size
D:\Program Files\Microchip\xc8\v2.32\pic\sources\c99\common\isdigit.c
		_isdigit       		CODE           	07E7	0000	24

D:\Program Files\Microchip\xc8\v2.32\pic\sources\c99\common\isdigit.c estimated size: 24

D:\Program Files\Microchip\xc8\v2.32\pic\sources\c99\common\doprnt.c
		_vfpfcnvrt     		CODE           	0249	0000	466
		_pad           		CODE           	1678	0000	86
		_ctoa          		CODE           	178F	0000	113
		_dtoa          		CODE           	041B	0000	364
		_vfprintf      		CODE           	14D4	0000	49

D:\Program Files\Microchip\xc8\v2.32\pic\sources\c99\common\doprnt.c estimated size: 1078

D:\Program Files\Microchip\xc8\v2.32\pic\sources\c99\common\abs.c
		_abs           		CODE           	1383	0000	26

D:\Program Files\Microchip\xc8\v2.32\pic\sources\c99\common\abs.c estimated size: 26

D:\Program Files\Microchip\xc8\v2.32\pic\sources\c99\common\nf_fputs.c
		_fputs         		CODE           	1480	0000	41

D:\Program Files\Microchip\xc8\v2.32\pic\sources\c99\common\nf_fputs.c estimated size: 41

D:\Program Files\Microchip\xc8\v2.32\pic\sources\c99\common\aodiv.c
		___aodiv       		CODE           	0DB7	0000	257

D:\Program Files\Microchip\xc8\v2.32\pic\sources\c99\common\aodiv.c estimated size: 257

D:\Program Files\Microchip\xc8\v2.32\pic\sources\c99\common\atoi.c
		_atoi          		CODE           	09CB	0000	175

D:\Program Files\Microchip\xc8\v2.32\pic\sources\c99\common\atoi.c estimated size: 175

D:\Program Files\Microchip\xc8\v2.32\pic\sources\c99\common\Umul16.c
		___wmul        		CODE           	13D5	0000	31

D:\Program Files\Microchip\xc8\v2.32\pic\sources\c99\common\Umul16.c estimated size: 31

mcc_generated_files/i2c1_master.c
		_I2C1_Initialize		CODE           	12B5	0000	10

mcc_generated_files/i2c1_master.c estimated size: 10

mcc_generated_files/interrupt_manager.c
		_INTERRUPT_InterruptManager		CODE           	0004	0000	20

mcc_generated_files/interrupt_manager.c estimated size: 20

mcc_generated_files/pin_manager.c
		_PIN_MANAGER_Initialize		CODE           	0802	0000	69

mcc_generated_files/pin_manager.c estimated size: 69

I2C/i2c.c
		_ReadI2C       		CODE           	1369	0000	26
		_WriteI2C      		CODE           	16CE	0000	90
		_OpenI2C       		CODE           	12CC	0000	13

I2C/i2c.c estimated size: 129

LCD/lcd.c
		_LCDinit       		CODE           	08BA	0000	131
		_LCDsend       		CODE           	1625	0000	83
		_LCDsend2x4    		CODE           	0BF6	0000	215
		_LCDstr        		CODE           	133E	0000	20
		_LCDchar       		CODE           	129C	0000	8
		_LCDbusy       		CODE           	12F7	0000	17
		_LCDrecv       		CODE           	0EB8	0000	328
		_LCDcmd        		CODE           	1295	0000	7

LCD/lcd.c estimated size: 809

D:\Program Files\Microchip\xc8\v2.32\pic\sources\c99\common\nf_sprintf.c
		_sprintf       		CODE           	145A	0000	38

D:\Program Files\Microchip\xc8\v2.32\pic\sources\c99\common\nf_sprintf.c estimated size: 38

EPROMlib.c
		_storeEPROMBuild		CODE           	15D6	0000	79
		_operADDR      		CODE           	1505	0000	55
		_initializeEPROM		CODE           	093D	0000	142
		_parseEPROMInitialization		CODE           	0B30	0000	198

EPROMlib.c estimated size: 474

D:\Program Files\Microchip\xc8\v2.32\pic\sources\c99\common\nf_fputc.c
		_fputc         		CODE           	1587	0000	79

D:\Program Files\Microchip\xc8\v2.32\pic\sources\c99\common\nf_fputc.c estimated size: 79

D:\Program Files\Microchip\xc8\v2.32\pic\sources\c99\common\strlen.c
		_strlen        		CODE           	139D	0000	26

D:\Program Files\Microchip\xc8\v2.32\pic\sources\c99\common\strlen.c estimated size: 26

shared
		i1_DATAEE_WriteByte		CODE           	13B7	0000	30
		__initialization		CODE           	001A	0000	27
		i1_LCDsend2x4  		CODE           	0A7A	0000	182
		_i2c1_fsmStateTable		STRCODE        	1800	0000	32
		i1_WriteI2C    		CODE           	153C	0000	75

shared estimated size: 346

D:\Program Files\Microchip\xc8\v2.32\pic\sources\c99\common\putch.c
		_putch         		CODE           	0003	0000	1

D:\Program Files\Microchip\xc8\v2.32\pic\sources\c99\common\putch.c estimated size: 1

mcc_generated_files/mcc.c
		_PMD_Initialize		CODE           	12A4	0000	8
		_OSCILLATOR_Initialize		CODE           	12AC	0000	9
		_SYSTEM_Initialize		CODE           	132B	0000	19

mcc_generated_files/mcc.c estimated size: 36

D:\Program Files\Microchip\xc8\v2.32\pic\sources\c99\common\aomod.c
		___aomod       		CODE           	0CCD	0000	234

D:\Program Files\Microchip\xc8\v2.32\pic\sources\c99\common\aomod.c estimated size: 234

mcc_generated_files/tmr1.c
		_TMR1_Initialize		CODE           	1415	0000	33
		_TMR1_SetInterruptHandler		CODE           	1289	0000	6
		_TMR1_DefaultInterruptHandler		CODE           	07FF	0000	1
		_TMR1_CallBack 		CODE           	12BF	0000	13
		_TMR1_WriteTimer		CODE           	1308	0000	17
		_TMR1_ISR      		CODE           	12D9	0000	14

mcc_generated_files/tmr1.c estimated size: 84

D:\Program Files\Microchip\xc8\v2.32\pic\sources\c99\common\isspace.c
		_isspace       		CODE           	13F4	0000	33

D:\Program Files\Microchip\xc8\v2.32\pic\sources\c99\common\isspace.c estimated size: 33

mcc_generated_files/memory.c
		_DATAEE_WriteByte		CODE           	1436	0000	36
		_DATAEE_ReadByte		CODE           	12E7	0000	16

mcc_generated_files/memory.c estimated size: 52

mcc_generated_files/adcc.c
		_ADCC_GetSingleConversion		CODE           	1319	0000	18
		_ADCC_Initialize		CODE           	1352	0000	23

mcc_generated_files/adcc.c estimated size: 41

main.c
		_main          		CODE           	0039	0000	528
		_readTC74      		CODE           	06DA	0000	269
		_timerInterrupt		CODE           	0587	0000	339
		_writeRingBuffer		CODE           	1728	0000	103
		_initializeREG 		CODE           	14A9	0000	43
		_printLCD      		CODE           	0847	0000	115

main.c estimated size: 1397

